******************************************************************************
TMS320C24xx COFF Linker           Version 7.04                   
******************************************************************************
>> Linked Fri Jul 19 13:51:28 2013

OUTPUT FILE NAME:   <./Debug/laserdrvr.out>
ENTRY POINT SYMBOL: "_c_int0"  address: 00002be2


MEMORY CONFIGURATION

           name     origin    length      used    attributes    fill
         --------  --------  ---------  --------  ----------  --------
PAGE 0: VECS      00000000  000000040  00000040     RWIX      
         FLASH     00000044  000007fbc  000036b2     RWIX      

PAGE 1: B2        00000060  000000020  00000000     RWIX      
         B0        00000200  000000100  00000000     RWIX      
         B1        00000300  000000100  00000000     RWIX      
         SARAM     00000800  000000800  000004ff     RWIX      


SECTION ALLOCATION MAP

 output                                  attributes/
section   page    origin      length       input sections
--------  ----  ----------  ----------   ----------------
.text      0    00000044    0000324e     
                  00000044    00000cf6     actions.obj (.text)
                  00000d3a    00000000     CVECTORS.obj (.text)
                  00000d3a    0000006b     ISR.obj (.text)
                  00000da5    000007bc     RS232.obj (.text)
                  00001561    00000621     yucojca.obj (.text)
                  00001b82    00001060     YucoSupport.obj (.text)
                  00002be2    00000027     rts2xx.lib : boot.obj (.text)
                  00002c09    00000050                : exit.obj (.text)
                  00002c59    000000b4                : f_add.obj (.text)
                  00002d0d    00000055                : f_cmp.obj (.text)
                  00002d62    000000a4                : f_div.obj (.text)
                  00002e06    00000001                : f_error.obj (.text)
                  00002e07    00000041                : f_ftoi.obj (.text)
                  00002e48    00000053                : f_ftol.obj (.text)
                  00002e9b    00000044                : f_ftou.obj (.text)
                  00002edf    00000024                : f_itof.obj (.text)
                  00002f03    00000031                : f_ltof.obj (.text)
                  00002f34    0000007c                : f_mul.obj (.text)
                  00002fb0    0000000d                : f_sub.obj (.text)
                  00002fbd    00000019                : f_utof.obj (.text)
                  00002fd6    0000008d                : idiv.obj (.text)
                  00003063    000000ea                : ldiv.obj (.text)
                  0000314d    0000002e                : saverest.obj (.text)
                  0000317b    0000001a                : strcpy.obj (.text)
                  00003195    00000041                : strncmp.obj (.text)
                  000031d6    00000034                : strncpy.obj (.text)
                  0000320a    00000088                : udiv.obj (.text)

.cinit     0    00003292    00000464     
                  00003292    0000045d     yucojca.obj (.cinit)
                  000036ef    00000006     rts2xx.lib : exit.obj (.cinit)
                  000036f5    00000001     --HOLE-- [fill = 0000]

.switch    0    00000044    00000000     UNINITIALIZED

.const     1    00000300    00000000     UNINITIALIZED

//.const   0    00000044    00000000     UNINITIALIZED

my_sect    1    00000200    00000000     UNINITIALIZED

.bss       1    00000800    000004d7     UNINITIALIZED
                  00000800    0000049a     yucojca.obj (.bss)
                  00000c9a    00000000     rts2xx.lib : f_error.obj (.bss)
                  00000c9a    00000000                : f_div.obj (.bss)
                  00000c9a    00000000                : f_cmp.obj (.bss)
                  00000c9a    00000000                : f_ftou.obj (.bss)
                  00000c9a    00000000                : f_ftol.obj (.bss)
                  00000c9a    00000000                : f_ftoi.obj (.bss)
                  00000c9a    00000000     ISR.obj (.bss)
                  00000c9a    00000000     CVECTORS.obj (.bss)
                  00000c9a    00000000     actions.obj (.bss)
                  00000c9a    00000000     rts2xx.lib : f_add.obj (.bss)
                  00000c9a    00000000                : boot.obj (.bss)
                  00000c9a    00000000     YucoSupport.obj (.bss)
                  00000c9a    00000000     rts2xx.lib : saverest.obj (.bss)
                  00000c9a    00000000                : udiv.obj (.bss)
                  00000c9a    00000000                : ldiv.obj (.bss)
                  00000c9a    00000000                : strncmp.obj (.bss)
                  00000c9a    00000000                : strncpy.obj (.bss)
                  00000c9a    00000000                : strcpy.obj (.bss)
                  00000c9a    00000000                : f_mul.obj (.bss)
                  00000c9a    00000000                : f_ltof.obj (.bss)
                  00000c9a    00000000                : f_itof.obj (.bss)
                  00000c9a    00000000                : idiv.obj (.bss)
                  00000c9a    00000000                : f_utof.obj (.bss)
                  00000c9a    00000000                : f_sub.obj (.bss)
                  00000c9a    00000022                : exit.obj (.bss)
                  00000cbc    0000001b     RS232.obj (.bss)

.stack     1    00000cd7    00000028     UNINITIALIZED
                  00000cd7    00000000     rts2xx.lib : boot.obj (.stack)

.sysmem    1    00000300    00000000     UNINITIALIZED

vectors    0    00000000    00000040     
                  00000000    00000040     CVECTORS.obj (vectors)

.data      1    00000300    00000000     UNINITIALIZED
                  00000300    00000000     actions.obj (.data)
                  00000300    00000000     rts2xx.lib : udiv.obj (.data)
                  00000300    00000000                : strncpy.obj (.data)
                  00000300    00000000                : strncmp.obj (.data)
                  00000300    00000000                : strcpy.obj (.data)
                  00000300    00000000                : saverest.obj (.data)
                  00000300    00000000                : ldiv.obj (.data)
                  00000300    00000000                : idiv.obj (.data)
                  00000300    00000000                : f_utof.obj (.data)
                  00000300    00000000                : f_sub.obj (.data)
                  00000300    00000000                : f_mul.obj (.data)
                  00000300    00000000                : f_ltof.obj (.data)
                  00000300    00000000                : f_itof.obj (.data)
                  00000300    00000000                : f_ftou.obj (.data)
                  00000300    00000000                : f_ftol.obj (.data)
                  00000300    00000000                : f_ftoi.obj (.data)
                  00000300    00000000                : f_error.obj (.data)
                  00000300    00000000                : f_div.obj (.data)
                  00000300    00000000                : f_cmp.obj (.data)
                  00000300    00000000                : f_add.obj (.data)
                  00000300    00000000                : exit.obj (.data)
                  00000300    00000000                : boot.obj (.data)
                  00000300    00000000     YucoSupport.obj (.data)
                  00000300    00000000     yucojca.obj (.data)
                  00000300    00000000     RS232.obj (.data)
                  00000300    00000000     ISR.obj (.data)
                  00000300    00000000     CVECTORS.obj (.data)

table      0    00000044    00000000     UNINITIALIZED


GLOBAL SYMBOLS

address  name                             address  name
-------- ----                             -------- ----
00000800 .bss                             00000028 __STACK_SIZE
00000300 .data                            00000044 .text
00000044 .text                            00000044 _clearstring
00002c56 C$$EXIT                          00000069 _shutterOff
00002c59 F$$ADD                           00000082 _qswonAction
00002d0d F$$COMPARE                       000000a8 _alarmAction
00002d62 F$$DIV                           000000c2 _resetAction
00002d50 F$$EQ                            000000dc _pulseRateAction
00002e07 F$$FTOI                          00000117 _keyswOffAction
00002e48 F$$FTOL                          0000016a _qswextAction
00002e9b F$$FTOU                          000001d6 _shtonAction
00002d5c F$$GE                            00000213 _defaultAction
00002d5f F$$GT                            00000300 edata
00002edf F$$ITOF                          00000300 .data
00002d56 F$$LE                            00000660 _keyswFirstOnAction
00002f03 F$$LTOF                          0000076d _functionAction
00002d59 F$$LT                            00000800 .bss
00002f34 F$$MUL                           00000800 _LOOP
00002d53 F$$NE                            00000801 _TPFLAG
00002fb0 F$$SUB                           00000802 _BEEPER
00002f2b F$$ULTOF                         00000803 _OLD_KEYSW_ON
00002fbd F$$UTOF                          00000804 _WriteFlag
00002fd6 I$$DIV                           00000805 _ADTIMER
00003012 I$$MOD                           00000806 _REMLOC
00003165 I$$REST                          00000807 _FUNCTION
0000314d I$$SAVE                          00000808 _PLACE
0000320a I$$UDIV                          00000809 _RESET
00003230 I$$UMOD                          0000080a _clearWarning
00003063 L$$DIVS                          0000080b _RF_OFF
000030d5 L$$DIVU                          0000080c _QSWEXT
0000309e L$$MODS                          0000080d _QSWEN
000030f5 L$$MODU                          0000080e _EXTDCUR
00000847 _ADJUST                          0000080f _QSWON
00000805 _ADTIMER                         00000810 _SHTON
00000802 _BEEPER                          00000811 _UPDRAT
0000082a _BTIME                           00000812 _DIMAX
0000085c _D1_ACT                          00000813 _ENVSET
00000856 _D1_DIF                          00000814 _ZERO
00000898 _D1_ERROR                        00000815 _EXRFP
0000087c _D1_INT                          00000816 _EMPTY
00000825 _D1_OUT                          00000817 _OLD_ERROR_L
0000084b _D1_OUT_OLD                      00000818 _gate_pre
0000088c _D1_PROP                         00000819 _NEW_LINE
0000085e _D1_SET                          0000081a _EQUAL
0000081b _D1_SUM                          0000081b _D1_SUM
00000872 _DATA                            0000081c _fps_index
000008c0 _DCL                             0000081d _RES_LASER_TEMP
00000812 _DIMAX                           0000081e _QUESTION
000008a8 _DIO                             0000081f _EXTFREQ
00000821 _DIODECUR_ACT                    00000820 _XTL1ACT
00000852 _DIODECUR                        00000821 _DIODECUR_ACT
00000860 _DUMMY                           00000822 _FCTR
0000084c _Diode_SetPt                     00000823 _EXTD
0000084e _DspTmr                          00000824 _FanLaser_OUT
00000816 _EMPTY                           00000825 _D1_OUT
00000835 _ENIVR                           00000826 _RF_GATE_ON
0000083a _ENVACT                          00000827 _FPS_ON
00000845 _ENVIR                           00000828 _fps_index_count
0000088a _ENVIR_TEMP                      00000829 _Iindex
00000813 _ENVSET                          0000082a _BTIME
0000081a _EQUAL                           0000082b _wrf
000008f4 _ERROR                           0000082c _FPS_LEVEL_SET
00000815 _EXRFP                           0000082d _gate
00000823 _EXTD                            0000082e _XTL2ACT
000008b4 _EXT                             0000082f _XTL2SET
0000080e _EXTDCUR                         00000830 _T2
0000081f _EXTFREQ                         00000831 _MODE_SEL
00000822 _FCTR                            00000832 _T5
000008e0 _FPL                             00000833 _T6
00000841 _FPS_LEVEL                       00000834 _T3
0000082c _FPS_LEVEL_SET                   00000835 _ENIVR
00000848 _FPS_ON_SET                      00000836 _T4
00000827 _FPS_ON                          00000837 _smooth
000008bc _FPS                             00000838 _T1
00000843 _FREQ                            00000839 _Sctr
00000807 _FUNCTION                        0000083a _ENVACT
0000087a _FanLaser_DIF                    0000083b _MODE_DONE
0000089e _FanLaser_ERROR                  0000083c _Time
0000086a _FanLaser_INT                    0000083d _RES_ENVIR
0000088e _FanLaser_OLD_ERROR              0000083e _index
00000840 _FanLaser_OUT_OLD                0000083f _XTL1SET
00000824 _FanLaser_OUT                    00000840 _FanLaser_OUT_OLD
00000878 _FanLaser_PROP                   00000841 _FPS_LEVEL
000022a0 _GETTEMP                         00000842 _KEY
000008e8 _HOLD                            00000843 _FREQ
000008b0 _IDI                             00000844 _LASER_SET
00000894 _INTEST                          00000845 _ENVIR
00000874 _INTLIMIT                        00000846 _adTimerVar
00000829 _Iindex                          00000847 _ADJUST
00001b82 _Initialize                      00000848 _FPS_ON_SET
00000842 _KEY                             00000849 _chr
00000870 _Kd                              0000084a _TFLAG
00000862 _Ki                              0000084b _D1_OUT_OLD
00000888 _Kp                              0000084c _Diode_SetPt
00000886 _LASACT                          0000084e _DspTmr
00000844 _LASER_SET                       00000850 _PULSERATE
00000858 _LASER_TEMP                      00000852 _DIODECUR
00000880 _LASSET                          00000854 _PWMTime
00002994 _LCDRefresh                      00000856 _D1_DIF
0000294b _LCDSetup                        00000858 _LASER_TEMP
0000086e _LHT_DG                          0000085a _LHT_PG
000008a2 _LHT_D                           0000085c _D1_ACT
0000089c _LHT_I                           0000085e _D1_SET
00000884 _LHT_IG                          00000860 _DUMMY
00000890 _LHT_OLDI                        00000862 _Ki
0000085a _LHT_PG                          00000864 _OLD_FanLaser_INT
00000800 _LOOP                            00000866 _RDELTA
0000083b _MODE_DONE                       00000868 _OF2TEM
00000831 _MODE_SEL                        0000086a _FanLaser_INT
00000819 _NEW_LINE                        0000086c _RES_D1
0000089a _OF1TEM                          0000086e _LHT_DG
00000868 _OF2TEM                          00000870 _Kd
000008d8 _OKK                             00000872 _DATA
00000909 _OKOKOK                          00000874 _INTLIMIT
00000882 _OLD_ACT                         00000876 _OLD_ERROR
000008a0 _OLD_D1_INT                      00000878 _FanLaser_PROP
00000876 _OLD_ERROR                       0000087a _FanLaser_DIF
00000817 _OLD_ERROR_L                     0000087c _D1_INT
00000864 _OLD_FanLaser_INT                0000087e _wt
00000803 _OLD_KEYSW_ON                    00000880 _LASSET
00000808 _PLACE                           00000882 _OLD_ACT
000008d0 _PRF                             00000884 _LHT_IG
00000850 _PULSERATE                       00000886 _LASACT
000008e4 _PWM                             00000888 _Kp
00000854 _PWMTime                         0000088a _ENVIR_TEMP
000008dc _QSW                             0000088c _D1_PROP
0000080d _QSWEN                           0000088e _FanLaser_OLD_ERROR
0000080c _QSWEXT                          00000890 _LHT_OLDI
0000080f _QSWON                           00000892 _RDIF
0000081e _QUESTION                        00000894 _INTEST
00000866 _RDELTA                          00000896 _TEMP
00000892 _RDIF                            00000898 _D1_ERROR
00000806 _REMLOC                          0000089a _OF1TEM
00000809 _RESET                           0000089c _LHT_I
0000086c _RES_D1                          0000089e _FanLaser_ERROR
0000083d _RES_ENVIR                       000008a0 _OLD_D1_INT
0000081d _RES_LASER_TEMP                  000008a2 _LHT_D
00000826 _RF_GATE_ON                      000008a4 _TK1
0000080b _RF_OFF                          000008a8 _DIO
00000cbc _RS232_RX                        000008ac _SHT
000008cc _RST                             000008b0 _IDI
0000283a _ReadDallas2                     000008b4 _EXT
000027a0 _ReadData                        000008b8 _TLA
00000810 _SHTON                           000008bc _FPS
000008ac _SHT                             000008c0 _DCL
00000839 _Sctr                            000008c4 _TDI
00000838 _T1                              000008c8 _TK2
00000830 _T2                              000008cc _RST
00000834 _T3                              000008d0 _PRF
00000836 _T4                              000008d4 _TEV
00000832 _T5                              000008d8 _OKK
00000833 _T6                              000008dc _QSW
000008c4 _TDI                             000008e0 _FPL
00000c67 _TEMPTBL1                        000008e4 _PWM
00000896 _TEMP                            000008e8 _HOLD
000008d4 _TEV                             000008ee _msg_globe
0000084a _TFLAG                           000008f4 _ERROR
000008a4 _TK1                             000008fb _TURN_OFF
000008c8 _TK2                             00000902 _TURN_ON
000008b8 _TLA                             00000909 _OKOKOK
00000801 _TPFLAG                          00000910 _msg15
000008fb _TURN_OFF                        00000918 _msg14
00000902 _TURN_ON                         00000921 _fps
0000083c _Time                            0000092b _msg26
00000811 _UPDRAT                          0000093e _msg25
0000273b _WriteDallas2                    00000952 _msg24
0000287c _WriteData                       00000966 _msg16
0000267c _WriteDatax                      0000097a _msg19
00000804 _WriteFlag                       0000099a _msg22
00000820 _XTL1ACT                         000009bd _msg23
0000083f _XTL1SET                         000009e0 _msg20
0000082e _XTL2ACT                         00000a03 _msg8
0000082f _XTL2SET                         00000a27 _msg21
00000814 _ZERO                            00000a4b _msg12
00000028 __STACK_SIZE                     00000a6f _msg6
00000c9b __cleanup_ptr                    00000a93 _msg7
00002c56 _abort                           00000ab7 _msg17
00000846 _adTimerVar                      00000adc _msg18
000000a8 _alarmAction                     00000b01 _msg13
00002c37 _atexit                          00000b27 _msg11
00000cd6 _buffer_index                    00000b4d _msg10
00002be2 _c_int0                          00000b75 _msg4
00000849 _chr                             00000b9d _msg3
00000d0d _clearScreen                     00000bc5 _msg9
0000080a _clearWarning                    00000bed _msg5
00000044 _clearstring                     00000c15 _msg1
00000213 _defaultAction                   00000c3e _msg2
00000ca7 _diodeAction                     00000c67 _TEMPTBL1
00001dd6 _dspfun                          00000c9b __cleanup_ptr
00000e40 _echo2                           00000ca7 _diodeAction
00000e2c _echo                            00000cbc _RS232_RX
00000cc7 _echo_msg                        00000cc7 _echo_msg
00002c09 _exit                            00000ccd _setting_value
00002e06 _f$$error                        00000cd3 _parameter
00000828 _fps_index_count                 00000cd6 _buffer_index
00000921 _fps                             00000cd7 end
0000081c _fps_index                       00000d0d _clearScreen
0000076d _functionAction                  00000d3a _timer1_isr
00000818 _gate_pre                        00000d74 _xint1
0000082d _gate                            00000d88 _uarttr
0000083e _index                           00000da5 _sciPolling
00000660 _keyswFirstOnAction              00000e2c _echo
00000117 _keyswOffAction                  00000e40 _echo2
000014aa _longToString                    00000e84 _runQuery
00001561 _main                            000010e1 _runCommand
00001f9e _message                         0000148b _sciInit
00000b4d _msg10                           000014aa _longToString
00000b27 _msg11                           000014f8 _stringToLong
00000a4b _msg12                           00001561 _main
00000b01 _msg13                           00001b82 _Initialize
00000918 _msg14                           00001dd6 _dspfun
00000910 _msg15                           00001f87 _wait
00000966 _msg16                           00001f9e _message
00000c15 _msg1                            00001fe6 _num2ascii
00000ab7 _msg17                           0000221f _wrtstring
00000adc _msg18                           00002261 _wrtchrs
0000097a _msg19                           000022a0 _GETTEMP
000009e0 _msg20                           0000236c _tempctl
00000a27 _msg21                           0000267c _WriteDatax
0000099a _msg22                           0000273b _WriteDallas2
000009bd _msg23                           000027a0 _ReadData
00000952 _msg24                           0000283a _ReadDallas2
0000093e _msg25                           0000287c _WriteData
0000092b _msg26                           0000294b _LCDSetup
00000c3e _msg2                            00002994 _LCDRefresh
00000b9d _msg3                            00002be2 _c_int0
00000b75 _msg4                            00002c09 _exit
00000bed _msg5                            00002c37 _atexit
00000a6f _msg6                            00002c56 _abort
00000a93 _msg7                            00002c56 C$$EXIT
00000a03 _msg8                            00002c59 F$$ADD
00000bc5 _msg9                            00002d0d F$$COMPARE
000008ee _msg_globe                       00002d50 F$$EQ
00001fe6 _num2ascii                       00002d53 F$$NE
00000cd3 _parameter                       00002d56 F$$LE
000000dc _pulseRateAction                 00002d59 F$$LT
0000016a _qswextAction                    00002d5c F$$GE
00000082 _qswonAction                     00002d5f F$$GT
000000c2 _resetAction                     00002d62 F$$DIV
000010e1 _runCommand                      00002e06 _f$$error
00000e84 _runQuery                        00002e07 F$$FTOI
0000148b _sciInit                         00002e48 F$$FTOL
00000da5 _sciPolling                      00002e9b F$$FTOU
00000ccd _setting_value                   00002edf F$$ITOF
000001d6 _shtonAction                     00002f03 F$$LTOF
00000069 _shutterOff                      00002f2b F$$ULTOF
00000837 _smooth                          00002f34 F$$MUL
0000317b _strcpy                          00002fb0 F$$SUB
000014f8 _stringToLong                    00002fbd F$$UTOF
00003195 _strncmp                         00002fd6 I$$DIV
000031d6 _strncpy                         00003012 I$$MOD
0000236c _tempctl                         00003063 L$$DIVS
00000d3a _timer1_isr                      0000309e L$$MODS
00000d88 _uarttr                          000030d5 L$$DIVU
00001f87 _wait                            000030f5 L$$MODU
0000082b _wrf                             0000314d I$$SAVE
00002261 _wrtchrs                         00003165 I$$REST
0000221f _wrtstring                       0000317b _strcpy
0000087e _wt                              00003195 _strncmp
00000d74 _xint1                           000031d6 _strncpy
00003292 cinit                            0000320a I$$UDIV
00000300 edata                            00003230 I$$UMOD
00000cd7 end                              00003292 cinit
00003292 etext                            00003292 etext
ffffffff pinit                            ffffffff pinit

[265 symbols]
