******************************************************************************
TMS320C24xx COFF Linker           Version 7.04                   
******************************************************************************
>> Linked Mon Aug 19 16:55:22 2013

OUTPUT FILE NAME:   <./Debug/laserdrvr.out>
ENTRY POINT SYMBOL: "_c_int0"  address: 00003739


MEMORY CONFIGURATION

           name     origin    length      used    attributes    fill
         --------  --------  ---------  --------  ----------  --------
PAGE 0: VECS      00000000  000000040  00000040     RWIX      
         FLASH     00000044  000007fbc  000042b0     RWIX      

PAGE 1: B2        00000060  000000020  00000000     RWIX      
         B0        00000200  000000100  00000000     RWIX      
         B1        00000300  000000100  00000000     RWIX      
         SARAM     00000800  000000800  000005ca     RWIX      


SECTION ALLOCATION MAP

 output                                  attributes/
section   page    origin      length       input sections
--------  ----  ----------  ----------   ----------------
.text      0    00000044    00003da5     
                  00000044    000011bd     actions.obj (.text)
                  00001201    00000000     CVECTORS.obj (.text)
                  00001201    0000008c     AT25320.obj (.text)
                  0000128d    0000006b     ISR.obj (.text)
                  000012f8    0000079e     RS232.obj (.text)
                  00001a96    0000071b     yucojca.obj (.text)
                  000021b1    00001588     YucoSupport.obj (.text)
                  00003739    00000027     rts2xx.lib : boot.obj (.text)
                  00003760    00000050                : exit.obj (.text)
                  000037b0    000000b4                : f_add.obj (.text)
                  00003864    00000055                : f_cmp.obj (.text)
                  000038b9    000000a4                : f_div.obj (.text)
                  0000395d    00000001                : f_error.obj (.text)
                  0000395e    00000041                : f_ftoi.obj (.text)
                  0000399f    00000053                : f_ftol.obj (.text)
                  000039f2    00000044                : f_ftou.obj (.text)
                  00003a36    00000024                : f_itof.obj (.text)
                  00003a5a    00000031                : f_ltof.obj (.text)
                  00003a8b    0000007c                : f_mul.obj (.text)
                  00003b07    0000000d                : f_sub.obj (.text)
                  00003b14    00000019                : f_utof.obj (.text)
                  00003b2d    0000008d                : idiv.obj (.text)
                  00003bba    000000ea                : ldiv.obj (.text)
                  00003ca4    0000002e                : saverest.obj (.text)
                  00003cd2    0000001a                : strcpy.obj (.text)
                  00003cec    00000041                : strncmp.obj (.text)
                  00003d2d    00000034                : strncpy.obj (.text)
                  00003d61    00000088                : udiv.obj (.text)

.cinit     0    00003de9    0000050b     
                  00003de9    00000504     yucojca.obj (.cinit)
                  000042ed    00000006     rts2xx.lib : exit.obj (.cinit)
                  000042f3    00000001     --HOLE-- [fill = 0000]

.switch    0    00000044    00000000     UNINITIALIZED

.const     1    00000300    00000000     UNINITIALIZED

//.const   0    00000044    00000000     UNINITIALIZED

my_sect    1    00000200    00000000     UNINITIALIZED

.bss       1    00000800    000005a2     UNINITIALIZED
                  00000800    0000055f     yucojca.obj (.bss)
                  00000d5f    00000000     rts2xx.lib : f_div.obj (.bss)
                  00000d5f    00000000                : f_cmp.obj (.bss)
                  00000d5f    00000000                : f_add.obj (.bss)
                  00000d5f    00000000                : f_ftol.obj (.bss)
                  00000d5f    00000000                : f_ftoi.obj (.bss)
                  00000d5f    00000000                : f_error.obj (.bss)
                  00000d5f    00000000     CVECTORS.obj (.bss)
                  00000d5f    00000000     AT25320.obj (.bss)
                  00000d5f    00000000     actions.obj (.bss)
                  00000d5f    00000000     rts2xx.lib : boot.obj (.bss)
                  00000d5f    00000000     YucoSupport.obj (.bss)
                  00000d5f    00000000     ISR.obj (.bss)
                  00000d5f    00000000     rts2xx.lib : f_ftou.obj (.bss)
                  00000d5f    00000000                : strcpy.obj (.bss)
                  00000d5f    00000000                : saverest.obj (.bss)
                  00000d5f    00000000                : ldiv.obj (.bss)
                  00000d5f    00000000                : udiv.obj (.bss)
                  00000d5f    00000000                : strncpy.obj (.bss)
                  00000d5f    00000000                : strncmp.obj (.bss)
                  00000d5f    00000000                : f_ltof.obj (.bss)
                  00000d5f    00000000                : f_mul.obj (.bss)
                  00000d5f    00000000                : f_sub.obj (.bss)
                  00000d5f    00000000                : f_itof.obj (.bss)
                  00000d5f    00000000                : idiv.obj (.bss)
                  00000d5f    00000000                : f_utof.obj (.bss)
                  00000d5f    0000001b     RS232.obj (.bss)
                  00000d80    00000022     rts2xx.lib : exit.obj (.bss)

.stack     1    00000da2    00000028     UNINITIALIZED
                  00000da2    00000000     rts2xx.lib : boot.obj (.stack)

.sysmem    1    00000300    00000000     UNINITIALIZED

vectors    0    00000000    00000040     
                  00000000    00000040     CVECTORS.obj (vectors)

.data      1    00000300    00000000     UNINITIALIZED
                  00000300    00000000     actions.obj (.data)
                  00000300    00000000     rts2xx.lib : udiv.obj (.data)
                  00000300    00000000                : strncpy.obj (.data)
                  00000300    00000000                : strncmp.obj (.data)
                  00000300    00000000                : strcpy.obj (.data)
                  00000300    00000000                : saverest.obj (.data)
                  00000300    00000000                : ldiv.obj (.data)
                  00000300    00000000                : idiv.obj (.data)
                  00000300    00000000                : f_utof.obj (.data)
                  00000300    00000000                : f_sub.obj (.data)
                  00000300    00000000                : f_mul.obj (.data)
                  00000300    00000000                : f_ltof.obj (.data)
                  00000300    00000000                : f_itof.obj (.data)
                  00000300    00000000                : f_ftou.obj (.data)
                  00000300    00000000                : f_ftol.obj (.data)
                  00000300    00000000                : f_ftoi.obj (.data)
                  00000300    00000000                : f_error.obj (.data)
                  00000300    00000000                : f_div.obj (.data)
                  00000300    00000000                : f_cmp.obj (.data)
                  00000300    00000000                : f_add.obj (.data)
                  00000300    00000000                : exit.obj (.data)
                  00000300    00000000                : boot.obj (.data)
                  00000300    00000000     YucoSupport.obj (.data)
                  00000300    00000000     yucojca.obj (.data)
                  00000300    00000000     RS232.obj (.data)
                  00000300    00000000     ISR.obj (.data)
                  00000300    00000000     CVECTORS.obj (.data)
                  00000300    00000000     AT25320.obj (.data)

table      0    00000044    00000000     UNINITIALIZED


GLOBAL SYMBOLS

address  name                             address  name
-------- ----                             -------- ----
00000800 .bss                             00000028 __STACK_SIZE
00000300 .data                            00000044 .text
00000044 .text                            00000044 _clearstring
000037ad C$$EXIT                          00000076 _shutterOff
000037b0 F$$ADD                           0000008f _qswonAction
00003864 F$$COMPARE                       000000b5 _alarmAction
000038b9 F$$DIV                           000000cf _resetAction
000038a7 F$$EQ                            000000e9 _pulseRateAction
0000395e F$$FTOI                          0000012c _keyswOffAction
0000399f F$$FTOL                          00000186 _qswextAction
000039f2 F$$FTOU                          000001f2 _shtonAction
000038b3 F$$GE                            0000022f _defaultAction
000038b6 F$$GT                            00000300 edata
00003a36 F$$ITOF                          00000300 .data
000038ad F$$LE                            00000613 _keyswFirstOnAction
000038b0 F$$LT                            00000800 _LOOP
00003a5a F$$LTOF                          00000800 .bss
00003a8b F$$MUL                           00000801 _TPFLAG
000038aa F$$NE                            00000802 _BEEPER
00003b07 F$$SUB                           00000803 _functionAction
00003a82 F$$ULTOF                         00000803 _OLD_KEYSW_ON
00003b14 F$$UTOF                          00000804 _WriteFlag
00003b2d I$$DIV                           00000805 _InitingError
00003b69 I$$MOD                           00000806 _SecurityIniting
00003cbc I$$REST                          00000807 _ADTIMER
00003ca4 I$$SAVE                          00000808 _TimeC_Sec
00003d61 I$$UDIV                          00000809 _TimeC_Min
00003d87 I$$UMOD                          0000080a _TimeC_2Min
00003bba L$$DIVS                          0000080b _TimeC_8Min
00003c2c L$$DIVU                          0000080c _Sign_2Min
00003bf5 L$$MODS                          0000080d _Sign_8Min
00003c4c L$$MODU                          0000080e _REMLOC
00000848 _ADJUST                          0000080f _FUNCTION
00000807 _ADTIMER                         00000810 _QSWON
00001201 _AT25_GetStatusReg               00000811 _QSWEXT
00001223 _AT25_IsReady                    00000812 _RF_OFF
00001268 _AT25_SetStatusReg               00000813 _FirstStemp
0000082e _AT25_Status                     00000814 _PLACE
00000802 _BEEPER                          00000815 _RESET
00000834 _BTIME                           00000816 _clearWarning
00000882 _D1_ACT                          00000817 _DIODESELECT
00000873 _D1_DIF                          00000818 _QSWEN
000008c8 _D1_ERROR                        00000819 _EXTDCUR
000008a2 _D1_INT                          0000081a _EXTDCUR2
00000858 _D1_OUT_OLD                      0000081b _SHTON
00000829 _D1_OUT                          0000081c _UPDRAT
00000894 _D1_PROP                         0000081d _DIMAX
0000089c _D1_SET                          0000081e _D1_SUM
0000081e _D1_SUM                          0000081f _ZERO
0000088c _D2_ACT                          00000820 _fps_index
000008c2 _D2_SET                          00000821 _smooth
0000088e _DATA                            00000822 _EQUAL
00000902 _DCL                             00000823 _FCTR
0000081d _DIMAX                           00000824 _XTL1ACT
0000086f _DIODECUR                        00000825 _Laserpi
0000089e _DIODECUR2                       00000826 _EMPTY
00000906 _DIO                             00000827 _NEW_LINE
00000843 _DIODECUR_ACT                    00000828 _RF_GATE_ON
0000084b _DIODECUR_ACT2                   00000829 _D1_OUT
00000817 _DIODESELECT                     0000082a _EXTD
00000880 _DUMMY                           0000082b _gate
00000863 _Diode_SetPt                     0000082c _wrf
00000865 _Diode_SetPt2                    0000082d _QUESTION
00000867 _DspTmr                          0000082e _AT25_Status
00001251 _EEPROM_Write_Enable             0000082f _XTL2SET
00000826 _EMPTY                           00000830 _ENVSET
0000085a _ENIVR                           00000831 _Iindex
0000084e _ENVACT                          00000832 _gate_pre
000008b4 _ENVIR_TEMP                      00000833 _JumpInit
0000084a _ENVIR                           00000834 _BTIME
00000830 _ENVSET                          00000835 _T9
00000822 _EQUAL                           00000836 _FanLaser_OUT
0000092f _ERROR                           00000837 _XTL2ACT
00000844 _EXRFP                           00000838 _MODE_SEL
00000819 _EXTDCUR                         00000839 _T5
0000082a _EXTD                            0000083a _T6
000008e2 _EXT                             0000083b _RES_LASER_TEMP
0000081a _EXTDCUR2                        0000083c _Sctr
00000846 _EXTFREQ                         0000083d _T4
00000823 _FCTR                            0000083e _T1
0000090a _FPL                             0000083f _OLD_ERROR_L
000008fa _FPS                             00000840 _T2
00000845 _FPS_LEVEL_SET                   00000841 _FPS_ON
00000856 _FPS_ON_SET                      00000842 _fps_index_count
00000841 _FPS_ON                          00000843 _DIODECUR_ACT
0000084f _FPS_LEVEL                       00000844 _EXRFP
0000085c _FREQ                            00000845 _FPS_LEVEL_SET
0000080f _FUNCTION                        00000846 _EXTFREQ
00000877 _FanLaser_DIF                    00000847 _XTL1SET
000008bc _FanLaser_ERROR                  00000848 _ADJUST
00000886 _FanLaser_INT                    00000849 _index
000008b2 _FanLaser_OLD_ERROR              0000084a _ENVIR
0000084d _FanLaser_OUT_OLD                0000084b _DIODECUR_ACT2
00000836 _FanLaser_OUT                    0000084c _Time
00000898 _FanLaser_PROP                   0000084d _FanLaser_OUT_OLD
00002482 _First                           0000084e _ENVACT
00000813 _FirstStemp                      0000084f _FPS_LEVEL
00002ab3 _GETTEMP                         00000850 _SIGN_FUN8SET
0000090e _HOLD                            00000851 _LASER_SET
000008ce _IDI                             00000852 _KEY
0000086b _INITCUR2                        00000853 _adTimerVar
00000869 _INITCUR                         00000854 _MODE_DONE
000008b8 _INTEST                          00000855 _T11
00000896 _INTLIMIT                        00000856 _FPS_ON_SET
00000831 _Iindex                          00000857 _chr
000021b1 _Initialize                      00000858 _D1_OUT_OLD
00000805 _InitingError                    00000859 _RES_ENVIR
00000833 _JumpInit                        0000085a _ENIVR
00000852 _KEY                             0000085b _TFLAG
000008aa _Kd                              0000085c _FREQ
00000892 _Ki                              0000085d _T14
000008a8 _Kp                              0000085e _T15
000008a0 _LASACT                          0000085f _T10
000008c0 _LASERPOWER                      00000860 _T12
00000851 _LASER_SET                       00000861 _T13
00000888 _LASER_TEMP                      00000862 _securityenable
0000089a _LASSET                          00000863 _Diode_SetPt
000032ea _LCDRefresh                      00000865 _Diode_SetPt2
000032a1 _LCDSetup                        00000867 _DspTmr
0000088a _LHT_DG                          00000869 _INITCUR
000008ba _LHT_D                           0000086b _INITCUR2
000008c6 _LHT_I                           0000086d _PULSERATE
000008b6 _LHT_IG                          0000086f _DIODECUR
00000879 _LHT_OLDI                        00000871 _PWMTime
0000087b _LHT_PG                          00000873 _D1_DIF
00000800 _LOOP                            00000875 _Laserptemp2
00000825 _Laserpi                         00000877 _FanLaser_DIF
00000875 _Laserptemp2                     00000879 _LHT_OLDI
00000890 _Laserptemp                      0000087b _LHT_PG
00000854 _MODE_DONE                       0000087d _RDELTA
00000838 _MODE_SEL                        00000880 _DUMMY
00000827 _NEW_LINE                        00000882 _D1_ACT
000008d6 _OKK                             00000884 _OLD_FanLaser_INT
0000091a _OKOKOK                          00000886 _FanLaser_INT
000008a4 _OLD_ACT                         00000888 _LASER_TEMP
000008c4 _OLD_D1_INT                      0000088a _LHT_DG
0000083f _OLD_ERROR_L                     0000088c _D2_ACT
000008a6 _OLD_ERROR                       0000088e _DATA
00000884 _OLD_FanLaser_INT                00000890 _Laserptemp
00000803 _OLD_KEYSW_ON                    00000892 _Ki
00000814 _PLACE                           00000894 _D1_PROP
000008e6 _PRF                             00000896 _INTLIMIT
0000086d _PULSERATE                       00000898 _FanLaser_PROP
00000871 _PWMTime                         0000089a _LASSET
000008ea _PWM                             0000089c _D1_SET
00000810 _QSWON                           0000089e _DIODECUR2
000008da _QSW                             000008a0 _LASACT
00000818 _QSWEN                           000008a2 _D1_INT
00000811 _QSWEXT                          000008a4 _OLD_ACT
0000082d _QUESTION                        000008a6 _OLD_ERROR
0000087d _RDELTA                          000008a8 _Kp
000008be _RDIF                            000008aa _Kd
0000080e _REMLOC                          000008ac _RES_D1
00000815 _RESET                           000008ae _TEMP
000008ac _RES_D1                          000008b0 _wt
00000859 _RES_ENVIR                       000008b2 _FanLaser_OLD_ERROR
0000083b _RES_LASER_TEMP                  000008b4 _ENVIR_TEMP
00000828 _RF_GATE_ON                      000008b6 _LHT_IG
00000812 _RF_OFF                          000008b8 _INTEST
00000d5f _RS232_RX                        000008ba _LHT_D
000008ee _RST                             000008bc _FanLaser_ERROR
000030d1 _ReadDallas2                     000008be _RDIF
00002fe3 _ReadDatax                       000008c0 _LASERPOWER
00003118 _ReadData                        000008c2 _D2_SET
0000081b _SHTON                           000008c4 _OLD_D1_INT
000008de _SHT                             000008c6 _LHT_I
00000850 _SIGN_FUN8SET                    000008c8 _D1_ERROR
0000083c _Sctr                            000008ca _TEV
00000806 _SecurityIniting                 000008ce _IDI
0000080c _Sign_2Min                       000008d2 _TK2
0000080d _Sign_8Min                       000008d6 _OKK
0000083e _T1                              000008da _QSW
0000085f _T10                             000008de _SHT
00000855 _T11                             000008e2 _EXT
00000860 _T12                             000008e6 _PRF
00000861 _T13                             000008ea _PWM
0000085d _T14                             000008ee _RST
0000085e _T15                             000008f2 _TLA
00000840 _T2                              000008f6 _TK1
0000083d _T4                              000008fa _FPS
00000839 _T5                              000008fe _TDI
0000083a _T6                              00000902 _DCL
00000835 _T9                              00000906 _DIO
000008fe _TDI                             0000090a _FPL
000008ae _TEMP                            0000090e _HOLD
00000d2c _TEMPTBL1                        00000914 _msg_globe
000008ca _TEV                             0000091a _OKOKOK
0000085b _TFLAG                           00000921 _TURN_ON
000008f6 _TK1                             00000928 _TURN_OFF
000008d2 _TK2                             0000092f _ERROR
000008f2 _TLA                             00000936 _msg15
00000801 _TPFLAG                          0000093e _msg14
00000928 _TURN_OFF                        00000947 _fps
00000921 _TURN_ON                         00000951 _msg31
0000080a _TimeC_2Min                      00000964 _msg25
00000808 _TimeC_Sec                       00000977 _msg16
0000080b _TimeC_8Min                      0000098b _msg24
00000809 _TimeC_Min                       0000099f _msg20
0000084c _Time                            000009c2 _msg23
0000081c _UPDRAT                          000009e5 _msg21
00002f82 _WriteDallas2                    00000a09 _msg12
00002e99 _WriteDatax                      00000a2d _msg28
000031ac _WriteData                       00000a51 _msg7
00000804 _WriteFlag                       00000a75 _msg6
00000824 _XTL1ACT                         00000a99 _msg29
00000847 _XTL1SET                         00000abd _msg8
00000837 _XTL2ACT                         00000ae1 _msg18
0000082f _XTL2SET                         00000b06 _msg19
0000081f _ZERO                            00000b2b _msg17
00000028 __STACK_SIZE                     00000b50 _msg11
00000d81 __cleanup_ptr                    00000b75 _msg30
000037ad _abort                           00000b9b _msg13
00000853 _adTimerVar                      00000bc1 _msg27
000000b5 _alarmAction                     00000be9 _msg10
0000378e _atexit                          00000c11 _msg9
00000d79 _buffer_index                    00000c39 _msg5
00003739 _c_int0                          00000c61 _msg4
00000857 _chr                             00000c89 _msg3
000011d4 _clearScreen                     00000cb1 _msg1
00000816 _clearWarning                    00000cda _msg2
00000044 _clearstring                     00000d03 _msg26
0000022f _defaultAction                   00000d2c _TEMPTBL1
00001075 _diodeAction                     00000d5f _RS232_RX
00001114 _diodeAction_1                   00000d6a _echo_msg
000024ba _dspfun                          00000d70 _setting_value
0000137f _echo                            00000d76 _parameter
00001393 _echo2                           00000d79 _buffer_index
00000d6a _echo_msg                        00000d81 __cleanup_ptr
00003760 _exit                            00000da2 end
0000395d _f$$error                        00001075 _diodeAction
00000947 _fps                             00001114 _diodeAction_1
00000842 _fps_index_count                 000011d4 _clearScreen
00000820 _fps_index                       00001201 _AT25_GetStatusReg
00000803 _functionAction                  00001223 _AT25_IsReady
0000082b _gate                            00001251 _EEPROM_Write_Enable
00000832 _gate_pre                        00001268 _AT25_SetStatusReg
00000849 _index                           0000128d _timer1_isr
00000613 _keyswFirstOnAction              000012c7 _xint1
0000012c _keyswOffAction                  000012db _uarttr
000019df _longToString                    000012f8 _sciPolling
00001a96 _main                            0000137f _echo
00002721 _message                         00001393 _echo2
00000be9 _msg10                           000013d7 _runQuery
00000b50 _msg11                           00001634 _runCommand
00000a09 _msg12                           000019c0 _sciInit
00000b9b _msg13                           000019df _longToString
0000093e _msg14                           00001a2d _stringToLong
00000936 _msg15                           00001a96 _main
00000977 _msg16                           000021b1 _Initialize
00000b2b _msg17                           00002482 _First
00000ae1 _msg18                           000024ba _dspfun
00000b06 _msg19                           0000270a _wait
00000cb1 _msg1                            00002721 _message
00000cda _msg2                            00002769 _num2ascii
0000099f _msg20                           00002a32 _wrtstring
000009e5 _msg21                           00002a74 _wrtchrs
000009c2 _msg23                           00002ab3 _GETTEMP
0000098b _msg24                           00002b7f _tempctl
00000964 _msg25                           00002e99 _WriteDatax
00000d03 _msg26                           00002f82 _WriteDallas2
00000bc1 _msg27                           00002fe3 _ReadDatax
00000a2d _msg28                           000030d1 _ReadDallas2
00000a99 _msg29                           00003118 _ReadData
00000b75 _msg30                           000031ac _WriteData
00000c89 _msg3                            000032a1 _LCDSetup
00000951 _msg31                           000032ea _LCDRefresh
00000c61 _msg4                            00003739 _c_int0
00000c39 _msg5                            00003760 _exit
00000a75 _msg6                            0000378e _atexit
00000a51 _msg7                            000037ad _abort
00000abd _msg8                            000037ad C$$EXIT
00000c11 _msg9                            000037b0 F$$ADD
00000914 _msg_globe                       00003864 F$$COMPARE
00002769 _num2ascii                       000038a7 F$$EQ
00000d76 _parameter                       000038aa F$$NE
000000e9 _pulseRateAction                 000038ad F$$LE
00000186 _qswextAction                    000038b0 F$$LT
0000008f _qswonAction                     000038b3 F$$GE
000000cf _resetAction                     000038b6 F$$GT
00001634 _runCommand                      000038b9 F$$DIV
000013d7 _runQuery                        0000395d _f$$error
000019c0 _sciInit                         0000395e F$$FTOI
000012f8 _sciPolling                      0000399f F$$FTOL
00000862 _securityenable                  000039f2 F$$FTOU
00000d70 _setting_value                   00003a36 F$$ITOF
000001f2 _shtonAction                     00003a5a F$$LTOF
00000076 _shutterOff                      00003a82 F$$ULTOF
00000821 _smooth                          00003a8b F$$MUL
00003cd2 _strcpy                          00003b07 F$$SUB
00001a2d _stringToLong                    00003b14 F$$UTOF
00003cec _strncmp                         00003b2d I$$DIV
00003d2d _strncpy                         00003b69 I$$MOD
00002b7f _tempctl                         00003bba L$$DIVS
0000128d _timer1_isr                      00003bf5 L$$MODS
000012db _uarttr                          00003c2c L$$DIVU
0000270a _wait                            00003c4c L$$MODU
0000082c _wrf                             00003ca4 I$$SAVE
00002a74 _wrtchrs                         00003cbc I$$REST
00002a32 _wrtstring                       00003cd2 _strcpy
000008b0 _wt                              00003cec _strncmp
000012c7 _xint1                           00003d2d _strncpy
00003de9 cinit                            00003d61 I$$UDIV
00000300 edata                            00003d87 I$$UMOD
00000da2 end                              00003de9 etext
00003de9 etext                            00003de9 cinit
ffffffff pinit                            ffffffff pinit

[306 symbols]
