******************************************************************************
TMS320C24xx COFF Linker           Version 7.04                   
******************************************************************************
>> Linked Thu Jul 11 13:17:36 2013

OUTPUT FILE NAME:   <./Debug/laserdrvr.out>
ENTRY POINT SYMBOL: "_c_int0"  address: 00002e1f


MEMORY CONFIGURATION

           name     origin    length      used    attributes    fill
         --------  --------  ---------  --------  ----------  --------
PAGE 0: VECS      00000000  000000040  00000040     RWIX      
         FLASH     00000044  000007fbc  00003900     RWIX      

PAGE 1: B2        00000060  000000020  00000000     RWIX      
         B0        00000200  000000100  00000000     RWIX      
         B1        00000300  000000100  00000000     RWIX      
         SARAM     00000800  000000800  0000051a     RWIX      


SECTION ALLOCATION MAP

 output                                  attributes/
section   page    origin      length       input sections
--------  ----  ----------  ----------   ----------------
.text      0    00000044    0000348b     
                  00000044    00000e41     actions.obj (.text)
                  00000e85    00000000     CVECTORS.obj (.text)
                  00000e85    0000006b     ISR.obj (.text)
                  00000ef0    000007bc     RS232.obj (.text)
                  000016ac    000006cd     yucojca.obj (.text)
                  00001d79    000010a6     YucoSupport.obj (.text)
                  00002e1f    00000027     rts2xx.lib : boot.obj (.text)
                  00002e46    00000050                : exit.obj (.text)
                  00002e96    000000b4                : f_add.obj (.text)
                  00002f4a    00000055                : f_cmp.obj (.text)
                  00002f9f    000000a4                : f_div.obj (.text)
                  00003043    00000001                : f_error.obj (.text)
                  00003044    00000041                : f_ftoi.obj (.text)
                  00003085    00000053                : f_ftol.obj (.text)
                  000030d8    00000044                : f_ftou.obj (.text)
                  0000311c    00000024                : f_itof.obj (.text)
                  00003140    00000031                : f_ltof.obj (.text)
                  00003171    0000007c                : f_mul.obj (.text)
                  000031ed    0000000d                : f_sub.obj (.text)
                  000031fa    00000019                : f_utof.obj (.text)
                  00003213    0000008d                : idiv.obj (.text)
                  000032a0    000000ea                : ldiv.obj (.text)
                  0000338a    0000002e                : saverest.obj (.text)
                  000033b8    0000001a                : strcpy.obj (.text)
                  000033d2    00000041                : strncmp.obj (.text)
                  00003413    00000034                : strncpy.obj (.text)
                  00003447    00000088                : udiv.obj (.text)

.cinit     0    000034cf    00000475     
                  000034cf    0000046e     yucojca.obj (.cinit)
                  0000393d    00000006     rts2xx.lib : exit.obj (.cinit)
                  00003943    00000001     --HOLE-- [fill = 0000]

.switch    0    00000044    00000000     UNINITIALIZED

.const     1    00000300    00000000     UNINITIALIZED

//.const   0    00000044    00000000     UNINITIALIZED

my_sect    1    00000200    00000000     UNINITIALIZED

.bss       1    00000800    000004f2     UNINITIALIZED
                  00000800    000004b5     yucojca.obj (.bss)
                  00000cb5    00000000     rts2xx.lib : f_error.obj (.bss)
                  00000cb5    00000000                : f_div.obj (.bss)
                  00000cb5    00000000                : f_cmp.obj (.bss)
                  00000cb5    00000000                : f_ftou.obj (.bss)
                  00000cb5    00000000                : f_ftol.obj (.bss)
                  00000cb5    00000000                : f_ftoi.obj (.bss)
                  00000cb5    00000000     ISR.obj (.bss)
                  00000cb5    00000000     CVECTORS.obj (.bss)
                  00000cb5    00000000     actions.obj (.bss)
                  00000cb5    00000000     rts2xx.lib : f_add.obj (.bss)
                  00000cb5    00000000                : boot.obj (.bss)
                  00000cb5    00000000     YucoSupport.obj (.bss)
                  00000cb5    00000000     rts2xx.lib : saverest.obj (.bss)
                  00000cb5    00000000                : udiv.obj (.bss)
                  00000cb5    00000000                : ldiv.obj (.bss)
                  00000cb5    00000000                : strncmp.obj (.bss)
                  00000cb5    00000000                : strncpy.obj (.bss)
                  00000cb5    00000000                : strcpy.obj (.bss)
                  00000cb5    00000000                : f_mul.obj (.bss)
                  00000cb5    00000000                : f_ltof.obj (.bss)
                  00000cb5    00000000                : f_itof.obj (.bss)
                  00000cb5    00000000                : idiv.obj (.bss)
                  00000cb5    00000000                : f_utof.obj (.bss)
                  00000cb5    00000000                : f_sub.obj (.bss)
                  00000cb5    00000022                : exit.obj (.bss)
                  00000cd7    0000001b     RS232.obj (.bss)

.stack     1    00000cf2    00000028     UNINITIALIZED
                  00000cf2    00000000     rts2xx.lib : boot.obj (.stack)

.sysmem    1    00000300    00000000     UNINITIALIZED

vectors    0    00000000    00000040     
                  00000000    00000040     CVECTORS.obj (vectors)

.data      1    00000300    00000000     UNINITIALIZED
                  00000300    00000000     actions.obj (.data)
                  00000300    00000000     rts2xx.lib : udiv.obj (.data)
                  00000300    00000000                : strncpy.obj (.data)
                  00000300    00000000                : strncmp.obj (.data)
                  00000300    00000000                : strcpy.obj (.data)
                  00000300    00000000                : saverest.obj (.data)
                  00000300    00000000                : ldiv.obj (.data)
                  00000300    00000000                : idiv.obj (.data)
                  00000300    00000000                : f_utof.obj (.data)
                  00000300    00000000                : f_sub.obj (.data)
                  00000300    00000000                : f_mul.obj (.data)
                  00000300    00000000                : f_ltof.obj (.data)
                  00000300    00000000                : f_itof.obj (.data)
                  00000300    00000000                : f_ftou.obj (.data)
                  00000300    00000000                : f_ftol.obj (.data)
                  00000300    00000000                : f_ftoi.obj (.data)
                  00000300    00000000                : f_error.obj (.data)
                  00000300    00000000                : f_div.obj (.data)
                  00000300    00000000                : f_cmp.obj (.data)
                  00000300    00000000                : f_add.obj (.data)
                  00000300    00000000                : exit.obj (.data)
                  00000300    00000000                : boot.obj (.data)
                  00000300    00000000     YucoSupport.obj (.data)
                  00000300    00000000     yucojca.obj (.data)
                  00000300    00000000     RS232.obj (.data)
                  00000300    00000000     ISR.obj (.data)
                  00000300    00000000     CVECTORS.obj (.data)

table      0    00000044    00000000     UNINITIALIZED


GLOBAL SYMBOLS

address  name                             address  name
-------- ----                             -------- ----
00000800 .bss                             00000028 __STACK_SIZE
00000300 .data                            00000044 .text
00000044 .text                            00000044 _clearstring
00002e93 C$$EXIT                          00000076 _shutterOff
00002e96 F$$ADD                           0000008f _qswonAction
00002f4a F$$COMPARE                       000000b5 _alarmAction
00002f9f F$$DIV                           000000cf _resetAction
00002f8d F$$EQ                            000000e9 _pulseRateAction
00003044 F$$FTOI                          0000012c _keyswOffAction
00003085 F$$FTOL                          0000017e _qswextAction
000030d8 F$$FTOU                          000001f0 _shtonAction
00002f99 F$$GE                            0000022d _defaultAction
00002f9c F$$GT                            00000300 edata
0000311c F$$ITOF                          00000300 .data
00002f93 F$$LE                            0000053d _keyswFirstOnAction
00002f96 F$$LT                            0000072f _functionAction
00003140 F$$LTOF                          00000800 _LOOP
00003171 F$$MUL                           00000800 .bss
00002f90 F$$NE                            00000801 _TPFLAG
000031ed F$$SUB                           00000802 _BEEPER
00003168 F$$ULTOF                         00000803 _OLD_KEYSW_ON
000031fa F$$UTOF                          00000804 _WriteFlag
00003213 I$$DIV                           00000805 _InitingError
0000324f I$$MOD                           00000806 _SecurityIniting
000033a2 I$$REST                          00000807 _ADTIMER
0000338a I$$SAVE                          00000808 _TimeC_Sec
00003447 I$$UDIV                          00000809 _TimeC_Min
0000346d I$$UMOD                          0000080a _TimeC_2Min
000032a0 L$$DIVS                          0000080b _TimeC_8Min
00003312 L$$DIVU                          0000080c _Sign_2Min
000032db L$$MODS                          0000080d _Sign_8Min
00003332 L$$MODU                          0000080e _REMLOC
00000848 _ADJUST                          0000080f _FUNCTION
00000807 _ADTIMER                         00000810 _QSWON
00000802 _BEEPER                          00000811 _RF_OFF
00000855 _BTIME                           00000812 _QSWEXT
00000886 _D1_ACT                          00000813 _FirstStemp
00000872 _D1_DIF                          00000814 _PLACE
000008a4 _D1_ERROR                        00000815 _RESET
00000884 _D1_INT                          00000816 _clearWarning
0000084c _D1_OUT_OLD                      00000817 _QSWEN
00000825 _D1_OUT                          00000818 _EXTDCUR
0000087e _D1_PROP                         00000819 _SHTON
00000890 _D1_SET                          0000081a _UPDRAT
00000820 _D1_SUM                          0000081b _DIMAX
00000876 _DATA                            0000081c _EQUAL
000008ea _DCL                             0000081d _smooth
0000081b _DIMAX                           0000081e _EXTFREQ
00000830 _DIODECUR_ACT                    0000081f _FCTR
000008e6 _DIO                             00000820 _D1_SUM
00000860 _DIODECUR                        00000821 _XTL1ACT
00000864 _DUMMY                           00000822 _NEW_LINE
00000858 _Diode_SetPt                     00000823 _EXTD
0000085a _DspTmr                          00000824 _EXRFP
0000082d _EMPTY                           00000825 _D1_OUT
00000850 _ENIVR                           00000826 _ENVIR
00000835 _ENVACT                          00000827 _XTL2ACT
00000826 _ENVIR                           00000828 _gate
00000898 _ENVIR_TEMP                      00000829 _Iindex
00000844 _ENVSET                          0000082a _QUESTION
0000081c _EQUAL                           0000082b _FPS_LEVEL_SET
00000905 _ERROR                           0000082c _XTL2SET
00000824 _EXRFP                           0000082d _EMPTY
00000818 _EXTDCUR                         0000082e _FPS_ON
000008c2 _EXT                             0000082f _fps_index
00000823 _EXTD                            00000830 _DIODECUR_ACT
0000081e _EXTFREQ                         00000831 _MODE_SEL
0000081f _FCTR                            00000832 _T5
000008ee _FPL                             00000833 _T6
0000083e _FPS_LEVEL                       00000834 _T3
0000082b _FPS_LEVEL_SET                   00000835 _ENVACT
00000852 _FPS_ON_SET                      00000836 _T4
0000082e _FPS_ON                          00000837 _T2
000008da _FPS                             00000838 _T1
0000084d _FREQ                            00000839 _Sctr
0000080f _FUNCTION                        0000083a _ZERO
00000888 _FanLaser_DIF                    0000083b _RF_GATE_ON
000008a0 _FanLaser_ERROR                  0000083c _FanLaser_OUT
00000874 _FanLaser_INT                    0000083d _XTL1SET
00000896 _FanLaser_OLD_ERROR              0000083e _FPS_LEVEL
0000083c _FanLaser_OUT                    0000083f _Time
00000840 _FanLaser_OUT_OLD                00000840 _FanLaser_OUT_OLD
00000894 _FanLaser_PROP                   00000841 _wrf
00001ff8 _First                           00000842 _index
00000813 _FirstStemp                      00000843 _TFLAG
000024ee _GETTEMP                         00000844 _ENVSET
000008f2 _HOLD                            00000845 _KEY
000008c6 _IDI                             00000846 _RES_LASER_TEMP
0000085c _INITCUR                         00000847 _SIGN_FUN8SET
0000089e _INTEST                          00000848 _ADJUST
00000870 _INTLIMIT                        00000849 _MODE_DONE
00000829 _Iindex                          0000084a _OLD_ERROR_L
00001d79 _Initialize                      0000084b _LASER_SET
00000805 _InitingError                    0000084c _D1_OUT_OLD
00000857 _JumpInit                        0000084d _FREQ
00000845 _KEY                             0000084e _adTimerVar
0000088c _Kd                              0000084f _chr
00000892 _Ki                              00000850 _ENIVR
0000089c _Kp                              00000851 _RES_ENVIR
0000089a _LASACT                          00000852 _FPS_ON_SET
0000084b _LASER_SET                       00000853 _securityenable
0000086a _LASER_TEMP                      00000854 _fps_index_count
00000882 _LASSET                          00000855 _BTIME
00002b0b _LCDRefresh                      00000856 _gate_pre
00002ac2 _LCDSetup                        00000857 _JumpInit
000008a6 _LHT_D                           00000858 _Diode_SetPt
0000086e _LHT_DG                          0000085a _DspTmr
000008a2 _LHT_I                           0000085c _INITCUR
0000086c _LHT_IG                          0000085e _PULSERATE
00000866 _LHT_OLDI                        00000860 _DIODECUR
0000087a _LHT_PG                          00000862 _PWMTime
00000800 _LOOP                            00000864 _DUMMY
00000849 _MODE_DONE                       00000866 _LHT_OLDI
00000831 _MODE_SEL                        00000868 _OLD_FanLaser_INT
00000822 _NEW_LINE                        0000086a _LASER_TEMP
000008b6 _OKK                             0000086c _LHT_IG
000008fe _OKOKOK                          0000086e _LHT_DG
0000088a _OLD_ACT                         00000870 _INTLIMIT
000008a8 _OLD_D1_INT                      00000872 _D1_DIF
0000084a _OLD_ERROR_L                     00000874 _FanLaser_INT
0000087c _OLD_ERROR                       00000876 _DATA
00000868 _OLD_FanLaser_INT                00000878 _wt
00000803 _OLD_KEYSW_ON                    0000087a _LHT_PG
00000814 _PLACE                           0000087c _OLD_ERROR
000008ae _PRF                             0000087e _D1_PROP
0000085e _PULSERATE                       00000880 _RES_D1
000008ca _PWM                             00000882 _LASSET
00000862 _PWMTime                         00000884 _D1_INT
00000817 _QSWEN                           00000886 _D1_ACT
00000812 _QSWEXT                          00000888 _FanLaser_DIF
00000810 _QSWON                           0000088a _OLD_ACT
000008ba _QSW                             0000088c _Kd
0000082a _QUESTION                        0000088e _RDELTA
0000088e _RDELTA                          00000890 _D1_SET
000008aa _RDIF                            00000892 _Ki
0000080e _REMLOC                          00000894 _FanLaser_PROP
00000815 _RESET                           00000896 _FanLaser_OLD_ERROR
00000880 _RES_D1                          00000898 _ENVIR_TEMP
00000851 _RES_ENVIR                       0000089a _LASACT
00000846 _RES_LASER_TEMP                  0000089c _Kp
0000083b _RF_GATE_ON                      0000089e _INTEST
00000811 _RF_OFF                          000008a0 _FanLaser_ERROR
00000cd7 _RS232_RX                        000008a2 _LHT_I
000008e2 _RST                             000008a4 _D1_ERROR
000029a1 _ReadDallas2                     000008a6 _LHT_D
000028f7 _ReadDatax                       000008a8 _OLD_D1_INT
000029e3 _ReadData                        000008aa _RDIF
000008be _SHT                             000008ac _TEMP
00000819 _SHTON                           000008ae _PRF
00000847 _SIGN_FUN8SET                    000008b2 _TK2
00000839 _Sctr                            000008b6 _OKK
00000806 _SecurityIniting                 000008ba _QSW
0000080c _Sign_2Min                       000008be _SHT
0000080d _Sign_8Min                       000008c2 _EXT
00000838 _T1                              000008c6 _IDI
00000837 _T2                              000008ca _PWM
00000834 _T3                              000008ce _TEV
00000836 _T4                              000008d2 _TLA
00000832 _T5                              000008d6 _TK1
00000833 _T6                              000008da _FPS
000008de _TDI                             000008de _TDI
000008ac _TEMP                            000008e2 _RST
00000c82 _TEMPTBL1                        000008e6 _DIO
000008ce _TEV                             000008ea _DCL
00000843 _TFLAG                           000008ee _FPL
000008d6 _TK1                             000008f2 _HOLD
000008b2 _TK2                             000008f8 _msg_globe
000008d2 _TLA                             000008fe _OKOKOK
00000801 _TPFLAG                          00000905 _ERROR
00000913 _TURN_OFF                        0000090c _TURN_ON
0000090c _TURN_ON                         00000913 _TURN_OFF
0000080b _TimeC_8Min                      0000091a _msg15
00000809 _TimeC_Min                       00000922 _msg14
0000083f _Time                            0000092b _fps
0000080a _TimeC_2Min                      00000935 _msg25
00000808 _TimeC_Sec                       00000946 _msg24
0000081a _UPDRAT                          0000095a _msg16
00002892 _WriteDallas2                    0000096e _msg19
00002a53 _WriteData                       0000098e _msg22
000027c1 _WriteDatax                      000009b1 _msg20
00000804 _WriteFlag                       000009d4 _msg23
00000821 _XTL1ACT                         000009f7 _msg6
0000083d _XTL1SET                         00000a1b _msg12
00000827 _XTL2ACT                         00000a3f _msg21
0000082c _XTL2SET                         00000a63 _msg7
0000083a _ZERO                            00000a87 _msg8
00000028 __STACK_SIZE                     00000aab _msg18
00000cb6 __cleanup_ptr                    00000ad0 _msg17
00002e93 _abort                           00000af5 _msg13
0000084e _adTimerVar                      00000b1a _msg11
000000b5 _alarmAction                     00000b3f _msg3
00002e74 _atexit                          00000b67 _msg9
00000cf1 _buffer_index                    00000b8f _msg5
00002e1f _c_int0                          00000bb7 _msg4
0000084f _chr                             00000bdf _msg10
00000e54 _clearScreen                     00000c07 _msg1
00000816 _clearWarning                    00000c30 _msg2
00000044 _clearstring                     00000c59 _msg26
0000022d _defaultAction                   00000c82 _TEMPTBL1
00000de0 _diodeAction_1                   00000cb6 __cleanup_ptr
00000d7a _diodeAction                     00000cd7 _RS232_RX
00002031 _dspfun                          00000ce2 _echo_msg
00000f8b _echo2                           00000ce8 _setting_value
00000ce2 _echo_msg                        00000cee _parameter
00000f77 _echo                            00000cf1 _buffer_index
00002e46 _exit                            00000cf2 end
00003043 _f$$error                        00000d7a _diodeAction
0000092b _fps                             00000de0 _diodeAction_1
0000082f _fps_index                       00000e54 _clearScreen
00000854 _fps_index_count                 00000e85 _timer1_isr
0000072f _functionAction                  00000ebf _xint1
00000856 _gate_pre                        00000ed3 _uarttr
00000828 _gate                            00000ef0 _sciPolling
00000842 _index                           00000f77 _echo
0000053d _keyswFirstOnAction              00000f8b _echo2
0000012c _keyswOffAction                  00000fcf _runQuery
000015f5 _longToString                    0000122c _runCommand
000016ac _main                            000015d6 _sciInit
000021e7 _message                         000015f5 _longToString
00000bdf _msg10                           00001643 _stringToLong
00000b1a _msg11                           000016ac _main
00000a1b _msg12                           00001d79 _Initialize
00000af5 _msg13                           00001ff8 _First
00000922 _msg14                           00002031 _dspfun
0000091a _msg15                           000021d0 _wait
0000095a _msg16                           000021e7 _message
00000ad0 _msg17                           0000222f _num2ascii
00000aab _msg18                           0000246d _wrtstring
0000096e _msg19                           000024af _wrtchrs
00000c07 _msg1                            000024ee _GETTEMP
000009b1 _msg20                           000025ba _tempctl
00000a3f _msg21                           000027c1 _WriteDatax
0000098e _msg22                           00002892 _WriteDallas2
000009d4 _msg23                           000028f7 _ReadDatax
00000946 _msg24                           000029a1 _ReadDallas2
00000c30 _msg2                            000029e3 _ReadData
00000935 _msg25                           00002a53 _WriteData
00000c59 _msg26                           00002ac2 _LCDSetup
00000b3f _msg3                            00002b0b _LCDRefresh
00000bb7 _msg4                            00002e1f _c_int0
00000b8f _msg5                            00002e46 _exit
000009f7 _msg6                            00002e74 _atexit
00000a63 _msg7                            00002e93 _abort
00000a87 _msg8                            00002e93 C$$EXIT
00000b67 _msg9                            00002e96 F$$ADD
000008f8 _msg_globe                       00002f4a F$$COMPARE
0000222f _num2ascii                       00002f8d F$$EQ
00000cee _parameter                       00002f90 F$$NE
000000e9 _pulseRateAction                 00002f93 F$$LE
0000017e _qswextAction                    00002f96 F$$LT
0000008f _qswonAction                     00002f99 F$$GE
000000cf _resetAction                     00002f9c F$$GT
0000122c _runCommand                      00002f9f F$$DIV
00000fcf _runQuery                        00003043 _f$$error
000015d6 _sciInit                         00003044 F$$FTOI
00000ef0 _sciPolling                      00003085 F$$FTOL
00000853 _securityenable                  000030d8 F$$FTOU
00000ce8 _setting_value                   0000311c F$$ITOF
000001f0 _shtonAction                     00003140 F$$LTOF
00000076 _shutterOff                      00003168 F$$ULTOF
0000081d _smooth                          00003171 F$$MUL
000033b8 _strcpy                          000031ed F$$SUB
00001643 _stringToLong                    000031fa F$$UTOF
000033d2 _strncmp                         00003213 I$$DIV
00003413 _strncpy                         0000324f I$$MOD
000025ba _tempctl                         000032a0 L$$DIVS
00000e85 _timer1_isr                      000032db L$$MODS
00000ed3 _uarttr                          00003312 L$$DIVU
000021d0 _wait                            00003332 L$$MODU
00000841 _wrf                             0000338a I$$SAVE
000024af _wrtchrs                         000033a2 I$$REST
0000246d _wrtstring                       000033b8 _strcpy
00000878 _wt                              000033d2 _strncmp
00000ebf _xint1                           00003413 _strncpy
000034cf cinit                            00003447 I$$UDIV
00000300 edata                            0000346d I$$UMOD
00000cf2 end                              000034cf cinit
000034cf etext                            000034cf etext
ffffffff pinit                            ffffffff pinit

[279 symbols]
