******************************************************************************
TMS320C24xx COFF Linker           Version 7.04                   
******************************************************************************
>> Linked Fri Sep 06 17:03:25 2013

OUTPUT FILE NAME:   <./Debug/laserdrvr.out>
ENTRY POINT SYMBOL: "_c_int0"  address: 0000320d


MEMORY CONFIGURATION

           name     origin    length      used    attributes    fill
         --------  --------  ---------  --------  ----------  --------
PAGE 0: VECS      00000000  000000040  00000040     RWIX      
         FLASH     00000044  000007fbc  00003d08     RWIX      

PAGE 1: B2        00000060  000000020  00000000     RWIX      
         B0        00000200  000000100  00000000     RWIX      
         B1        00000300  000000100  00000000     RWIX      
         SARAM     00000800  000000800  0000058e     RWIX      


SECTION ALLOCATION MAP

 output                                  attributes/
section   page    origin      length       input sections
--------  ----  ----------  ----------   ----------------
.text      0    00000044    00003879     
                  00000044    00000f4e     actions.obj (.text)
                  00000f92    00000000     CVECTORS.obj (.text)
                  00000f92    0000027d     ISR.obj (.text)
                  0000120f    000007bc     RS232.obj (.text)
                  000019cb    00000708     yucojca.obj (.text)
                  000020d3    0000113a     YucoSupport.obj (.text)
                  0000320d    00000027     rts2xx.lib : boot.obj (.text)
                  00003234    00000050                : exit.obj (.text)
                  00003284    000000b4                : f_add.obj (.text)
                  00003338    00000055                : f_cmp.obj (.text)
                  0000338d    000000a4                : f_div.obj (.text)
                  00003431    00000001                : f_error.obj (.text)
                  00003432    00000041                : f_ftoi.obj (.text)
                  00003473    00000053                : f_ftol.obj (.text)
                  000034c6    00000044                : f_ftou.obj (.text)
                  0000350a    00000024                : f_itof.obj (.text)
                  0000352e    00000031                : f_ltof.obj (.text)
                  0000355f    0000007c                : f_mul.obj (.text)
                  000035db    0000000d                : f_sub.obj (.text)
                  000035e8    00000019                : f_utof.obj (.text)
                  00003601    0000008d                : idiv.obj (.text)
                  0000368e    000000ea                : ldiv.obj (.text)
                  00003778    0000002e                : saverest.obj (.text)
                  000037a6    0000001a                : strcpy.obj (.text)
                  000037c0    00000041                : strncmp.obj (.text)
                  00003801    00000034                : strncpy.obj (.text)
                  00003835    00000088                : udiv.obj (.text)

.cinit     0    000038bd    0000048f     
                  000038bd    00000488     yucojca.obj (.cinit)
                  00003d45    00000006     rts2xx.lib : exit.obj (.cinit)
                  00003d4b    00000001     --HOLE-- [fill = 0000]

.switch    0    00000044    00000000     UNINITIALIZED

.const     1    00000300    00000000     UNINITIALIZED

//.const   0    00000044    00000000     UNINITIALIZED

my_sect    1    00000200    00000000     UNINITIALIZED

.bss       1    00000800    00000566     UNINITIALIZED
                  00000800    00000529     yucojca.obj (.bss)
                  00000d29    00000000     rts2xx.lib : f_error.obj (.bss)
                  00000d29    00000000                : f_div.obj (.bss)
                  00000d29    00000000                : f_cmp.obj (.bss)
                  00000d29    00000000                : f_ftou.obj (.bss)
                  00000d29    00000000                : f_ftol.obj (.bss)
                  00000d29    00000000                : f_ftoi.obj (.bss)
                  00000d29    00000000     ISR.obj (.bss)
                  00000d29    00000000     CVECTORS.obj (.bss)
                  00000d29    00000000     actions.obj (.bss)
                  00000d29    00000000     rts2xx.lib : f_add.obj (.bss)
                  00000d29    00000000                : boot.obj (.bss)
                  00000d29    00000000     YucoSupport.obj (.bss)
                  00000d29    00000000     rts2xx.lib : saverest.obj (.bss)
                  00000d29    00000000                : udiv.obj (.bss)
                  00000d29    00000000                : ldiv.obj (.bss)
                  00000d29    00000000                : strncmp.obj (.bss)
                  00000d29    00000000                : strncpy.obj (.bss)
                  00000d29    00000000                : strcpy.obj (.bss)
                  00000d29    00000000                : f_mul.obj (.bss)
                  00000d29    00000000                : f_ltof.obj (.bss)
                  00000d29    00000000                : f_itof.obj (.bss)
                  00000d29    00000000                : idiv.obj (.bss)
                  00000d29    00000000                : f_utof.obj (.bss)
                  00000d29    00000000                : f_sub.obj (.bss)
                  00000d29    00000022                : exit.obj (.bss)
                  00000d4b    0000001b     RS232.obj (.bss)

.stack     1    00000d66    00000028     UNINITIALIZED
                  00000d66    00000000     rts2xx.lib : boot.obj (.stack)

.sysmem    1    00000300    00000000     UNINITIALIZED

vectors    0    00000000    00000040     
                  00000000    00000040     CVECTORS.obj (vectors)

.data      1    00000300    00000000     UNINITIALIZED
                  00000300    00000000     actions.obj (.data)
                  00000300    00000000     rts2xx.lib : udiv.obj (.data)
                  00000300    00000000                : strncpy.obj (.data)
                  00000300    00000000                : strncmp.obj (.data)
                  00000300    00000000                : strcpy.obj (.data)
                  00000300    00000000                : saverest.obj (.data)
                  00000300    00000000                : ldiv.obj (.data)
                  00000300    00000000                : idiv.obj (.data)
                  00000300    00000000                : f_utof.obj (.data)
                  00000300    00000000                : f_sub.obj (.data)
                  00000300    00000000                : f_mul.obj (.data)
                  00000300    00000000                : f_ltof.obj (.data)
                  00000300    00000000                : f_itof.obj (.data)
                  00000300    00000000                : f_ftou.obj (.data)
                  00000300    00000000                : f_ftol.obj (.data)
                  00000300    00000000                : f_ftoi.obj (.data)
                  00000300    00000000                : f_error.obj (.data)
                  00000300    00000000                : f_div.obj (.data)
                  00000300    00000000                : f_cmp.obj (.data)
                  00000300    00000000                : f_add.obj (.data)
                  00000300    00000000                : exit.obj (.data)
                  00000300    00000000                : boot.obj (.data)
                  00000300    00000000     YucoSupport.obj (.data)
                  00000300    00000000     yucojca.obj (.data)
                  00000300    00000000     RS232.obj (.data)
                  00000300    00000000     ISR.obj (.data)
                  00000300    00000000     CVECTORS.obj (.data)

table      0    00000044    00000000     UNINITIALIZED


GLOBAL SYMBOLS

address  name                             address  name
-------- ----                             -------- ----
00000800 .bss                             00000028 __STACK_SIZE
00000300 .data                            00000044 .text
00000044 .text                            00000044 _clearstring
00003281 C$$EXIT                          00000076 _shutterOff
00003284 F$$ADD                           0000008f _qswonAction
00003338 F$$COMPARE                       000000b5 _alarmAction
0000338d F$$DIV                           000000cf _resetAction
0000337b F$$EQ                            000000e9 _pulseRateAction
00003432 F$$FTOI                          00000124 _keyswOffAction
00003473 F$$FTOL                          00000179 _qswextAction
000034c6 F$$FTOU                          000001e5 _shtonAction
00003387 F$$GE                            00000222 _defaultAction
0000338a F$$GT                            00000300 .data
0000350a F$$ITOF                          00000300 edata
00003381 F$$LE                            0000067a _keyswFirstOnAction
0000352e F$$LTOF                          00000800 _LOOP
00003384 F$$LT                            00000800 .bss
0000355f F$$MUL                           00000801 _TPFLAG
0000337e F$$NE                            00000802 _BEEPER
000035db F$$SUB                           00000803 _ADi
00003556 F$$ULTOF                         00000804 _OLD_KEYSW_ON
000035e8 F$$UTOF                          00000805 _WriteFlag
00003601 I$$DIV                           00000806 _InitingError
0000363d I$$MOD                           00000807 _SecurityIniting
00003790 I$$REST                          00000808 _ADTIMER
00003778 I$$SAVE                          00000809 _TimeC_Sec
00003835 I$$UDIV                          0000080a _TimeC_Min
0000385b I$$UMOD                          0000080b _TimeC_2Min
0000368e L$$DIVS                          0000080c _TimeC_8Min
00003700 L$$DIVU                          0000080d _Sign_2Min
000036c9 L$$MODS                          0000080e _Sign_8Min
00003720 L$$MODU                          0000080f _REMLOC
00000826 _ADCFLAG                         00000810 _FUNCTION
00000848 _ADJUST                          00000811 _QSWON
0000097d _ADTEMP0                         00000812 _RF_OFF
00000987 _ADTEMP1                         00000813 _QSWEXT
00000969 _ADTEMP2                         00000814 _FirstStemp
00000973 _ADTEMP3                         00000815 _PLACE
0000095f _ADTEMP4                         00000816 _RESET
00000955 _ADTEMP5                         00000817 _clearWarning
00000941 _ADTEMP6                         00000818 _QSWEN
0000094b _ADTEMP7                         00000819 _EXTDCUR
00000808 _ADTIMER                         0000081a _SHTON
00000803 _ADi                             0000081b _UPDRAT
00000802 _BEEPER                          0000081c _DIMAX
0000084e _BTIME                           0000081d _KEY
0000086b _D1_ACT                          0000081e _FanLaser_OUT_OLD
0000089a _D1_DIF                          0000081f _RES_LASER_TEMP
0000089e _D1_ERROR                        00000820 _chr
000008a0 _D1_INT                          00000821 _XTL1SET
0000084b _D1_OUT_OLD                      00000822 _XTL1ACT
00000824 _D1_OUT                          00000823 _EXTFREQ
00000886 _D1_PROP                         00000824 _D1_OUT
0000086d _D1_SET                          00000825 _EXTD
00000828 _D1_SUM                          00000826 _ADCFLAG
0000088c _DATA                            00000827 _ENVSET
000008de _DCL                             00000828 _D1_SUM
0000081c _DIMAX                           00000829 _FCTR
0000085b _DIODECUR                        0000082a _XTL2ACT
000008d2 _DIO                             0000082b _Iindex
00000842 _DIODECUR_ACT                    0000082c _wrf
00000861 _DUMMY                           0000082d _smooth
00000853 _Diode_SetPt                     0000082e _RF_GATE_ON
00000855 _DspTmr                          0000082f _MODE_SEL
00000834 _EMPTY                           00000830 _fps_index
0000083f _ENVACT                          00000831 _FanLaser_OUT
0000083b _ENVIR                           00000832 _XTL2SET
000008b8 _ENVIR_TEMP                      00000833 _gate
00000827 _ENVSET                          00000834 _EMPTY
00000838 _EQUAL                           00000835 _Sctr
00000918 _ERROR                           00000836 _functionAction
0000083d _EXRFP                           00000836 _QUESTION
00000819 _EXTDCUR                         00000837 _NEW_LINE
00000825 _EXTD                            00000838 _EQUAL
00000823 _EXTFREQ                         00000839 _ZERO
000008e6 _EXT                             0000083a _FPS_ON
00000829 _FCTR                            0000083b _ENVIR
000008da _FPL                             0000083c _TFLAG
0000084c _FPS_LEVEL_SET                   0000083d _EXRFP
00000845 _FPS_LEVEL                       0000083e _index
0000083a _FPS_ON                          0000083f _ENVACT
000008d6 _FPS                             00000840 _Time
00000841 _FPS_ON_SET                      00000841 _FPS_ON_SET
0000084a _FREQ                            00000842 _DIODECUR_ACT
00000810 _FUNCTION                        00000843 _OLD_ERROR_L
000008a4 _FanLaser_DIF                    00000844 _securityenable
0000088a _FanLaser_ERROR                  00000845 _FPS_LEVEL
00000884 _FanLaser_INT                    00000846 _adTimerVar
000008a6 _FanLaser_OLD_ERROR              00000847 _MODE_DONE
00000831 _FanLaser_OUT                    00000848 _ADJUST
0000081e _FanLaser_OUT_OLD                00000849 _JumpInit
00000896 _FanLaser_PROP                   0000084a _FREQ
0000235d _First                           0000084b _D1_OUT_OLD
00000814 _FirstStemp                      0000084c _FPS_LEVEL_SET
0000287d _GETTEMP                         0000084d _gate_pre
000008fe _HOLD                            0000084e _BTIME
000008f6 _IDI                             0000084f _fps_index_count
00000857 _INITCUR                         00000850 _LASER_SET
000008ae _INTEST                          00000851 _RES_ENVIR
00000892 _INTLIMIT                        00000852 _SIGN_FUN8SET
0000082b _Iindex                          00000853 _Diode_SetPt
000020d3 _Initialize                      00000855 _DspTmr
00000806 _InitingError                    00000857 _INITCUR
00000849 _JumpInit                        00000859 _PULSERATE
0000081d _KEY                             0000085b _DIODECUR
00000890 _Kd                              0000085d _PWMTime
00000877 _Ki                              0000085f _OLD_FanLaser_INT
0000089c _Kp                              00000861 _DUMMY
00000875 _LASACT                          00000863 _LHT_IG
00000850 _LASER_SET                       00000865 _LHT_PG
00000869 _LASER_TEMP                      00000867 _TEMP
00000898 _LASSET                          00000869 _LASER_TEMP
00002ee0 _LCDRefresh                      0000086b _D1_ACT
00002e97 _LCDSetup                        0000086d _D1_SET
000008b4 _LHT_D                           0000086f _RDELTA
00000888 _LHT_DG                          00000871 _OLD_D1_INT
00000863 _LHT_IG                          00000873 _OF1TEM
0000087d _LHT_I                           00000875 _LASACT
0000087b _LHT_OLDI                        00000877 _Ki
00000865 _LHT_PG                          00000879 _OF2TEM
00000800 _LOOP                            0000087b _LHT_OLDI
00000847 _MODE_DONE                       0000087d _LHT_I
0000082f _MODE_SEL                        00000880 _OLD_ACT
00000837 _NEW_LINE                        00000882 _RDIF
00000873 _OF1TEM                          00000884 _FanLaser_INT
00000879 _OF2TEM                          00000886 _D1_PROP
000008f2 _OKK                             00000888 _LHT_DG
0000091f _OKOKOK                          0000088a _FanLaser_ERROR
00000880 _OLD_ACT                         0000088c _DATA
00000871 _OLD_D1_INT                      0000088e _RES_D1
00000894 _OLD_ERROR                       00000890 _Kd
00000843 _OLD_ERROR_L                     00000892 _INTLIMIT
0000085f _OLD_FanLaser_INT                00000894 _OLD_ERROR
00000804 _OLD_KEYSW_ON                    00000896 _FanLaser_PROP
00000815 _PLACE                           00000898 _LASSET
000008e2 _PRF                             0000089a _D1_DIF
00000859 _PULSERATE                       0000089c _Kp
0000085d _PWMTime                         0000089e _D1_ERROR
000008ca _PWM                             000008a0 _D1_INT
00000818 _QSWEN                           000008a2 _wt
00000813 _QSWEXT                          000008a4 _FanLaser_DIF
00000811 _QSWON                           000008a6 _FanLaser_OLD_ERROR
000008fa _QSW                             000008a8 _T6
00000836 _QUESTION                        000008aa _T4
0000086f _RDELTA                          000008ac _T2
00000882 _RDIF                            000008ae _INTEST
0000080f _REMLOC                          000008b0 _T5
00000816 _RESET                           000008b2 _T3
0000088e _RES_D1                          000008b4 _LHT_D
00000851 _RES_ENVIR                       000008b6 _T1
0000081f _RES_LASER_TEMP                  000008b8 _ENVIR_TEMP
0000082e _RF_GATE_ON                      000008ba _TK1
00000812 _RF_OFF                          000008be _TK2
00000d4b _RS232_RX                        000008c2 _TLA
000008ce _RST                             000008c6 _TEV
00002d92 _ReadDallas2                     000008ca _PWM
00002ce8 _ReadData                        000008ce _RST
0000081a _SHTON                           000008d2 _DIO
000008ea _SHT                             000008d6 _FPS
00000852 _SIGN_FUN8SET                    000008da _FPL
00000835 _Sctr                            000008de _DCL
00000807 _SecurityIniting                 000008e2 _PRF
0000080d _Sign_2Min                       000008e6 _EXT
0000080e _Sign_8Min                       000008ea _SHT
000008b6 _T1                              000008ee _TDI
000008ac _T2                              000008f2 _OKK
000008b2 _T3                              000008f6 _IDI
000008aa _T4                              000008fa _QSW
000008b0 _T5                              000008fe _HOLD
000008a8 _T6                              00000904 _msg_globe
000008ee _TDI                             0000090a _TURN_OFF
00000867 _TEMP                            00000911 _TURN_ON
00000cf6 _TEMPTBL1                        00000918 _ERROR
000008c6 _TEV                             0000091f _OKOKOK
0000083c _TFLAG                           00000926 _msg15
000008ba _TK1                             0000092e _msg14
000008be _TK2                             00000937 _fps
000008c2 _TLA                             00000941 _ADTEMP6
00000801 _TPFLAG                          0000094b _ADTEMP7
0000090a _TURN_OFF                        00000955 _ADTEMP5
00000911 _TURN_ON                         0000095f _ADTEMP4
0000080b _TimeC_2Min                      00000969 _ADTEMP2
0000080c _TimeC_8Min                      00000973 _ADTEMP3
0000080a _TimeC_Min                       0000097d _ADTEMP0
00000809 _TimeC_Sec                       00000987 _ADTEMP1
00000840 _Time                            00000991 _msg26
0000081b _UPDRAT                          000009a4 _msg25
00002c83 _WriteDallas2                    000009b8 _msg24
00002bb2 _WriteDatax                      000009cc _msg16
00002dd4 _WriteData                       000009e0 _msg19
00000805 _WriteFlag                       00000a00 _msg23
00000822 _XTL1ACT                         00000a23 _msg22
00000821 _XTL1SET                         00000a46 _msg20
0000082a _XTL2ACT                         00000a69 _msg8
00000832 _XTL2SET                         00000a8d _msg6
00000839 _ZERO                            00000ab1 _msg12
00000028 __STACK_SIZE                     00000ad5 _msg7
00000d2a __cleanup_ptr                    00000af9 _msg21
00003281 _abort                           00000b1d _msg17
00000846 _adTimerVar                      00000b42 _msg18
000000b5 _alarmAction                     00000b67 _msg11
00003262 _atexit                          00000b8d _msg13
00000d65 _buffer_index                    00000bb3 _msg10
0000320d _c_int0                          00000bdb _msg9
00000820 _chr                             00000c03 _msg5
00000f65 _clearScreen                     00000c2b _msg4
00000817 _clearWarning                    00000c53 _msg3
00000044 _clearstring                     00000c7b _msg1
00000222 _defaultAction                   00000ca4 _msg2
00000e8f _diodeAction                     00000ccd _msg27
00000ef3 _diodeAction_1                   00000cf6 _TEMPTBL1
00002396 _dspfun                          00000d2a __cleanup_ptr
000012aa _echo2                           00000d4b _RS232_RX
00000d56 _echo_msg                        00000d56 _echo_msg
00001296 _echo                            00000d5c _setting_value
00003234 _exit                            00000d62 _parameter
00003431 _f$$error                        00000d65 _buffer_index
00000937 _fps                             00000d66 end
0000084f _fps_index_count                 00000e8f _diodeAction
00000830 _fps_index                       00000ef3 _diodeAction_1
00000836 _functionAction                  00000f65 _clearScreen
0000084d _gate_pre                        00000f92 _timer1_isr
00000833 _gate                            000011dc _xint1
0000083e _index                           000011f0 _uarttr
0000067a _keyswFirstOnAction              0000120f _sciPolling
00000124 _keyswOffAction                  00001296 _echo
00001914 _longToString                    000012aa _echo2
000019cb _main                            000012ee _runQuery
00002576 _message                         0000154b _runCommand
00000bb3 _msg10                           000018f5 _sciInit
00000b67 _msg11                           00001914 _longToString
00000ab1 _msg12                           00001962 _stringToLong
00000c7b _msg1                            000019cb _main
00000b8d _msg13                           000020d3 _Initialize
0000092e _msg14                           0000235d _First
00000926 _msg15                           00002396 _dspfun
000009cc _msg16                           0000255f _wait
00000b1d _msg17                           00002576 _message
00000b42 _msg18                           000025be _num2ascii
000009e0 _msg19                           000027fc _wrtstring
00000a46 _msg20                           0000283e _wrtchrs
00000af9 _msg21                           0000287d _GETTEMP
00000a23 _msg22                           0000294a _tempctl
00000a00 _msg23                           00002bb2 _WriteDatax
00000ca4 _msg2                            00002c83 _WriteDallas2
000009b8 _msg24                           00002ce8 _ReadData
000009a4 _msg25                           00002d92 _ReadDallas2
00000991 _msg26                           00002dd4 _WriteData
00000ccd _msg27                           00002e97 _LCDSetup
00000c53 _msg3                            00002ee0 _LCDRefresh
00000c2b _msg4                            0000320d _c_int0
00000c03 _msg5                            00003234 _exit
00000a8d _msg6                            00003262 _atexit
00000ad5 _msg7                            00003281 C$$EXIT
00000a69 _msg8                            00003281 _abort
00000bdb _msg9                            00003284 F$$ADD
00000904 _msg_globe                       00003338 F$$COMPARE
000025be _num2ascii                       0000337b F$$EQ
00000d62 _parameter                       0000337e F$$NE
000000e9 _pulseRateAction                 00003381 F$$LE
00000179 _qswextAction                    00003384 F$$LT
0000008f _qswonAction                     00003387 F$$GE
000000cf _resetAction                     0000338a F$$GT
0000154b _runCommand                      0000338d F$$DIV
000012ee _runQuery                        00003431 _f$$error
000018f5 _sciInit                         00003432 F$$FTOI
0000120f _sciPolling                      00003473 F$$FTOL
00000844 _securityenable                  000034c6 F$$FTOU
00000d5c _setting_value                   0000350a F$$ITOF
000001e5 _shtonAction                     0000352e F$$LTOF
00000076 _shutterOff                      00003556 F$$ULTOF
0000082d _smooth                          0000355f F$$MUL
000037a6 _strcpy                          000035db F$$SUB
00001962 _stringToLong                    000035e8 F$$UTOF
000037c0 _strncmp                         00003601 I$$DIV
00003801 _strncpy                         0000363d I$$MOD
0000294a _tempctl                         0000368e L$$DIVS
00000f92 _timer1_isr                      000036c9 L$$MODS
000011f0 _uarttr                          00003700 L$$DIVU
0000255f _wait                            00003720 L$$MODU
0000082c _wrf                             00003778 I$$SAVE
0000283e _wrtchrs                         00003790 I$$REST
000027fc _wrtstring                       000037a6 _strcpy
000008a2 _wt                              000037c0 _strncmp
000011dc _xint1                           00003801 _strncpy
000038bd cinit                            00003835 I$$UDIV
00000300 edata                            0000385b I$$UMOD
00000d66 end                              000038bd cinit
000038bd etext                            000038bd etext
ffffffff pinit                            ffffffff pinit

[290 symbols]
