******************************************************************************
TMS320C24xx COFF Linker           Version 7.04                   
******************************************************************************
>> Linked Tue Sep 10 15:17:55 2013

OUTPUT FILE NAME:   <./Debug/laserdrvr.out>
ENTRY POINT SYMBOL: "_c_int0"  address: 0000324e


MEMORY CONFIGURATION

           name     origin    length      used    attributes    fill
         --------  --------  ---------  --------  ----------  --------
PAGE 0: VECS      00000000  000000040  00000040     RWIX      
         FLASH     00000044  000007fbc  00003d49     RWIX      

PAGE 1: B2        00000060  000000020  00000000     RWIX      
         B0        00000200  000000100  00000000     RWIX      
         B1        00000300  000000100  00000000     RWIX      
         SARAM     00000800  000000800  000006e5     RWIX      


SECTION ALLOCATION MAP

 output                                  attributes/
section   page    origin      length       input sections
--------  ----  ----------  ----------   ----------------
.text      0    00000044    000038ba     
                  00000044    00000f4e     actions.obj (.text)
                  00000f92    00000000     CVECTORS.obj (.text)
                  00000f92    000002be     ISR.obj (.text)
                  00001250    000007bc     RS232.obj (.text)
                  00001a0c    00000708     yucojca.obj (.text)
                  00002114    0000113a     YucoSupport.obj (.text)
                  0000324e    00000027     rts2xx.lib : boot.obj (.text)
                  00003275    00000050                : exit.obj (.text)
                  000032c5    000000b4                : f_add.obj (.text)
                  00003379    00000055                : f_cmp.obj (.text)
                  000033ce    000000a4                : f_div.obj (.text)
                  00003472    00000001                : f_error.obj (.text)
                  00003473    00000041                : f_ftoi.obj (.text)
                  000034b4    00000053                : f_ftol.obj (.text)
                  00003507    00000044                : f_ftou.obj (.text)
                  0000354b    00000024                : f_itof.obj (.text)
                  0000356f    00000031                : f_ltof.obj (.text)
                  000035a0    0000007c                : f_mul.obj (.text)
                  0000361c    0000000d                : f_sub.obj (.text)
                  00003629    00000019                : f_utof.obj (.text)
                  00003642    0000008d                : idiv.obj (.text)
                  000036cf    000000ea                : ldiv.obj (.text)
                  000037b9    0000002e                : saverest.obj (.text)
                  000037e7    0000001a                : strcpy.obj (.text)
                  00003801    00000041                : strncmp.obj (.text)
                  00003842    00000034                : strncpy.obj (.text)
                  00003876    00000088                : udiv.obj (.text)

.cinit     0    000038fe    0000048f     
                  000038fe    00000488     yucojca.obj (.cinit)
                  00003d86    00000006     rts2xx.lib : exit.obj (.cinit)
                  00003d8c    00000001     --HOLE-- [fill = 0000]

.switch    0    00000044    00000000     UNINITIALIZED

.const     1    00000300    00000000     UNINITIALIZED

//.const   0    00000044    00000000     UNINITIALIZED

my_sect    1    00000200    00000000     UNINITIALIZED

.bss       1    00000800    000006bd     UNINITIALIZED
                  00000800    00000679     yucojca.obj (.bss)
                  00000e79    00000000     rts2xx.lib : f_error.obj (.bss)
                  00000e79    00000000                : f_div.obj (.bss)
                  00000e79    00000000                : f_cmp.obj (.bss)
                  00000e79    00000000                : f_ftou.obj (.bss)
                  00000e79    00000000                : f_ftol.obj (.bss)
                  00000e79    00000000                : f_ftoi.obj (.bss)
                  00000e79    00000000     ISR.obj (.bss)
                  00000e79    00000000     CVECTORS.obj (.bss)
                  00000e79    00000000     actions.obj (.bss)
                  00000e79    00000000     rts2xx.lib : f_add.obj (.bss)
                  00000e79    00000000                : boot.obj (.bss)
                  00000e79    00000000     YucoSupport.obj (.bss)
                  00000e79    00000000     rts2xx.lib : saverest.obj (.bss)
                  00000e79    00000000                : udiv.obj (.bss)
                  00000e79    00000000                : ldiv.obj (.bss)
                  00000e79    00000000                : strncmp.obj (.bss)
                  00000e79    00000000                : strncpy.obj (.bss)
                  00000e79    00000000                : strcpy.obj (.bss)
                  00000e79    00000000                : f_mul.obj (.bss)
                  00000e79    00000000                : f_ltof.obj (.bss)
                  00000e79    00000000                : f_itof.obj (.bss)
                  00000e79    00000000                : idiv.obj (.bss)
                  00000e79    00000000                : f_utof.obj (.bss)
                  00000e79    00000000                : f_sub.obj (.bss)
                  00000e80    00000022                : exit.obj (.bss)
                  00000ea2    0000001b     RS232.obj (.bss)

.stack     1    00000ebd    00000028     UNINITIALIZED
                  00000ebd    00000000     rts2xx.lib : boot.obj (.stack)

.sysmem    1    00000300    00000000     UNINITIALIZED

vectors    0    00000000    00000040     
                  00000000    00000040     CVECTORS.obj (vectors)

.data      1    00000300    00000000     UNINITIALIZED
                  00000300    00000000     actions.obj (.data)
                  00000300    00000000     rts2xx.lib : udiv.obj (.data)
                  00000300    00000000                : strncpy.obj (.data)
                  00000300    00000000                : strncmp.obj (.data)
                  00000300    00000000                : strcpy.obj (.data)
                  00000300    00000000                : saverest.obj (.data)
                  00000300    00000000                : ldiv.obj (.data)
                  00000300    00000000                : idiv.obj (.data)
                  00000300    00000000                : f_utof.obj (.data)
                  00000300    00000000                : f_sub.obj (.data)
                  00000300    00000000                : f_mul.obj (.data)
                  00000300    00000000                : f_ltof.obj (.data)
                  00000300    00000000                : f_itof.obj (.data)
                  00000300    00000000                : f_ftou.obj (.data)
                  00000300    00000000                : f_ftol.obj (.data)
                  00000300    00000000                : f_ftoi.obj (.data)
                  00000300    00000000                : f_error.obj (.data)
                  00000300    00000000                : f_div.obj (.data)
                  00000300    00000000                : f_cmp.obj (.data)
                  00000300    00000000                : f_add.obj (.data)
                  00000300    00000000                : exit.obj (.data)
                  00000300    00000000                : boot.obj (.data)
                  00000300    00000000     YucoSupport.obj (.data)
                  00000300    00000000     yucojca.obj (.data)
                  00000300    00000000     RS232.obj (.data)
                  00000300    00000000     ISR.obj (.data)
                  00000300    00000000     CVECTORS.obj (.data)

table      0    00000044    00000000     UNINITIALIZED


GLOBAL SYMBOLS

address  name                             address  name
-------- ----                             -------- ----
00000800 .bss                             00000028 __STACK_SIZE
00000300 .data                            00000044 .text
00000044 .text                            00000044 _clearstring
000032c2 C$$EXIT                          00000076 _shutterOff
000032c5 F$$ADD                           0000008f _qswonAction
00003379 F$$COMPARE                       000000b5 _alarmAction
000033ce F$$DIV                           000000cf _resetAction
000033bc F$$EQ                            000000e9 _pulseRateAction
00003473 F$$FTOI                          00000124 _keyswOffAction
000034b4 F$$FTOL                          00000179 _qswextAction
00003507 F$$FTOU                          000001e5 _shtonAction
000033c8 F$$GE                            00000222 _defaultAction
000033cb F$$GT                            00000300 .data
0000354b F$$ITOF                          00000300 edata
000033c2 F$$LE                            0000067a _keyswFirstOnAction
0000356f F$$LTOF                          00000800 _LOOP
000033c5 F$$LT                            00000800 .bss
000035a0 F$$MUL                           00000801 _TPFLAG
000033bf F$$NE                            00000802 _BEEPER
0000361c F$$SUB                           00000803 _ADi
00003597 F$$ULTOF                         00000804 _OLD_KEYSW_ON
00003629 F$$UTOF                          00000805 _WriteFlag
00003642 I$$DIV                           00000806 _InitingError
0000367e I$$MOD                           00000807 _SecurityIniting
000037d1 I$$REST                          00000808 _ADTIMER
000037b9 I$$SAVE                          00000809 _TimeC_Sec
00003876 I$$UDIV                          0000080a _TimeC_Min
0000389c I$$UMOD                          0000080b _TimeC_2Min
000036cf L$$DIVS                          0000080c _TimeC_8Min
00003741 L$$DIVU                          0000080d _Sign_2Min
0000370a L$$MODS                          0000080e _Sign_8Min
00003761 L$$MODU                          0000080f _REMLOC
00000830 _ADCFLAG                         00000810 _FUNCTION
00000827 _ADJUST                          00000811 _QSWON
00000d75 _ADTEMP0                         00000812 _RF_OFF
00000e45 _ADTEMP1                         00000813 _QSWEXT
00000e11 _ADTEMP2                         00000814 _FirstStemp
00000d41 _ADTEMP3                         00000815 _PLACE
00000ddd _ADTEMP4                         00000816 _RESET
00000d0d _ADTEMP5                         00000817 _clearWarning
00000da9 _ADTEMP6                         00000818 _QSWEN
00000cd9 _ADTEMP7                         00000819 _EXTDCUR
00000808 _ADTIMER                         0000081a _SHTON
00000803 _ADi                             0000081b _UPDRAT
00000802 _BEEPER                          0000081c _DIMAX
00000834 _BTIME                           0000081d _KEY
000008b0 _D1_ACT                          0000081e _FanLaser_OUT_OLD
00000877 _D1_DIF                          0000081f _LASER_SET
0000086d _D1_ERROR                        00000820 _ZERO
000008a0 _D1_INT                          00000821 _XTL1SET
00000852 _D1_OUT_OLD                      00000822 _XTL1ACT
00000824 _D1_OUT                          00000823 _NEW_LINE
00000865 _D1_PROP                         00000824 _D1_OUT
000008ac _D1_SET                          00000825 _EXTD
00000829 _D1_SUM                          00000826 _QUESTION
0000088c _DATA                            00000827 _ADJUST
000008de _DCL                             00000828 _EMPTY
0000081c _DIMAX                           00000829 _D1_SUM
0000085b _DIODECUR                        0000082a _fps_index
000008f6 _DIO                             0000082b _Iindex
00000842 _DIODECUR_ACT                    0000082c _FCTR
0000085f _DUMMY                           0000082d _XTL2ACT
00000853 _Diode_SetPt                     0000082e _ENVIR
00000855 _DspTmr                          0000082f _MODE_SEL
00000828 _EMPTY                           00000830 _ADCFLAG
0000084a _ENVACT                          00000831 _FanLaser_OUT
0000082e _ENVIR                           00000832 _EXTFREQ
000008b2 _ENVIR_TEMP                      00000833 _Time
00000847 _ENVSET                          00000834 _BTIME
0000084b _EQUAL                           00000835 _Sctr
00000911 _ERROR                           00000836 _FPS_LEVEL
0000083d _EXRFP                           00000836 _functionAction
00000819 _EXTDCUR                         00000837 _wrf
00000825 _EXTD                            00000838 _adTimerVar
00000832 _EXTFREQ                         00000839 _XTL2SET
000008e6 _EXT                             0000083a _FPS_ON
0000082c _FCTR                            0000083b _MODE_DONE
000008da _FPL                             0000083c _TFLAG
0000084c _FPS_LEVEL_SET                   0000083d _EXRFP
00000836 _FPS_LEVEL                       0000083e _index
0000083a _FPS_ON                          0000083f _RES_LASER_TEMP
000008d6 _FPS                             00000840 _chr
0000084d _FPS_ON_SET                      00000841 _gate
00000850 _FREQ                            00000842 _DIODECUR_ACT
00000810 _FUNCTION                        00000843 _smooth
000008a2 _FanLaser_DIF                    00000844 _JumpInit
0000086b _FanLaser_ERROR                  00000845 _RES_ENVIR
00000884 _FanLaser_INT                    00000846 _RF_GATE_ON
000008b4 _FanLaser_OLD_ERROR              00000847 _ENVSET
00000831 _FanLaser_OUT                    00000848 _fps_index_count
0000081e _FanLaser_OUT_OLD                00000849 _gate_pre
00000896 _FanLaser_PROP                   0000084a _ENVACT
0000239e _First                           0000084b _EQUAL
00000814 _FirstStemp                      0000084c _FPS_LEVEL_SET
000028be _GETTEMP                         0000084d _FPS_ON_SET
000008fe _HOLD                            0000084e _OLD_ERROR_L
000008ca _IDI                             0000084f _securityenable
00000857 _INITCUR                         00000850 _FREQ
00000871 _INTEST                          00000851 _SIGN_FUN8SET
00000873 _INTLIMIT                        00000852 _D1_OUT_OLD
0000082b _Iindex                          00000853 _Diode_SetPt
00002114 _Initialize                      00000855 _DspTmr
00000806 _InitingError                    00000857 _INITCUR
00000844 _JumpInit                        00000859 _PULSERATE
0000081d _KEY                             0000085b _DIODECUR
000008a4 _Kd                              0000085d _PWMTime
000008a8 _Ki                              0000085f _DUMMY
00000869 _Kp                              00000861 _LASACT
00000861 _LASACT                          00000863 _LHT_IG
0000081f _LASER_SET                       00000865 _D1_PROP
00000886 _LASER_TEMP                      00000867 _OLD_FanLaser_INT
00000898 _LASSET                          00000869 _Kp
00002f21 _LCDRefresh                      0000086b _FanLaser_ERROR
00002ed8 _LCDSetup                        0000086d _D1_ERROR
00000882 _LHT_D                           0000086f _OLD_ACT
00000888 _LHT_DG                          00000871 _INTEST
00000863 _LHT_IG                          00000873 _INTLIMIT
000008b8 _LHT_I                           00000875 _OLD_ERROR
0000087b _LHT_OLDI                        00000877 _D1_DIF
000008ae _LHT_PG                          00000879 _OF2TEM
00000800 _LOOP                            0000087b _LHT_OLDI
0000083b _MODE_DONE                       0000087d _wt
0000082f _MODE_SEL                        00000880 _T1
00000823 _NEW_LINE                        00000882 _LHT_D
00000890 _OF1TEM                          00000884 _FanLaser_INT
00000879 _OF2TEM                          00000886 _LASER_TEMP
000008ee _OKK                             00000888 _LHT_DG
00000918 _OKOKOK                          0000088a _T2
0000086f _OLD_ACT                         0000088c _DATA
000008b6 _OLD_D1_INT                      0000088e _RDIF
00000875 _OLD_ERROR                       00000890 _OF1TEM
0000084e _OLD_ERROR_L                     00000892 _T5
00000867 _OLD_FanLaser_INT                00000894 _T3
00000804 _OLD_KEYSW_ON                    00000896 _FanLaser_PROP
00000815 _PLACE                           00000898 _LASSET
000008ce _PRF                             0000089a _TEMP
00000859 _PULSERATE                       0000089c _T4
0000085d _PWMTime                         0000089e _T6
000008e2 _PWM                             000008a0 _D1_INT
00000818 _QSWEN                           000008a2 _FanLaser_DIF
00000813 _QSWEXT                          000008a4 _Kd
00000811 _QSWON                           000008a6 _RES_D1
000008ea _QSW                             000008a8 _Ki
00000826 _QUESTION                        000008aa _RDELTA
000008aa _RDELTA                          000008ac _D1_SET
0000088e _RDIF                            000008ae _LHT_PG
0000080f _REMLOC                          000008b0 _D1_ACT
00000816 _RESET                           000008b2 _ENVIR_TEMP
000008a6 _RES_D1                          000008b4 _FanLaser_OLD_ERROR
00000845 _RES_ENVIR                       000008b6 _OLD_D1_INT
0000083f _RES_LASER_TEMP                  000008b8 _LHT_I
00000846 _RF_GATE_ON                      000008ba _TK1
00000812 _RF_OFF                          000008be _TK2
00000ea2 _RS232_RX                        000008c2 _TDI
000008f2 _RST                             000008c6 _TLA
00002dd3 _ReadDallas2                     000008ca _IDI
00002d29 _ReadData                        000008ce _PRF
0000081a _SHTON                           000008d2 _TEV
000008fa _SHT                             000008d6 _FPS
00000851 _SIGN_FUN8SET                    000008da _FPL
00000835 _Sctr                            000008de _DCL
00000807 _SecurityIniting                 000008e2 _PWM
0000080d _Sign_2Min                       000008e6 _EXT
0000080e _Sign_8Min                       000008ea _QSW
00000880 _T1                              000008ee _OKK
0000088a _T2                              000008f2 _RST
00000894 _T3                              000008f6 _DIO
0000089c _T4                              000008fa _SHT
00000892 _T5                              000008fe _HOLD
0000089e _T6                              00000904 _msg_globe
000008c2 _TDI                             0000090a _TURN_ON
0000089a _TEMP                            00000911 _ERROR
00000ca6 _TEMPTBL1                        00000918 _OKOKOK
000008d2 _TEV                             0000091f _TURN_OFF
0000083c _TFLAG                           00000926 _msg15
000008ba _TK1                             0000092e _msg14
000008be _TK2                             00000937 _fps
000008c6 _TLA                             00000941 _msg26
00000801 _TPFLAG                          00000954 _msg25
0000091f _TURN_OFF                        00000968 _msg16
0000090a _TURN_ON                         0000097c _msg24
0000080b _TimeC_2Min                      00000990 _msg19
0000080c _TimeC_8Min                      000009b0 _msg23
0000080a _TimeC_Min                       000009d3 _msg20
00000809 _TimeC_Sec                       000009f6 _msg22
00000833 _Time                            00000a19 _msg6
0000081b _UPDRAT                          00000a3d _msg7
00002cc4 _WriteDallas2                    00000a61 _msg8
00002bf3 _WriteDatax                      00000a85 _msg21
00002e15 _WriteData                       00000aa9 _msg12
00000805 _WriteFlag                       00000acd _msg18
00000822 _XTL1ACT                         00000af2 _msg17
00000821 _XTL1SET                         00000b17 _msg11
0000082d _XTL2ACT                         00000b3d _msg13
00000839 _XTL2SET                         00000b63 _msg10
00000820 _ZERO                            00000b8b _msg9
00000028 __STACK_SIZE                     00000bb3 _msg5
00000e81 __cleanup_ptr                    00000bdb _msg3
000032c2 _abort                           00000c03 _msg4
00000838 _adTimerVar                      00000c2b _msg1
000000b5 _alarmAction                     00000c54 _msg2
000032a3 _atexit                          00000c7d _msg27
00000ebc _buffer_index                    00000ca6 _TEMPTBL1
0000324e _c_int0                          00000cd9 _ADTEMP7
00000840 _chr                             00000d0d _ADTEMP5
00000f65 _clearScreen                     00000d41 _ADTEMP3
00000817 _clearWarning                    00000d75 _ADTEMP0
00000044 _clearstring                     00000da9 _ADTEMP6
00000222 _defaultAction                   00000ddd _ADTEMP4
00000e8f _diodeAction                     00000e11 _ADTEMP2
00000ef3 _diodeAction_1                   00000e45 _ADTEMP1
000023d7 _dspfun                          00000e81 __cleanup_ptr
000012eb _echo2                           00000e8f _diodeAction
00000ead _echo_msg                        00000ea2 _RS232_RX
000012d7 _echo                            00000ead _echo_msg
00003275 _exit                            00000eb3 _setting_value
00003472 _f$$error                        00000eb9 _parameter
00000937 _fps                             00000ebc _buffer_index
00000848 _fps_index_count                 00000ebd end
0000082a _fps_index                       00000ef3 _diodeAction_1
00000836 _functionAction                  00000f65 _clearScreen
00000849 _gate_pre                        00000f92 _timer1_isr
00000841 _gate                            0000121b _xint1
0000083e _index                           0000122f _uarttr
0000067a _keyswFirstOnAction              00001250 _sciPolling
00000124 _keyswOffAction                  000012d7 _echo
00001955 _longToString                    000012eb _echo2
00001a0c _main                            0000132f _runQuery
000025b7 _message                         0000158c _runCommand
00000b63 _msg10                           00001936 _sciInit
00000b17 _msg11                           00001955 _longToString
00000aa9 _msg12                           000019a3 _stringToLong
00000c2b _msg1                            00001a0c _main
00000b3d _msg13                           00002114 _Initialize
0000092e _msg14                           0000239e _First
00000926 _msg15                           000023d7 _dspfun
00000968 _msg16                           000025a0 _wait
00000af2 _msg17                           000025b7 _message
00000acd _msg18                           000025ff _num2ascii
00000990 _msg19                           0000283d _wrtstring
000009d3 _msg20                           0000287f _wrtchrs
00000a85 _msg21                           000028be _GETTEMP
000009f6 _msg22                           0000298b _tempctl
000009b0 _msg23                           00002bf3 _WriteDatax
00000c54 _msg2                            00002cc4 _WriteDallas2
0000097c _msg24                           00002d29 _ReadData
00000954 _msg25                           00002dd3 _ReadDallas2
00000941 _msg26                           00002e15 _WriteData
00000c7d _msg27                           00002ed8 _LCDSetup
00000bdb _msg3                            00002f21 _LCDRefresh
00000c03 _msg4                            0000324e _c_int0
00000bb3 _msg5                            00003275 _exit
00000a19 _msg6                            000032a3 _atexit
00000a3d _msg7                            000032c2 C$$EXIT
00000a61 _msg8                            000032c2 _abort
00000b8b _msg9                            000032c5 F$$ADD
00000904 _msg_globe                       00003379 F$$COMPARE
000025ff _num2ascii                       000033bc F$$EQ
00000eb9 _parameter                       000033bf F$$NE
000000e9 _pulseRateAction                 000033c2 F$$LE
00000179 _qswextAction                    000033c5 F$$LT
0000008f _qswonAction                     000033c8 F$$GE
000000cf _resetAction                     000033cb F$$GT
0000158c _runCommand                      000033ce F$$DIV
0000132f _runQuery                        00003472 _f$$error
00001936 _sciInit                         00003473 F$$FTOI
00001250 _sciPolling                      000034b4 F$$FTOL
0000084f _securityenable                  00003507 F$$FTOU
00000eb3 _setting_value                   0000354b F$$ITOF
000001e5 _shtonAction                     0000356f F$$LTOF
00000076 _shutterOff                      00003597 F$$ULTOF
00000843 _smooth                          000035a0 F$$MUL
000037e7 _strcpy                          0000361c F$$SUB
000019a3 _stringToLong                    00003629 F$$UTOF
00003801 _strncmp                         00003642 I$$DIV
00003842 _strncpy                         0000367e I$$MOD
0000298b _tempctl                         000036cf L$$DIVS
00000f92 _timer1_isr                      0000370a L$$MODS
0000122f _uarttr                          00003741 L$$DIVU
000025a0 _wait                            00003761 L$$MODU
00000837 _wrf                             000037b9 I$$SAVE
0000287f _wrtchrs                         000037d1 I$$REST
0000283d _wrtstring                       000037e7 _strcpy
0000087d _wt                              00003801 _strncmp
0000121b _xint1                           00003842 _strncpy
000038fe cinit                            00003876 I$$UDIV
00000300 edata                            0000389c I$$UMOD
00000ebd end                              000038fe cinit
000038fe etext                            000038fe etext
ffffffff pinit                            ffffffff pinit

[290 symbols]
