******************************************************************************
TMS320C24xx COFF Linker           Version 7.04                   
******************************************************************************
>> Linked Sun Apr 07 14:22:58 2013

OUTPUT FILE NAME:   <./Debug/laserdrvr.out>
ENTRY POINT SYMBOL: "_c_int0"  address: 00003691


MEMORY CONFIGURATION

           name     origin    length      used    attributes    fill
         --------  --------  ---------  --------  ----------  --------
PAGE 0: VECS      00000000  000000040  00000040     RWIX      
         FLASH     00000044  000007fbc  00004208     RWIX      

PAGE 1: B2        00000060  000000020  00000000     RWIX      
         B0        00000200  000000100  00000000     RWIX      
         B1        00000300  000000100  00000000     RWIX      
         SARAM     00000800  000000800  000005c3     RWIX      


SECTION ALLOCATION MAP

 output                                  attributes/
section   page    origin      length       input sections
--------  ----  ----------  ----------   ----------------
.text      0    00000044    00003cfd     
                  00000044    000011be     actions.obj (.text)
                  00001202    00000000     CVECTORS.obj (.text)
                  00001202    0000006b     ISR.obj (.text)
                  0000126d    0000079e     RS232.obj (.text)
                  00001a0b    0000071b     yucojca.obj (.text)
                  00002126    0000156b     YucoSupport.obj (.text)
                  00003691    00000027     rts2xx.lib : boot.obj (.text)
                  000036b8    00000050                : exit.obj (.text)
                  00003708    000000b4                : f_add.obj (.text)
                  000037bc    00000055                : f_cmp.obj (.text)
                  00003811    000000a4                : f_div.obj (.text)
                  000038b5    00000001                : f_error.obj (.text)
                  000038b6    00000041                : f_ftoi.obj (.text)
                  000038f7    00000053                : f_ftol.obj (.text)
                  0000394a    00000044                : f_ftou.obj (.text)
                  0000398e    00000024                : f_itof.obj (.text)
                  000039b2    00000031                : f_ltof.obj (.text)
                  000039e3    0000007c                : f_mul.obj (.text)
                  00003a5f    0000000d                : f_sub.obj (.text)
                  00003a6c    00000019                : f_utof.obj (.text)
                  00003a85    0000008d                : idiv.obj (.text)
                  00003b12    000000ea                : ldiv.obj (.text)
                  00003bfc    0000002e                : saverest.obj (.text)
                  00003c2a    0000001a                : strcpy.obj (.text)
                  00003c44    00000041                : strncmp.obj (.text)
                  00003c85    00000034                : strncpy.obj (.text)
                  00003cb9    00000088                : udiv.obj (.text)

.cinit     0    00003d41    0000050b     
                  00003d41    00000504     yucojca.obj (.cinit)
                  00004245    00000006     rts2xx.lib : exit.obj (.cinit)
                  0000424b    00000001     --HOLE-- [fill = 0000]

.switch    0    00000044    00000000     UNINITIALIZED

.const     1    00000300    00000000     UNINITIALIZED

//.const   0    00000044    00000000     UNINITIALIZED

my_sect    1    00000200    00000000     UNINITIALIZED

.bss       1    00000800    0000059b     UNINITIALIZED
                  00000800    00000559     yucojca.obj (.bss)
                  00000d59    00000000     rts2xx.lib : f_error.obj (.bss)
                  00000d59    00000000                : f_div.obj (.bss)
                  00000d59    00000000                : f_cmp.obj (.bss)
                  00000d59    00000000                : f_ftou.obj (.bss)
                  00000d59    00000000                : f_ftol.obj (.bss)
                  00000d59    00000000                : f_ftoi.obj (.bss)
                  00000d59    00000000     ISR.obj (.bss)
                  00000d59    00000000     CVECTORS.obj (.bss)
                  00000d59    00000000     actions.obj (.bss)
                  00000d59    00000000     rts2xx.lib : f_add.obj (.bss)
                  00000d59    00000000                : boot.obj (.bss)
                  00000d59    00000000     YucoSupport.obj (.bss)
                  00000d59    00000000     rts2xx.lib : saverest.obj (.bss)
                  00000d59    00000000                : udiv.obj (.bss)
                  00000d59    00000000                : ldiv.obj (.bss)
                  00000d59    00000000                : strncmp.obj (.bss)
                  00000d59    00000000                : strncpy.obj (.bss)
                  00000d59    00000000                : strcpy.obj (.bss)
                  00000d59    00000000                : f_mul.obj (.bss)
                  00000d59    00000000                : f_ltof.obj (.bss)
                  00000d59    00000000                : f_itof.obj (.bss)
                  00000d59    00000000                : idiv.obj (.bss)
                  00000d59    00000000                : f_utof.obj (.bss)
                  00000d59    00000000                : f_sub.obj (.bss)
                  00000d59    00000022                : exit.obj (.bss)
                  00000d80    0000001b     RS232.obj (.bss)

.stack     1    00000d9b    00000028     UNINITIALIZED
                  00000d9b    00000000     rts2xx.lib : boot.obj (.stack)

.sysmem    1    00000300    00000000     UNINITIALIZED

vectors    0    00000000    00000040     
                  00000000    00000040     CVECTORS.obj (vectors)

.data      1    00000300    00000000     UNINITIALIZED
                  00000300    00000000     actions.obj (.data)
                  00000300    00000000     rts2xx.lib : udiv.obj (.data)
                  00000300    00000000                : strncpy.obj (.data)
                  00000300    00000000                : strncmp.obj (.data)
                  00000300    00000000                : strcpy.obj (.data)
                  00000300    00000000                : saverest.obj (.data)
                  00000300    00000000                : ldiv.obj (.data)
                  00000300    00000000                : idiv.obj (.data)
                  00000300    00000000                : f_utof.obj (.data)
                  00000300    00000000                : f_sub.obj (.data)
                  00000300    00000000                : f_mul.obj (.data)
                  00000300    00000000                : f_ltof.obj (.data)
                  00000300    00000000                : f_itof.obj (.data)
                  00000300    00000000                : f_ftou.obj (.data)
                  00000300    00000000                : f_ftol.obj (.data)
                  00000300    00000000                : f_ftoi.obj (.data)
                  00000300    00000000                : f_error.obj (.data)
                  00000300    00000000                : f_div.obj (.data)
                  00000300    00000000                : f_cmp.obj (.data)
                  00000300    00000000                : f_add.obj (.data)
                  00000300    00000000                : exit.obj (.data)
                  00000300    00000000                : boot.obj (.data)
                  00000300    00000000     YucoSupport.obj (.data)
                  00000300    00000000     yucojca.obj (.data)
                  00000300    00000000     RS232.obj (.data)
                  00000300    00000000     ISR.obj (.data)
                  00000300    00000000     CVECTORS.obj (.data)

table      0    00000044    00000000     UNINITIALIZED


GLOBAL SYMBOLS

address  name                             address  name
-------- ----                             -------- ----
00000800 .bss                             00000028 __STACK_SIZE
00000300 .data                            00000044 .text
00000044 .text                            00000044 _clearstring
00003705 C$$EXIT                          00000076 _shutterOff
00003708 F$$ADD                           0000008f _qswonAction
000037bc F$$COMPARE                       000000b5 _alarmAction
00003811 F$$DIV                           000000cf _resetAction
000037ff F$$EQ                            000000e9 _pulseRateAction
000038b6 F$$FTOI                          0000012c _keyswOffAction
000038f7 F$$FTOL                          00000186 _qswextAction
0000394a F$$FTOU                          000001f2 _shtonAction
0000380b F$$GE                            0000022f _defaultAction
0000380e F$$GT                            00000300 edata
0000398e F$$ITOF                          00000300 .data
00003805 F$$LE                            00000614 _keyswFirstOnAction
000039b2 F$$LTOF                          00000800 _LOOP
00003808 F$$LT                            00000800 .bss
000039e3 F$$MUL                           00000801 _TPFLAG
00003802 F$$NE                            00000802 _BEEPER
00003a5f F$$SUB                           00000803 _OLD_KEYSW_ON
000039da F$$ULTOF                         00000804 _WriteFlag
00003a6c F$$UTOF                          00000804 _functionAction
00003a85 I$$DIV                           00000805 _InitingError
00003ac1 I$$MOD                           00000806 _SecurityIniting
00003c14 I$$REST                          00000807 _ADTIMER
00003bfc I$$SAVE                          00000808 _TimeC_Sec
00003cb9 I$$UDIV                          00000809 _TimeC_Min
00003cdf I$$UMOD                          0000080a _TimeC_2Min
00003b12 L$$DIVS                          0000080b _TimeC_8Min
00003b84 L$$DIVU                          0000080c _Sign_2Min
00003b4d L$$MODS                          0000080d _Sign_8Min
00003ba4 L$$MODU                          0000080e _REMLOC
00000849 _ADJUST                          0000080f _FUNCTION
00000807 _ADTIMER                         00000810 _QSWON
00000802 _BEEPER                          00000811 _QSWEXT
00000832 _BTIME                           00000812 _RF_OFF
00000871 _D1_ACT                          00000813 _FirstStemp
00000875 _D1_DIF                          00000814 _PLACE
000008aa _D1_ERROR                        00000815 _RESET
0000089e _D1_INT                          00000816 _clearWarning
00000853 _D1_OUT_OLD                      00000817 _DIODESELECT
00000829 _D1_OUT                          00000818 _QSWEN
000008b4 _D1_PROP                         00000819 _EXTDCUR
00000892 _D1_SET                          0000081a _EXTDCUR2
00000847 _D1_SUM                          0000081b _SHTON
0000087d _D2_ACT                          0000081c _UPDRAT
000008ba _D2_SET                          0000081d _DIMAX
0000088a _DATA                            0000081e _RF_GATE_ON
000008d4 _DCL                             0000081f _gate
0000081d _DIMAX                           00000820 _FPS_LEVEL_SET
00000888 _DIODECUR2                       00000821 _XTL2SET
0000086d _DIODECUR                        00000822 _wrf
00000841 _DIODECUR_ACT                    00000823 _EXTFREQ
00000817 _DIODESELECT                     00000824 _fps_index
00000904 _DIO                             00000825 _ENVIR
00000828 _DIODECUR_ACT2                   00000826 _QUESTION
00000873 _DUMMY                           00000827 _EXTD
00000863 _Diode_SetPt2                    00000828 _DIODECUR_ACT2
00000861 _Diode_SetPt                     00000829 _D1_OUT
00000865 _DspTmr                          0000082a _XTL1ACT
0000085c _EMPTY                           0000082b _FanLaser_OUT
00000857 _ENIVR                           0000082c _gate_pre
0000084f _ENVACT                          0000082d _RES_LASER_TEMP
00000825 _ENVIR                           0000082e _fps_index_count
000008b0 _ENVIR_TEMP                      0000082f _ENVSET
0000082f _ENVSET                          00000830 _JumpInit
00000835 _EQUAL                           00000831 _KEY
00000922 _ERROR                           00000832 _BTIME
00000843 _EXRFP                           00000833 _NEW_LINE
00000819 _EXTDCUR                         00000834 _adTimerVar
00000827 _EXTD                            00000835 _EQUAL
0000081a _EXTDCUR2                        00000836 _T6
000008e0 _EXT                             00000837 _T10
00000823 _EXTFREQ                         00000838 _T5
0000084c _FCTR                            00000839 _T4
000008f0 _FPL                             0000083a _MODE_SEL
0000084d _FPS_LEVEL                       0000083b _Sctr
00000820 _FPS_LEVEL_SET                   0000083c _T2
000008ec _FPS                             0000083d _OLD_ERROR_L
00000844 _FPS_ON                          0000083e _ZERO
00000860 _FPS_ON_SET                      0000083f _FanLaser_OUT_OLD
00000859 _FREQ                            00000840 _T1
0000080f _FUNCTION                        00000841 _DIODECUR_ACT
00000890 _FanLaser_DIF                    00000842 _MODE_DONE
000008b8 _FanLaser_ERROR                  00000843 _EXRFP
00000882 _FanLaser_INT                    00000844 _FPS_ON
000008ae _FanLaser_OLD_ERROR              00000845 _index
0000083f _FanLaser_OUT_OLD                00000846 _XTL1SET
0000082b _FanLaser_OUT                    00000847 _D1_SUM
00000894 _FanLaser_PROP                   00000848 _Time
000023f5 _First                           00000849 _ADJUST
00000813 _FirstStemp                      0000084a _Iindex
00002a26 _GETTEMP                         0000084b _XTL2ACT
00000908 _HOLD                            0000084c _FCTR
000008fc _IDI                             0000084d _FPS_LEVEL
00000867 _INITCUR                         0000084e _SIGN_FUN8SET
00000869 _INITCUR2                        0000084f _ENVACT
000008b2 _INTEST                          00000850 _smooth
000008a6 _INTLIMIT                        00000851 _chr
0000084a _Iindex                          00000852 _LASER_SET
00002126 _Initialize                      00000853 _D1_OUT_OLD
00000805 _InitingError                    00000854 _T9
00000830 _JumpInit                        00000855 _RES_ENVIR
00000831 _KEY                             00000856 _TFLAG
0000088c _Kd                              00000857 _ENIVR
00000898 _Ki                              00000858 _T12
000008a2 _Kp                              00000859 _FREQ
0000089c _LASACT                          0000085a _T14
000008be _LASERPOWER                      0000085b _T15
00000852 _LASER_SET                       0000085c _EMPTY
00000877 _LASER_TEMP                      0000085d _T13
00000896 _LASSET                          0000085e _securityenable
00003238 _LCDRefresh                      0000085f _T11
000031ef _LCDSetup                        00000860 _FPS_ON_SET
000008ac _LHT_D                           00000861 _Diode_SetPt
000008a4 _LHT_DG                          00000863 _Diode_SetPt2
00000886 _LHT_IG                          00000865 _DspTmr
000008c2 _LHT_I                           00000867 _INITCUR
000008a8 _LHT_OLDI                        00000869 _INITCUR2
00000880 _LHT_PG                          0000086b _PULSERATE
00000800 _LOOP                            0000086d _DIODECUR
00000842 _MODE_DONE                       0000086f _PWMTime
0000083a _MODE_SEL                        00000871 _D1_ACT
00000833 _NEW_LINE                        00000873 _DUMMY
000008c4 _OKK                             00000875 _D1_DIF
00000929 _OKOKOK                          00000877 _LASER_TEMP
000008a0 _OLD_ACT                         00000879 _wt
000008c0 _OLD_D1_INT                      0000087b _OLD_FanLaser_INT
00000884 _OLD_ERROR                       0000087d _D2_ACT
0000083d _OLD_ERROR_L                     00000880 _LHT_PG
0000087b _OLD_FanLaser_INT                00000882 _FanLaser_INT
00000803 _OLD_KEYSW_ON                    00000884 _OLD_ERROR
00000814 _PLACE                           00000886 _LHT_IG
000008e4 _PRF                             00000888 _DIODECUR2
0000086b _PULSERATE                       0000088a _DATA
000008e8 _PWM                             0000088c _Kd
0000086f _PWMTime                         0000088e _RDELTA
00000818 _QSWEN                           00000890 _FanLaser_DIF
00000811 _QSWEXT                          00000892 _D1_SET
000008d8 _QSW                             00000894 _FanLaser_PROP
00000810 _QSWON                           00000896 _LASSET
00000826 _QUESTION                        00000898 _Ki
0000088e _RDELTA                          0000089a _RES_D1
000008bc _RDIF                            0000089c _LASACT
0000080e _REMLOC                          0000089e _D1_INT
00000815 _RESET                           000008a0 _OLD_ACT
0000089a _RES_D1                          000008a2 _Kp
00000855 _RES_ENVIR                       000008a4 _LHT_DG
0000082d _RES_LASER_TEMP                  000008a6 _INTLIMIT
0000081e _RF_GATE_ON                      000008a8 _LHT_OLDI
00000812 _RF_OFF                          000008aa _D1_ERROR
00000d80 _RS232_RX                        000008ac _LHT_D
00000900 _RST                             000008ae _FanLaser_OLD_ERROR
00003024 _ReadDallas2                     000008b0 _ENVIR_TEMP
00003066 _ReadData                        000008b2 _INTEST
00002f71 _ReadDatax                       000008b4 _D1_PROP
000008dc _SHT                             000008b6 _TEMP
0000081b _SHTON                           000008b8 _FanLaser_ERROR
0000084e _SIGN_FUN8SET                    000008ba _D2_SET
0000083b _Sctr                            000008bc _RDIF
00000806 _SecurityIniting                 000008be _LASERPOWER
0000080c _Sign_2Min                       000008c0 _OLD_D1_INT
0000080d _Sign_8Min                       000008c2 _LHT_I
00000837 _T10                             000008c4 _OKK
00000840 _T1                              000008c8 _TLA
0000085f _T11                             000008cc _TK1
00000858 _T12                             000008d0 _TEV
0000085d _T13                             000008d4 _DCL
0000085a _T14                             000008d8 _QSW
0000085b _T15                             000008dc _SHT
0000083c _T2                              000008e0 _EXT
00000839 _T4                              000008e4 _PRF
00000838 _T5                              000008e8 _PWM
00000836 _T6                              000008ec _FPS
00000854 _T9                              000008f0 _FPL
000008f8 _TDI                             000008f4 _TK2
00000d26 _TEMPTBL1                        000008f8 _TDI
000008b6 _TEMP                            000008fc _IDI
000008d0 _TEV                             00000900 _RST
00000856 _TFLAG                           00000904 _DIO
000008cc _TK1                             00000908 _HOLD
000008f4 _TK2                             0000090e _msg_globe
000008c8 _TLA                             00000914 _TURN_ON
00000801 _TPFLAG                          0000091b _TURN_OFF
0000091b _TURN_OFF                        00000922 _ERROR
00000914 _TURN_ON                         00000929 _OKOKOK
0000080a _TimeC_2Min                      00000930 _msg15
00000808 _TimeC_Sec                       00000938 _msg14
0000080b _TimeC_8Min                      00000941 _fps
00000809 _TimeC_Min                       0000094b _msg25
00000848 _Time                            0000095e _msg31
0000081c _UPDRAT                          00000971 _msg16
00002f0c _WriteDallas2                    00000985 _msg24
000030fa _WriteData                       00000999 _msg20
00002e33 _WriteDatax                      000009bc _msg23
00000804 _WriteFlag                       000009df _msg29
0000082a _XTL1ACT                         00000a03 _msg6
00000846 _XTL1SET                         00000a27 _msg7
0000084b _XTL2ACT                         00000a4b _msg28
00000821 _XTL2SET                         00000a6f _msg8
0000083e _ZERO                            00000a93 _msg12
00000028 __STACK_SIZE                     00000ab7 _msg21
00000d5a __cleanup_ptr                    00000adb _msg18
00003705 _abort                           00000b00 _msg11
00000834 _adTimerVar                      00000b25 _msg17
000000b5 _alarmAction                     00000b4a _msg19
000036e6 _atexit                          00000b6f _msg30
00000d9a _buffer_index                    00000b95 _msg13
00003691 _c_int0                          00000bbb _msg3
00000851 _chr                             00000be3 _msg9
000011d5 _clearScreen                     00000c0b _msg27
00000816 _clearWarning                    00000c33 _msg5
00000044 _clearstring                     00000c5b _msg4
0000022f _defaultAction                   00000c83 _msg10
00001076 _diodeAction                     00000cab _msg1
00001115 _diodeAction_1                   00000cd4 _msg2
0000242d _dspfun                          00000cfd _msg26
000012f4 _echo                            00000d26 _TEMPTBL1
00001308 _echo2                           00000d5a __cleanup_ptr
00000d8b _echo_msg                        00000d80 _RS232_RX
000036b8 _exit                            00000d8b _echo_msg
000038b5 _f$$error                        00000d91 _setting_value
00000941 _fps                             00000d97 _parameter
0000082e _fps_index_count                 00000d9a _buffer_index
00000824 _fps_index                       00000d9b end
00000804 _functionAction                  00001076 _diodeAction
0000081f _gate                            00001115 _diodeAction_1
0000082c _gate_pre                        000011d5 _clearScreen
00000845 _index                           00001202 _timer1_isr
00000614 _keyswFirstOnAction              0000123c _xint1
0000012c _keyswOffAction                  00001250 _uarttr
00001954 _longToString                    0000126d _sciPolling
00001a0b _main                            000012f4 _echo
00002694 _message                         00001308 _echo2
00000b00 _msg11                           0000134c _runQuery
00000c83 _msg10                           000015a9 _runCommand
00000cab _msg1                            00001935 _sciInit
00000a93 _msg12                           00001954 _longToString
00000b95 _msg13                           000019a2 _stringToLong
00000938 _msg14                           00001a0b _main
00000930 _msg15                           00002126 _Initialize
00000971 _msg16                           000023f5 _First
00000b25 _msg17                           0000242d _dspfun
00000adb _msg18                           0000267d _wait
00000b4a _msg19                           00002694 _message
00000985 _msg24                           000026dc _num2ascii
00000cfd _msg26                           000029a5 _wrtstring
00000999 _msg20                           000029e7 _wrtchrs
00000ab7 _msg21                           00002a26 _GETTEMP
000009bc _msg23                           00002af2 _tempctl
0000094b _msg25                           00002e33 _WriteDatax
00000cd4 _msg2                            00002f0c _WriteDallas2
00000c0b _msg27                           00002f71 _ReadDatax
00000a4b _msg28                           00003024 _ReadDallas2
000009df _msg29                           00003066 _ReadData
00000b6f _msg30                           000030fa _WriteData
00000bbb _msg3                            000031ef _LCDSetup
0000095e _msg31                           00003238 _LCDRefresh
00000c5b _msg4                            00003691 _c_int0
00000c33 _msg5                            000036b8 _exit
00000a03 _msg6                            000036e6 _atexit
00000a27 _msg7                            00003705 _abort
00000a6f _msg8                            00003705 C$$EXIT
00000be3 _msg9                            00003708 F$$ADD
0000090e _msg_globe                       000037bc F$$COMPARE
000026dc _num2ascii                       000037ff F$$EQ
00000d97 _parameter                       00003802 F$$NE
000000e9 _pulseRateAction                 00003805 F$$LE
00000186 _qswextAction                    00003808 F$$LT
0000008f _qswonAction                     0000380b F$$GE
000000cf _resetAction                     0000380e F$$GT
000015a9 _runCommand                      00003811 F$$DIV
0000134c _runQuery                        000038b5 _f$$error
00001935 _sciInit                         000038b6 F$$FTOI
0000126d _sciPolling                      000038f7 F$$FTOL
0000085e _securityenable                  0000394a F$$FTOU
00000d91 _setting_value                   0000398e F$$ITOF
000001f2 _shtonAction                     000039b2 F$$LTOF
00000076 _shutterOff                      000039da F$$ULTOF
00000850 _smooth                          000039e3 F$$MUL
00003c2a _strcpy                          00003a5f F$$SUB
000019a2 _stringToLong                    00003a6c F$$UTOF
00003c44 _strncmp                         00003a85 I$$DIV
00003c85 _strncpy                         00003ac1 I$$MOD
00002af2 _tempctl                         00003b12 L$$DIVS
00001202 _timer1_isr                      00003b4d L$$MODS
00001250 _uarttr                          00003b84 L$$DIVU
0000267d _wait                            00003ba4 L$$MODU
00000822 _wrf                             00003bfc I$$SAVE
000029e7 _wrtchrs                         00003c14 I$$REST
000029a5 _wrtstring                       00003c2a _strcpy
00000879 _wt                              00003c44 _strncmp
0000123c _xint1                           00003c85 _strncpy
00003d41 cinit                            00003cb9 I$$UDIV
00000300 edata                            00003cdf I$$UMOD
00000d9b end                              00003d41 cinit
00003d41 etext                            00003d41 etext
ffffffff pinit                            ffffffff pinit

[298 symbols]
