******************************************************************************
TMS320C24xx COFF Linker           Version 7.04                   
******************************************************************************
>> Linked Fri Aug 16 16:27:56 2013

OUTPUT FILE NAME:   <./Debug/laserdrvr.out>
ENTRY POINT SYMBOL: "_c_int0"  address: 0000383f


MEMORY CONFIGURATION

           name     origin    length      used    attributes    fill
         --------  --------  ---------  --------  ----------  --------
PAGE 0: VECS      00000000  000000040  00000040     RWIX      
         FLASH     00000044  000007fbc  00004406     RWIX      

PAGE 1: B2        00000060  000000020  00000000     RWIX      
         B0        00000200  000000100  00000000     RWIX      
         B1        00000300  000000100  00000000     RWIX      
         SARAM     00000800  000000800  00000616     RWIX      


SECTION ALLOCATION MAP

 output                                  attributes/
section   page    origin      length       input sections
--------  ----  ----------  ----------   ----------------
.text      0    00000044    00003eab     
                  00000044    00001270     actions.obj (.text)
                  000012b4    00000000     CVECTORS.obj (.text)
                  000012b4    000000f4     ISR.obj (.text)
                  000013a8    0000079e     RS232.obj (.text)
                  00001b46    0000071b     yucojca.obj (.text)
                  00002261    000015de     YucoSupport.obj (.text)
                  0000383f    00000027     rts2xx.lib : boot.obj (.text)
                  00003866    00000050                : exit.obj (.text)
                  000038b6    000000b4                : f_add.obj (.text)
                  0000396a    00000055                : f_cmp.obj (.text)
                  000039bf    000000a4                : f_div.obj (.text)
                  00003a63    00000001                : f_error.obj (.text)
                  00003a64    00000041                : f_ftoi.obj (.text)
                  00003aa5    00000053                : f_ftol.obj (.text)
                  00003af8    00000044                : f_ftou.obj (.text)
                  00003b3c    00000024                : f_itof.obj (.text)
                  00003b60    00000031                : f_ltof.obj (.text)
                  00003b91    0000007c                : f_mul.obj (.text)
                  00003c0d    0000000d                : f_sub.obj (.text)
                  00003c1a    00000019                : f_utof.obj (.text)
                  00003c33    0000008d                : idiv.obj (.text)
                  00003cc0    000000ea                : ldiv.obj (.text)
                  00003daa    0000002e                : saverest.obj (.text)
                  00003dd8    0000001a                : strcpy.obj (.text)
                  00003df2    00000041                : strncmp.obj (.text)
                  00003e33    00000034                : strncpy.obj (.text)
                  00003e67    00000088                : udiv.obj (.text)

.cinit     0    00003eef    0000055b     
                  00003eef    00000554     yucojca.obj (.cinit)
                  00004443    00000006     rts2xx.lib : exit.obj (.cinit)
                  00004449    00000001     --HOLE-- [fill = 0000]

.switch    0    00000044    00000000     UNINITIALIZED

.const     1    00000300    00000000     UNINITIALIZED

//.const   0    00000044    00000000     UNINITIALIZED

my_sect    1    00000200    00000000     UNINITIALIZED

.bss       1    00000800    000005ee     UNINITIALIZED
                  00000800    000005b1     yucojca.obj (.bss)
                  00000db1    00000000     rts2xx.lib : f_error.obj (.bss)
                  00000db1    00000000                : f_div.obj (.bss)
                  00000db1    00000000                : f_cmp.obj (.bss)
                  00000db1    00000000                : f_ftou.obj (.bss)
                  00000db1    00000000                : f_ftol.obj (.bss)
                  00000db1    00000000                : f_ftoi.obj (.bss)
                  00000db1    00000000     ISR.obj (.bss)
                  00000db1    00000000     CVECTORS.obj (.bss)
                  00000db1    00000000     actions.obj (.bss)
                  00000db1    00000000     rts2xx.lib : f_add.obj (.bss)
                  00000db1    00000000                : boot.obj (.bss)
                  00000db1    00000000     YucoSupport.obj (.bss)
                  00000db1    00000000     rts2xx.lib : saverest.obj (.bss)
                  00000db1    00000000                : udiv.obj (.bss)
                  00000db1    00000000                : ldiv.obj (.bss)
                  00000db1    00000000                : strncmp.obj (.bss)
                  00000db1    00000000                : strncpy.obj (.bss)
                  00000db1    00000000                : strcpy.obj (.bss)
                  00000db1    00000000                : f_mul.obj (.bss)
                  00000db1    00000000                : f_ltof.obj (.bss)
                  00000db1    00000000                : f_itof.obj (.bss)
                  00000db1    00000000                : idiv.obj (.bss)
                  00000db1    00000000                : f_utof.obj (.bss)
                  00000db1    00000000                : f_sub.obj (.bss)
                  00000db1    00000022                : exit.obj (.bss)
                  00000dd3    0000001b     RS232.obj (.bss)

.stack     1    00000dee    00000028     UNINITIALIZED
                  00000dee    00000000     rts2xx.lib : boot.obj (.stack)

.sysmem    1    00000300    00000000     UNINITIALIZED

vectors    0    00000000    00000040     
                  00000000    00000040     CVECTORS.obj (vectors)

.data      1    00000300    00000000     UNINITIALIZED
                  00000300    00000000     actions.obj (.data)
                  00000300    00000000     rts2xx.lib : udiv.obj (.data)
                  00000300    00000000                : strncpy.obj (.data)
                  00000300    00000000                : strncmp.obj (.data)
                  00000300    00000000                : strcpy.obj (.data)
                  00000300    00000000                : saverest.obj (.data)
                  00000300    00000000                : ldiv.obj (.data)
                  00000300    00000000                : idiv.obj (.data)
                  00000300    00000000                : f_utof.obj (.data)
                  00000300    00000000                : f_sub.obj (.data)
                  00000300    00000000                : f_mul.obj (.data)
                  00000300    00000000                : f_ltof.obj (.data)
                  00000300    00000000                : f_itof.obj (.data)
                  00000300    00000000                : f_ftou.obj (.data)
                  00000300    00000000                : f_ftol.obj (.data)
                  00000300    00000000                : f_ftoi.obj (.data)
                  00000300    00000000                : f_error.obj (.data)
                  00000300    00000000                : f_div.obj (.data)
                  00000300    00000000                : f_cmp.obj (.data)
                  00000300    00000000                : f_add.obj (.data)
                  00000300    00000000                : exit.obj (.data)
                  00000300    00000000                : boot.obj (.data)
                  00000300    00000000     YucoSupport.obj (.data)
                  00000300    00000000     yucojca.obj (.data)
                  00000300    00000000     RS232.obj (.data)
                  00000300    00000000     ISR.obj (.data)
                  00000300    00000000     CVECTORS.obj (.data)

table      0    00000044    00000000     UNINITIALIZED


GLOBAL SYMBOLS

address  name                             address  name
-------- ----                             -------- ----
00000800 .bss                             00000028 __STACK_SIZE
00000300 .data                            00000044 .text
00000044 .text                            00000044 _clearstring
000038b3 C$$EXIT                          00000076 _shutterOff
000038b6 F$$ADD                           0000008f _qswonAction
0000396a F$$COMPARE                       000000b5 _alarmAction
000039bf F$$DIV                           000000cf _resetAction
000039ad F$$EQ                            000000e9 _pulseRateAction
00003a64 F$$FTOI                          0000012c _keyswOffAction
00003aa5 F$$FTOL                          00000186 _qswextAction
00003af8 F$$FTOU                          000001f2 _shtonAction
000039b9 F$$GE                            0000022f _defaultAction
000039bc F$$GT                            00000300 .data
00003b3c F$$ITOF                          00000300 edata
000039b3 F$$LE                            00000613 _keyswFirstOnAction
000039b6 F$$LT                            00000800 _LOOP
00003b60 F$$LTOF                          00000800 .bss
00003b91 F$$MUL                           00000801 _TPFLAG
000039b0 F$$NE                            00000802 _BEEPER
00003c0d F$$SUB                           00000803 _functionAction
00003b88 F$$ULTOF                         00000803 _OLD_KEYSW_ON
00003c1a F$$UTOF                          00000804 _WriteFlag
00003c33 I$$DIV                           00000805 _InitingError
00003c6f I$$MOD                           00000806 _SecurityIniting
00003dc2 I$$REST                          00000807 _ADTIMER
00003daa I$$SAVE                          00000808 _TimeC_Sec
00003e67 I$$UDIV                          00000809 _TimeC_Min
00003e8d I$$UMOD                          0000080a _TimeC_2Min
00003cc0 L$$DIVS                          0000080b _TimeC_8Min
00003d32 L$$DIVU                          0000080c _Sign_2Min
00003cfb L$$MODS                          0000080d _Sign_8Min
00003d52 L$$MODU                          0000080e _REMLOC
00000849 _ADJUST                          0000080f _FUNCTION
00000807 _ADTIMER                         00000810 _QSWON
00000802 _BEEPER                          00000811 _QSWEXT
00000839 _BTIME                           00000812 _RF_OFF
00000890 _D1_ACT                          00000813 _FirstStemp
00000880 _D1_DIF                          00000814 _PLACE
000008cc _D1_ERROR                        00000815 _RESET
000008a4 _D1_INT                          00000816 _clearWarning
0000082c _D1_OUT                          00000817 _DIODESELECT
0000085a _D1_OUT_OLD                      00000818 _QSWEN
000008be _D1_PROP                         00000819 _EXTDCUR
0000089e _D1_SET                          0000081a _EXTDCUR2
00000829 _D1_SUM                          0000081b _SHTON
0000087d _D2_ACT                          0000081c _UPDRAT
000008bc _D2_SET                          0000081d _DIMAX
00000892 _DATA                            0000081e _FPS_LEVEL_SET
000008e4 _DCL                             0000081f _MOTORSTART
0000081d _DIMAX                           00000820 _RES_ENVIR
0000088e _DIODECUR2                       00000821 _FanLaser_OUT_OLD
00000835 _DIODECUR_ACT                    00000822 _ENVIR
00000873 _DIODECUR                        00000823 _FanLaser_OUT
00000828 _DIODECUR_ACT2                   00000824 _FPS_ON
00000817 _DIODESELECT                     00000825 _Laserpi
00000910 _DIO                             00000826 _EXTFREQ
0000088c _DUMMY                           00000827 _QUESTION
00000869 _Diode_SetPt2                    00000828 _DIODECUR_ACT2
00000867 _Diode_SetPt                     00000829 _D1_SUM
0000086b _DspTmr                          0000082a _XTL1ACT
0000085b _EMPTY                           0000082b _POS_NEW
0000085c _ENIVR                           0000082c _D1_OUT
00000850 _ENVACT                          0000082d _EXTD
000008b6 _ENVIR_TEMP                      0000082e _ZERO
00000822 _ENVIR                           0000082f _index
0000084c _ENVSET                          00000830 _SIGN_FUN12SET
00000834 _EQUAL                           00000831 _FPS_LEVEL
00000927 _ERROR                           00000832 _Time
0000084f _EXRFP                           00000833 _Iindex
000008f0 _EXT                             00000834 _EQUAL
0000081a _EXTDCUR2                        00000835 _DIODECUR_ACT
0000082d _EXTD                            00000836 _NEW_LINE
00000819 _EXTDCUR                         00000837 _T9
00000826 _EXTFREQ                         00000838 _JumpInit
00000858 _FCTR                            00000839 _BTIME
000008dc _FPL                             0000083a _MODE_SEL
0000081e _FPS_LEVEL_SET                   0000083b _T5
00000831 _FPS_LEVEL                       0000083c _T6
00000863 _FPS_ON_SET                      0000083d _KEY
00000824 _FPS_ON                          0000083e _Sctr
000008e0 _FPS                             0000083f _T4
0000085f _FREQ                            00000840 _T1
0000080f _FUNCTION                        00000841 _fps_index_count
00000877 _FanLaser_DIF                    00000842 _T2
000008b8 _FanLaser_ERROR                  00000843 _gate_pre
000008b4 _FanLaser_INT                    00000844 _MODE_DONE
000008c0 _FanLaser_OLD_ERROR              00000845 _OLD_ERROR_L
00000823 _FanLaser_OUT                    00000846 _XTL1SET
00000821 _FanLaser_OUT_OLD                00000847 _T10
000008a0 _FanLaser_PROP                   00000848 _adTimerVar
0000253d _First                           00000849 _ADJUST
00000813 _FirstStemp                      0000084a _RES_LASER_TEMP
00002baa _GETTEMP                         0000084b _smooth
00000914 _HOLD                            0000084c _ENVSET
0000090c _IDI                             0000084d _XTL2SET
0000086f _INITCUR2                        0000084e _POS_OLD
0000086d _INITCUR                         0000084f _EXRFP
000008c6 _INTEST                          00000850 _ENVACT
0000087b _INTLIMIT                        00000851 _chr
00000833 _Iindex                          00000852 _SIGN_FUN8SET
00002261 _Initialize                      00000853 _LASER_SET
00000805 _InitingError                    00000854 _RF_GATE_ON
00000838 _JumpInit                        00000855 _gate
0000083d _KEY                             00000856 _wrf
00000894 _Kd                              00000857 _XTL2ACT
00000898 _Ki                              00000858 _FCTR
000008aa _Kp                              00000859 _MOTORCOUNT
000008a2 _LASACT                          0000085a _D1_OUT_OLD
000008c4 _LASERPOWER                      0000085b _EMPTY
00000853 _LASER_SET                       0000085c _ENIVR
000008b0 _LASER_TEMP                      0000085d _TFLAG
000008a8 _LASSET                          0000085e _T15
0000337c _LCDRefresh                      0000085f _FREQ
00003333 _LCDSetup                        00000860 _T13
00000888 _LHT_DG                          00000861 _T11
000008ce _LHT_D                           00000862 _T14
000008c8 _LHT_I                           00000863 _FPS_ON_SET
000008a6 _LHT_IG                          00000864 _securityenable
00000884 _LHT_OLDI                        00000865 _T12
000008b2 _LHT_PG                          00000866 _fps_index
00000800 _LOOP                            00000867 _Diode_SetPt
00000825 _Laserpi                         00000869 _Diode_SetPt2
00000879 _Laserptemp                      0000086b _DspTmr
0000089a _Laserptemp2                     0000086d _INITCUR
00000844 _MODE_DONE                       0000086f _INITCUR2
0000083a _MODE_SEL                        00000871 _PULSERATE
00000859 _MOTORCOUNT                      00000873 _DIODECUR
0000081f _MOTORSTART                      00000875 _PWMTime
00000836 _NEW_LINE                        00000877 _FanLaser_DIF
000008d0 _OKK                             00000879 _Laserptemp
00000935 _OKOKOK                          0000087b _INTLIMIT
000008ac _OLD_ACT                         0000087d _D2_ACT
000008ca _OLD_D1_INT                      00000880 _D1_DIF
00000845 _OLD_ERROR_L                     00000882 _wt
00000886 _OLD_ERROR                       00000884 _LHT_OLDI
0000088a _OLD_FanLaser_INT                00000886 _OLD_ERROR
00000803 _OLD_KEYSW_ON                    00000888 _LHT_DG
00000814 _PLACE                           0000088a _OLD_FanLaser_INT
0000082b _POS_NEW                         0000088c _DUMMY
0000084e _POS_OLD                         0000088e _DIODECUR2
000008f4 _PRF                             00000890 _D1_ACT
00000871 _PULSERATE                       00000892 _DATA
000008f8 _PWM                             00000894 _Kd
00000875 _PWMTime                         00000896 _RES_D1
000008e8 _QSW                             00000898 _Ki
00000811 _QSWEXT                          0000089a _Laserptemp2
00000810 _QSWON                           0000089c _RDELTA
00000818 _QSWEN                           0000089e _D1_SET
00000827 _QUESTION                        000008a0 _FanLaser_PROP
0000089c _RDELTA                          000008a2 _LASACT
000008ba _RDIF                            000008a4 _D1_INT
0000080e _REMLOC                          000008a6 _LHT_IG
00000815 _RESET                           000008a8 _LASSET
00000896 _RES_D1                          000008aa _Kp
00000820 _RES_ENVIR                       000008ac _OLD_ACT
0000084a _RES_LASER_TEMP                  000008ae _TEMP
00000854 _RF_GATE_ON                      000008b0 _LASER_TEMP
00000812 _RF_OFF                          000008b2 _LHT_PG
00000dd3 _RS232_RX                        000008b4 _FanLaser_INT
000008fc _RST                             000008b6 _ENVIR_TEMP
00003168 _ReadDallas2                     000008b8 _FanLaser_ERROR
000031aa _ReadData                        000008ba _RDIF
000030c7 _ReadDatax                       000008bc _D2_SET
0000081b _SHTON                           000008be _D1_PROP
000008ec _SHT                             000008c0 _FanLaser_OLD_ERROR
00000830 _SIGN_FUN12SET                   000008c2 _STEPCOUNT
00000852 _SIGN_FUN8SET                    000008c4 _LASERPOWER
000008c2 _STEPCOUNT                       000008c6 _INTEST
0000083e _Sctr                            000008c8 _LHT_I
00000806 _SecurityIniting                 000008ca _OLD_D1_INT
0000080c _Sign_2Min                       000008cc _D1_ERROR
0000080d _Sign_8Min                       000008ce _LHT_D
00000847 _T10                             000008d0 _OKK
00000861 _T11                             000008d4 _TEV
00000865 _T12                             000008d8 _TLA
00000860 _T13                             000008dc _FPL
00000862 _T14                             000008e0 _FPS
00000840 _T1                              000008e4 _DCL
0000085e _T15                             000008e8 _QSW
00000842 _T2                              000008ec _SHT
0000083f _T4                              000008f0 _EXT
0000083b _T5                              000008f4 _PRF
0000083c _T6                              000008f8 _PWM
00000837 _T9                              000008fc _RST
00000908 _TDI                             00000900 _TK1
00000d7e _TEMPTBL1                        00000904 _TK2
000008ae _TEMP                            00000908 _TDI
000008d4 _TEV                             0000090c _IDI
0000085d _TFLAG                           00000910 _DIO
00000900 _TK1                             00000914 _HOLD
00000904 _TK2                             0000091a _msg_globe
000008d8 _TLA                             00000920 _TURN_ON
00000801 _TPFLAG                          00000927 _ERROR
0000092e _TURN_OFF                        0000092e _TURN_OFF
00000920 _TURN_ON                         00000935 _OKOKOK
00000809 _TimeC_Min                       0000093c _msg15
00000832 _Time                            00000944 _msg14
0000080a _TimeC_2Min                      0000094d _fps
0000080b _TimeC_8Min                      00000957 _msg31
00000808 _TimeC_Sec                       0000096a _msg25
0000081c _UPDRAT                          0000097d _msg24
00003062 _WriteDallas2                    00000991 _msg16
0000323e _WriteData                       000009a5 _msg23
00002f96 _WriteDatax                      000009c8 _msg20
00000804 _WriteFlag                       000009eb _msg7
0000082a _XTL1ACT                         00000a0f _msg33
00000846 _XTL1SET                         00000a33 _msg21
00000857 _XTL2ACT                         00000a57 _msg28
0000084d _XTL2SET                         00000a7b _msg8
0000082e _ZERO                            00000a9f _msg12
00000028 __STACK_SIZE                     00000ac3 _msg29
00000db2 __cleanup_ptr                    00000ae7 _msg6
000038b3 _abort                           00000b0b _msg17
00000848 _adTimerVar                      00000b30 _msg19
000000b5 _alarmAction                     00000b55 _msg11
00003894 _atexit                          00000b7a _msg18
00000ded _buffer_index                    00000b9f _msg13
0000383f _c_int0                          00000bc5 _msg30
00000851 _chr                             00000beb _msg5
00001287 _clearScreen                     00000c13 _msg32
00000816 _clearWarning                    00000c3b _msg10
00000044 _clearstring                     00000c63 _msg27
0000022f _defaultAction                   00000c8b _msg3
00001128 _diodeAction                     00000cb3 _msg4
000011c7 _diodeAction_1                   00000cdb _msg9
00002575 _dspfun                          00000d03 _msg1
00001443 _echo2                           00000d2c _msg2
0000142f _echo                            00000d55 _msg26
00000dde _echo_msg                        00000d7e _TEMPTBL1
00003866 _exit                            00000db2 __cleanup_ptr
00003a63 _f$$error                        00000dd3 _RS232_RX
0000094d _fps                             00000dde _echo_msg
00000866 _fps_index                       00000de4 _setting_value
00000841 _fps_index_count                 00000dea _parameter
00000803 _functionAction                  00000ded _buffer_index
00000855 _gate                            00000dee end
00000843 _gate_pre                        00001128 _diodeAction
0000082f _index                           000011c7 _diodeAction_1
00000613 _keyswFirstOnAction              00001287 _clearScreen
0000012c _keyswOffAction                  000012b4 _timer1_isr
00001a8f _longToString                    00001377 _xint1
00001b46 _main                            0000138b _uarttr
000027f0 _message                         000013a8 _sciPolling
00000c3b _msg10                           0000142f _echo
00000b55 _msg11                           00001443 _echo2
00000a9f _msg12                           00001487 _runQuery
00000b9f _msg13                           000016e4 _runCommand
00000944 _msg14                           00001a70 _sciInit
0000093c _msg15                           00001a8f _longToString
00000991 _msg16                           00001add _stringToLong
00000d03 _msg1                            00001b46 _main
00000b0b _msg17                           00002261 _Initialize
00000b7a _msg18                           0000253d _First
00000b30 _msg19                           00002575 _dspfun
000009c8 _msg20                           000027d9 _wait
00000a33 _msg21                           000027f0 _message
000009a5 _msg23                           00002838 _num2ascii
0000097d _msg24                           00002b29 _wrtstring
0000096a _msg25                           00002b6b _wrtchrs
00000d55 _msg26                           00002baa _GETTEMP
00000c63 _msg27                           00002c76 _tempctl
00000a57 _msg28                           00002f96 _WriteDatax
00000ac3 _msg29                           00003062 _WriteDallas2
00000d2c _msg2                            000030c7 _ReadDatax
00000bc5 _msg30                           00003168 _ReadDallas2
00000957 _msg31                           000031aa _ReadData
00000c13 _msg32                           0000323e _WriteData
00000a0f _msg33                           00003333 _LCDSetup
00000c8b _msg3                            0000337c _LCDRefresh
00000cb3 _msg4                            0000383f _c_int0
00000beb _msg5                            00003866 _exit
00000ae7 _msg6                            00003894 _atexit
000009eb _msg7                            000038b3 C$$EXIT
00000a7b _msg8                            000038b3 _abort
00000cdb _msg9                            000038b6 F$$ADD
0000091a _msg_globe                       0000396a F$$COMPARE
00002838 _num2ascii                       000039ad F$$EQ
00000dea _parameter                       000039b0 F$$NE
000000e9 _pulseRateAction                 000039b3 F$$LE
00000186 _qswextAction                    000039b6 F$$LT
0000008f _qswonAction                     000039b9 F$$GE
000000cf _resetAction                     000039bc F$$GT
000016e4 _runCommand                      000039bf F$$DIV
00001487 _runQuery                        00003a63 _f$$error
00001a70 _sciInit                         00003a64 F$$FTOI
000013a8 _sciPolling                      00003aa5 F$$FTOL
00000864 _securityenable                  00003af8 F$$FTOU
00000de4 _setting_value                   00003b3c F$$ITOF
000001f2 _shtonAction                     00003b60 F$$LTOF
00000076 _shutterOff                      00003b88 F$$ULTOF
0000084b _smooth                          00003b91 F$$MUL
00003dd8 _strcpy                          00003c0d F$$SUB
00001add _stringToLong                    00003c1a F$$UTOF
00003df2 _strncmp                         00003c33 I$$DIV
00003e33 _strncpy                         00003c6f I$$MOD
00002c76 _tempctl                         00003cc0 L$$DIVS
000012b4 _timer1_isr                      00003cfb L$$MODS
0000138b _uarttr                          00003d32 L$$DIVU
000027d9 _wait                            00003d52 L$$MODU
00000856 _wrf                             00003daa I$$SAVE
00002b6b _wrtchrs                         00003dc2 I$$REST
00002b29 _wrtstring                       00003dd8 _strcpy
00000882 _wt                              00003df2 _strncmp
00001377 _xint1                           00003e33 _strncpy
00003eef cinit                            00003e67 I$$UDIV
00000300 edata                            00003e8d I$$UMOD
00000dee end                              00003eef cinit
00003eef etext                            00003eef etext
ffffffff pinit                            ffffffff pinit

[309 symbols]
