******************************************************************************
TMS320C24xx COFF Linker           Version 7.04                   
******************************************************************************
>> Linked Fri Jul 19 13:51:18 2013

OUTPUT FILE NAME:   <./Debug/laserdrvr.out>
ENTRY POINT SYMBOL: "_c_int0"  address: 000028ae


MEMORY CONFIGURATION

           name     origin    length      used    attributes    fill
         --------  --------  ---------  --------  ----------  --------
PAGE 0: VECS      00000000  000000040  00000040     RWIX      
         FLASH     00000044  000007fbc  000032d1     RWIX      

PAGE 1: B2        00000060  000000020  00000000     RWIX      
         B0        00000200  000000100  00000000     RWIX      
         B1        00000300  000000100  00000000     RWIX      
         SARAM     00000800  000000800  0000044a     RWIX      


SECTION ALLOCATION MAP

 output                                  attributes/
section   page    origin      length       input sections
--------  ----  ----------  ----------   ----------------
.text      0    00000044    00002f1a     
                  00000044    00000b45     actions.obj (.text)
                  00000b89    00000000     CVECTORS.obj (.text)
                  00000b89    00000075     ISR.obj (.text)
                  00000bfe    000007c9     RS232.obj (.text)
                  000013c7    00000621     yucojca.obj (.text)
                  000019e8    00000ec6     YucoSupport.obj (.text)
                  000028ae    00000027     rts2xx.lib : boot.obj (.text)
                  000028d5    00000050                : exit.obj (.text)
                  00002925    000000b4                : f_add.obj (.text)
                  000029d9    00000055                : f_cmp.obj (.text)
                  00002a2e    000000a4                : f_div.obj (.text)
                  00002ad2    00000001                : f_error.obj (.text)
                  00002ad3    00000041                : f_ftoi.obj (.text)
                  00002b14    00000053                : f_ftol.obj (.text)
                  00002b67    00000044                : f_ftou.obj (.text)
                  00002bab    00000024                : f_itof.obj (.text)
                  00002bcf    00000031                : f_ltof.obj (.text)
                  00002c00    0000007c                : f_mul.obj (.text)
                  00002c7c    0000000d                : f_sub.obj (.text)
                  00002c89    00000019                : f_utof.obj (.text)
                  00002ca2    0000008d                : idiv.obj (.text)
                  00002d2f    000000ea                : ldiv.obj (.text)
                  00002e19    0000002e                : saverest.obj (.text)
                  00002e47    0000001a                : strcpy.obj (.text)
                  00002e61    00000041                : strncmp.obj (.text)
                  00002ea2    00000034                : strncpy.obj (.text)
                  00002ed6    00000088                : udiv.obj (.text)

.cinit     0    00002f5e    000003b7     
                  00002f5e    000003b0     yucojca.obj (.cinit)
                  0000330e    00000006     rts2xx.lib : exit.obj (.cinit)
                  00003314    00000001     --HOLE-- [fill = 0000]

.switch    0    00000044    00000000     UNINITIALIZED

.const     1    00000300    00000000     UNINITIALIZED

//.const   0    00000044    00000000     UNINITIALIZED

my_sect    1    00000200    00000000     UNINITIALIZED

.bss       1    00000800    00000422     UNINITIALIZED
                  00000800    000003e3     yucojca.obj (.bss)
                  00000be3    00000000     rts2xx.lib : f_error.obj (.bss)
                  00000be3    00000000                : f_div.obj (.bss)
                  00000be3    00000000                : f_cmp.obj (.bss)
                  00000be3    00000000                : f_ftou.obj (.bss)
                  00000be3    00000000                : f_ftol.obj (.bss)
                  00000be3    00000000                : f_ftoi.obj (.bss)
                  00000be3    00000000     ISR.obj (.bss)
                  00000be3    00000000     CVECTORS.obj (.bss)
                  00000be3    00000000     actions.obj (.bss)
                  00000be3    00000000     rts2xx.lib : f_add.obj (.bss)
                  00000be3    00000000                : boot.obj (.bss)
                  00000be3    00000000     YucoSupport.obj (.bss)
                  00000be3    00000000     rts2xx.lib : saverest.obj (.bss)
                  00000be3    00000000                : udiv.obj (.bss)
                  00000be3    00000000                : ldiv.obj (.bss)
                  00000be3    00000000                : strncmp.obj (.bss)
                  00000be3    00000000                : strncpy.obj (.bss)
                  00000be3    00000000                : strcpy.obj (.bss)
                  00000be3    00000000                : f_mul.obj (.bss)
                  00000be3    00000000                : f_ltof.obj (.bss)
                  00000be3    00000000                : f_itof.obj (.bss)
                  00000be3    00000000                : idiv.obj (.bss)
                  00000be3    00000000                : f_utof.obj (.bss)
                  00000be3    00000000                : f_sub.obj (.bss)
                  00000be3    0000001b     RS232.obj (.bss)
                  00000c00    00000022     rts2xx.lib : exit.obj (.bss)

.stack     1    00000c22    00000028     UNINITIALIZED
                  00000c22    00000000     rts2xx.lib : boot.obj (.stack)

.sysmem    1    00000300    00000000     UNINITIALIZED

vectors    0    00000000    00000040     
                  00000000    00000040     CVECTORS.obj (vectors)

.data      1    00000300    00000000     UNINITIALIZED
                  00000300    00000000     actions.obj (.data)
                  00000300    00000000     rts2xx.lib : udiv.obj (.data)
                  00000300    00000000                : strncpy.obj (.data)
                  00000300    00000000                : strncmp.obj (.data)
                  00000300    00000000                : strcpy.obj (.data)
                  00000300    00000000                : saverest.obj (.data)
                  00000300    00000000                : ldiv.obj (.data)
                  00000300    00000000                : idiv.obj (.data)
                  00000300    00000000                : f_utof.obj (.data)
                  00000300    00000000                : f_sub.obj (.data)
                  00000300    00000000                : f_mul.obj (.data)
                  00000300    00000000                : f_ltof.obj (.data)
                  00000300    00000000                : f_itof.obj (.data)
                  00000300    00000000                : f_ftou.obj (.data)
                  00000300    00000000                : f_ftol.obj (.data)
                  00000300    00000000                : f_ftoi.obj (.data)
                  00000300    00000000                : f_error.obj (.data)
                  00000300    00000000                : f_div.obj (.data)
                  00000300    00000000                : f_cmp.obj (.data)
                  00000300    00000000                : f_add.obj (.data)
                  00000300    00000000                : exit.obj (.data)
                  00000300    00000000                : boot.obj (.data)
                  00000300    00000000     YucoSupport.obj (.data)
                  00000300    00000000     yucojca.obj (.data)
                  00000300    00000000     RS232.obj (.data)
                  00000300    00000000     ISR.obj (.data)
                  00000300    00000000     CVECTORS.obj (.data)

table      0    00000044    00000000     UNINITIALIZED


GLOBAL SYMBOLS

address  name                             address  name
-------- ----                             -------- ----
00000800 .bss                             00000028 __STACK_SIZE
00000300 .data                            00000044 _clearstring
00000044 .text                            00000044 .text
00002922 C$$EXIT                          00000069 _shutterOff
00002925 F$$ADD                           00000082 _qswonAction
000029d9 F$$COMPARE                       000000a8 _alarmAction
00002a2e F$$DIV                           000000c2 _resetAction
00002a1c F$$EQ                            000000dc _pulseRateAction
00002ad3 F$$FTOI                          00000117 _keyswOffAction
00002b14 F$$FTOL                          00000167 _qswextAction
00002b67 F$$FTOU                          000001d9 _shtonAction
00002a28 F$$GE                            00000216 _defaultAction
00002a2b F$$GT                            00000300 edata
00002bab F$$ITOF                          00000300 .data
00002a22 F$$LE                            000004d0 _keyswFirstOnAction
00002a25 F$$LT                            000005dd _functionAction
00002bcf F$$LTOF                          00000800 _LOOP
00002c00 F$$MUL                           00000800 .bss
00002a1f F$$NE                            00000801 _TPFLAG
00002c7c F$$SUB                           00000802 _BEEPER
00002bf7 F$$ULTOF                         00000803 _OLD_KEYSW_ON
00002c89 F$$UTOF                          00000804 _WriteFlag
00002ca2 I$$DIV                           00000805 _ADTIMER
00002cde I$$MOD                           00000806 _REMLOC
00002e31 I$$REST                          00000807 _FUNCTION
00002e19 I$$SAVE                          00000808 _PLACE
00002ed6 I$$UDIV                          00000809 _RESET
00002efc I$$UMOD                          0000080a _clearWarning
00002d2f L$$DIVS                          0000080b _RF_OFF
00002da1 L$$DIVU                          0000080c _QSWEXT
00002d6a L$$MODS                          0000080d _QSWEN
00002dc1 L$$MODU                          0000080e _EXTDCUR
0000084b _ADJUST                          0000080f _QSWON
00000805 _ADTIMER                         00000810 _SHTON
00000802 _BEEPER                          00000811 _UPDRAT
00000835 _BTIME                           00000812 _DIMAX
0000085e _D1_ACT                          00000813 _T3
00000866 _D1_DIF                          00000814 _ENVSET
00000888 _D1_ERROR                        00000815 _XTL2SET
00000868 _D1_INT                          00000816 _wrf
00000822 _D1_OUT                          00000817 _gate
00000839 _D1_OUT_OLD                      00000818 _EQUAL
00000880 _D1_PROP                         00000819 _D1_SUM
0000087e _D1_SET                          0000081a _NEW_LINE
00000819 _D1_SUM                          0000081b _FCTR
0000086e _DATA                            0000081c _EXTFREQ
00000890 _DCL                             0000081d _XTL1ACT
00000812 _DIMAX                           0000081e _XTL2ACT
000008a0 _DIO                             0000081f _LASACT
00000837 _DIODECUR_ACT                    00000820 _EXTD
00000852 _DIODECUR                        00000821 _QUESTION
0000085c _DUMMY                           00000822 _D1_OUT
0000084c _Diode_SetPt                     00000823 _smooth
0000084e _DspTmr                          00000824 _EMPTY
00000824 _EMPTY                           00000825 _LASSET
00000846 _ENIVR                           00000826 _Iindex
0000083e _ENVACT                          00000827 _gate_pre
00000878 _ENVIR_TEMP                      00000828 _fps_index_count
0000082a _ENVIR                           00000829 _OLD_ERROR_L
00000814 _ENVSET                          0000082a _ENVIR
00000818 _EQUAL                           0000082b _fps_index
000008e0 _ERROR                           0000082c _T6
0000083d _EXRFP                           0000082d _MODE_SEL
0000080e _EXTDCUR                         0000082e _T5
00000820 _EXTD                            0000082f _T4
000008c4 _EXT                             00000830 _ZERO
0000081c _EXTFREQ                         00000831 _RF_GATE_ON
0000081b _FCTR                            00000832 _Sctr
00000894 _FPL                             00000833 _T2
00000841 _FPS_LEVEL                       00000834 _T1
0000083f _FPS_LEVEL_SET                   00000835 _BTIME
0000084a _FPS_ON                          00000836 _RES_LASER_TEMP
00000898 _FPS                             00000837 _DIODECUR_ACT
00000843 _FPS_ON_SET                      00000838 _XTL1SET
00000847 _FREQ                            00000839 _D1_OUT_OLD
00000807 _FUNCTION                        0000083a _index
000020c3 _GETTEMP                         0000083b _MODE_DONE
000008d4 _HOLD                            0000083c _Time
000008a8 _IDI                             0000083d _EXRFP
0000088e _INTEST                          0000083e _ENVACT
00000864 _INTLIMIT                        0000083f _FPS_LEVEL_SET
00000826 _Iindex                          00000840 _LASER_SET
000019e8 _Initialize                      00000841 _FPS_LEVEL
00000842 _KEY                             00000842 _KEY
00000874 _Kd                              00000843 _FPS_ON_SET
0000087c _Ki                              00000844 _adTimerVar
00000882 _Kp                              00000845 _TFLAG
0000081f _LASACT                          00000846 _ENIVR
00000840 _LASER_SET                       00000847 _FREQ
00000858 _LASER_TEMP                      00000848 _chr
00000825 _LASSET                          00000849 _RES_ENVIR
00002688 _LCDRefresh                      0000084a _FPS_ON
0000263f _LCDSetup                        0000084b _ADJUST
0000088c _LHT_D                           0000084c _Diode_SetPt
0000085a _LHT_DG                          0000084e _DspTmr
00000856 _LHT_IG                          00000850 _PULSERATE
00000872 _LHT_I                           00000852 _DIODECUR
00000860 _LHT_OLDI                        00000854 _PWMTime
00000862 _LHT_PG                          00000856 _LHT_IG
00000800 _LOOP                            00000858 _LASER_TEMP
0000083b _MODE_DONE                       0000085a _LHT_DG
0000082d _MODE_SEL                        0000085c _DUMMY
0000081a _NEW_LINE                        0000085e _D1_ACT
000008b8 _OKK                             00000860 _LHT_OLDI
000008f5 _OKOKOK                          00000862 _LHT_PG
00000870 _OLD_ACT                         00000864 _INTLIMIT
0000088a _OLD_D1_INT                      00000866 _D1_DIF
00000829 _OLD_ERROR_L                     00000868 _D1_INT
0000086a _OLD_ERROR                       0000086a _OLD_ERROR
00000803 _OLD_KEYSW_ON                    0000086c _wt
00000808 _PLACE                           0000086e _DATA
000008c8 _PRF                             00000870 _OLD_ACT
00000850 _PULSERATE                       00000872 _LHT_I
00000854 _PWMTime                         00000874 _Kd
000008cc _PWM                             00000876 _RES_D1
0000080d _QSWEN                           00000878 _ENVIR_TEMP
000008bc _QSW                             0000087a _RDELTA
0000080c _QSWEXT                          0000087c _Ki
0000080f _QSWON                           0000087e _D1_SET
00000821 _QUESTION                        00000880 _D1_PROP
0000087a _RDELTA                          00000882 _Kp
00000886 _RDIF                            00000884 _TEMP
00000806 _REMLOC                          00000886 _RDIF
00000809 _RESET                           00000888 _D1_ERROR
00000876 _RES_D1                          0000088a _OLD_D1_INT
00000849 _RES_ENVIR                       0000088c _LHT_D
00000836 _RES_LASER_TEMP                  0000088e _INTEST
00000831 _RF_GATE_ON                      00000890 _DCL
0000080b _RF_OFF                          00000894 _FPL
00000be3 _RS232_RX                        00000898 _FPS
000008ac _RST                             0000089c _TLA
00002544 _ReadDallas2                     000008a0 _DIO
000024b0 _ReadData                        000008a4 _TDI
000008c0 _SHT                             000008a8 _IDI
00000810 _SHTON                           000008ac _RST
00000832 _Sctr                            000008b0 _TK2
00000834 _T1                              000008b4 _TK1
00000833 _T2                              000008b8 _OKK
00000813 _T3                              000008bc _QSW
0000082f _T4                              000008c0 _SHT
0000082e _T5                              000008c4 _EXT
0000082c _T6                              000008c8 _PRF
000008a4 _TDI                             000008cc _PWM
00000884 _TEMP                            000008d0 _TEV
00000bb0 _TEMPTBL1                        000008d4 _HOLD
000008d0 _TEV                             000008da _msg_globe
00000845 _TFLAG                           000008e0 _ERROR
000008b4 _TK1                             000008e7 _TURN_ON
000008b0 _TK2                             000008ee _TURN_OFF
0000089c _TLA                             000008f5 _OKOKOK
00000801 _TPFLAG                          000008fc _msg15
000008ee _TURN_OFF                        00000904 _msg14
000008e7 _TURN_ON                         0000090d _fps
0000083c _Time                            00000917 _msg26
00000811 _UPDRAT                          0000092a _msg16
0000244b _WriteDallas2                    0000093e _msg25
00002586 _WriteData                       00000952 _msg19
00002390 _WriteDatax                      00000972 _msg12
00000804 _WriteFlag                       00000996 _msg8
0000081d _XTL1ACT                         000009ba _msg6
00000838 _XTL1SET                         000009de _msg7
0000081e _XTL2ACT                         00000a02 _msg18
00000815 _XTL2SET                         00000a27 _msg17
00000830 _ZERO                            00000a4c _msg13
00000028 __STACK_SIZE                     00000a71 _msg11
00000c01 __cleanup_ptr                    00000a96 _msg5
00002922 _abort                           00000abe _msg4
00000844 _adTimerVar                      00000ae6 _msg3
000000a8 _alarmAction                     00000af6 _diodeAction
00002903 _atexit                          00000b0e _msg10
00000bfd _buffer_index                    00000b36 _msg9
000028ae _c_int0                          00000b5c _clearScreen
00000848 _chr                             00000b5e _msg1
00000b5c _clearScreen                     00000b87 _msg2
0000080a _clearWarning                    00000b89 _timer1_isr
00000044 _clearstring                     00000bb0 _TEMPTBL1
00000216 _defaultAction                   00000bc3 _xint1
00000af6 _diodeAction                     00000be1 _uarttr
00001c27 _dspfun                          00000be3 _RS232_RX
00000c99 _echo2                           00000bee _echo_msg
00000c85 _echo                            00000bf4 _setting_value
00000bee _echo_msg                        00000bfa _parameter
000028d5 _exit                            00000bfd _buffer_index
00002ad2 _f$$error                        00000bfe _sciPolling
00000828 _fps_index_count                 00000c01 __cleanup_ptr
0000082b _fps_index                       00000c22 end
0000090d _fps                             00000c85 _echo
000005dd _functionAction                  00000c99 _echo2
00000817 _gate                            00000cdd _runQuery
00000827 _gate_pre                        00000f38 _runCommand
0000083a _index                           000012f1 _sciInit
000004d0 _keyswFirstOnAction              00001310 _longToString
00000117 _keyswOffAction                  0000135e _stringToLong
00001310 _longToString                    000013c7 _main
000013c7 _main                            000019e8 _Initialize
00001dc1 _message                         00001c27 _dspfun
00000b0e _msg10                           00001daa _wait
00000a71 _msg11                           00001dc1 _message
00000972 _msg12                           00001e09 _num2ascii
00000a4c _msg13                           00002042 _wrtstring
00000904 _msg14                           00002084 _wrtchrs
00000b5e _msg1                            000020c3 _GETTEMP
00000a02 _msg18                           0000218f _tempctl
00000952 _msg19                           00002390 _WriteDatax
000008fc _msg15                           0000244b _WriteDallas2
0000092a _msg16                           000024b0 _ReadData
00000a27 _msg17                           00002544 _ReadDallas2
0000093e _msg25                           00002586 _WriteData
00000917 _msg26                           0000263f _LCDSetup
00000b87 _msg2                            00002688 _LCDRefresh
00000ae6 _msg3                            000028ae _c_int0
00000abe _msg4                            000028d5 _exit
00000a96 _msg5                            00002903 _atexit
000009ba _msg6                            00002922 C$$EXIT
000009de _msg7                            00002922 _abort
00000996 _msg8                            00002925 F$$ADD
00000b36 _msg9                            000029d9 F$$COMPARE
000008da _msg_globe                       00002a1c F$$EQ
00001e09 _num2ascii                       00002a1f F$$NE
00000bfa _parameter                       00002a22 F$$LE
000000dc _pulseRateAction                 00002a25 F$$LT
00000167 _qswextAction                    00002a28 F$$GE
00000082 _qswonAction                     00002a2b F$$GT
000000c2 _resetAction                     00002a2e F$$DIV
00000f38 _runCommand                      00002ad2 _f$$error
00000cdd _runQuery                        00002ad3 F$$FTOI
000012f1 _sciInit                         00002b14 F$$FTOL
00000bfe _sciPolling                      00002b67 F$$FTOU
00000bf4 _setting_value                   00002bab F$$ITOF
000001d9 _shtonAction                     00002bcf F$$LTOF
00000069 _shutterOff                      00002bf7 F$$ULTOF
00000823 _smooth                          00002c00 F$$MUL
00002e47 _strcpy                          00002c7c F$$SUB
0000135e _stringToLong                    00002c89 F$$UTOF
00002e61 _strncmp                         00002ca2 I$$DIV
00002ea2 _strncpy                         00002cde I$$MOD
0000218f _tempctl                         00002d2f L$$DIVS
00000b89 _timer1_isr                      00002d6a L$$MODS
00000be1 _uarttr                          00002da1 L$$DIVU
00001daa _wait                            00002dc1 L$$MODU
00000816 _wrf                             00002e19 I$$SAVE
00002084 _wrtchrs                         00002e31 I$$REST
00002042 _wrtstring                       00002e47 _strcpy
0000086c _wt                              00002e61 _strncmp
00000bc3 _xint1                           00002ea2 _strncpy
00002f5e cinit                            00002ed6 I$$UDIV
00000300 edata                            00002efc I$$UMOD
00000c22 end                              00002f5e cinit
00002f5e etext                            00002f5e etext
ffffffff pinit                            ffffffff pinit

[250 symbols]
