******************************************************************************
TMS320C24xx COFF Linker           Version 7.04                   
******************************************************************************
>> Linked Mon Jul 22 15:54:44 2013

OUTPUT FILE NAME:   <./Debug/laserdrvr.out>
ENTRY POINT SYMBOL: "_c_int0"  address: 00002c71


MEMORY CONFIGURATION

           name     origin    length      used    attributes    fill
         --------  --------  ---------  --------  ----------  --------
PAGE 0: VECS      00000000  000000040  00000040     RWIX      
         FLASH     00000044  000007fbc  0000374d     RWIX      

PAGE 1: B2        00000060  000000020  00000000     RWIX      
         B0        00000200  000000100  00000000     RWIX      
         B1        00000300  000000100  00000000     RWIX      
         SARAM     00000800  000000800  000004ff     RWIX      


SECTION ALLOCATION MAP

 output                                  attributes/
section   page    origin      length       input sections
--------  ----  ----------  ----------   ----------------
.text      0    00000044    000032e9     
                  00000044    00000d0e     actions.obj (.text)
                  00000d52    00000000     CVECTORS.obj (.text)
                  00000d52    0000006b     ISR.obj (.text)
                  00000dbd    000007c8     RS232.obj (.text)
                  00001585    00000683     yucojca.obj (.text)
                  00001c08    00001069     YucoSupport.obj (.text)
                  00002c71    00000027     rts2xx.lib : boot.obj (.text)
                  00002c98    00000050                : exit.obj (.text)
                  00002ce8    000000b4                : f_add.obj (.text)
                  00002d9c    00000055                : f_cmp.obj (.text)
                  00002df1    000000a4                : f_div.obj (.text)
                  00002e95    00000001                : f_error.obj (.text)
                  00002e96    00000041                : f_ftoi.obj (.text)
                  00002ed7    00000053                : f_ftol.obj (.text)
                  00002f2a    00000044                : f_ftou.obj (.text)
                  00002f6e    00000024                : f_itof.obj (.text)
                  00002f92    00000031                : f_ltof.obj (.text)
                  00002fc3    0000007c                : f_mul.obj (.text)
                  0000303f    0000000d                : f_sub.obj (.text)
                  0000304c    00000019                : f_utof.obj (.text)
                  00003065    0000008d                : idiv.obj (.text)
                  000030f2    000000ea                : ldiv.obj (.text)
                  000031dc    0000000c                : lmpy.obj (.text)
                  000031e8    0000002e                : saverest.obj (.text)
                  00003216    0000001a                : strcpy.obj (.text)
                  00003230    00000041                : strncmp.obj (.text)
                  00003271    00000034                : strncpy.obj (.text)
                  000032a5    00000088                : udiv.obj (.text)

.cinit     0    0000332d    00000464     
                  0000332d    0000045d     yucojca.obj (.cinit)
                  0000378a    00000006     rts2xx.lib : exit.obj (.cinit)
                  00003790    00000001     --HOLE-- [fill = 0000]

.switch    0    00000044    00000000     UNINITIALIZED

.const     1    00000300    00000000     UNINITIALIZED

//.const   0    00000044    00000000     UNINITIALIZED

my_sect    1    00000200    00000000     UNINITIALIZED

.bss       1    00000800    000004d7     UNINITIALIZED
                  00000800    0000049a     yucojca.obj (.bss)
                  00000c9a    00000000     rts2xx.lib : f_error.obj (.bss)
                  00000c9a    00000000                : f_div.obj (.bss)
                  00000c9a    00000000                : f_cmp.obj (.bss)
                  00000c9a    00000000                : f_ftou.obj (.bss)
                  00000c9a    00000000                : f_ftol.obj (.bss)
                  00000c9a    00000000                : f_ftoi.obj (.bss)
                  00000c9a    00000000     ISR.obj (.bss)
                  00000c9a    00000000     CVECTORS.obj (.bss)
                  00000c9a    00000000     actions.obj (.bss)
                  00000c9a    00000000     rts2xx.lib : f_add.obj (.bss)
                  00000c9a    00000000                : boot.obj (.bss)
                  00000c9a    00000000     YucoSupport.obj (.bss)
                  00000c9a    00000000     rts2xx.lib : f_itof.obj (.bss)
                  00000c9a    00000000                : saverest.obj (.bss)
                  00000c9a    00000000                : udiv.obj (.bss)
                  00000c9a    00000000                : lmpy.obj (.bss)
                  00000c9a    00000000                : strncmp.obj (.bss)
                  00000c9a    00000000                : strncpy.obj (.bss)
                  00000c9a    00000000                : strcpy.obj (.bss)
                  00000c9a    00000000                : f_sub.obj (.bss)
                  00000c9a    00000000                : f_mul.obj (.bss)
                  00000c9a    00000000                : f_ltof.obj (.bss)
                  00000c9a    00000000                : ldiv.obj (.bss)
                  00000c9a    00000000                : idiv.obj (.bss)
                  00000c9a    00000000                : f_utof.obj (.bss)
                  00000c9a    00000022                : exit.obj (.bss)
                  00000cbc    0000001b     RS232.obj (.bss)

.stack     1    00000cd7    00000028     UNINITIALIZED
                  00000cd7    00000000     rts2xx.lib : boot.obj (.stack)

.sysmem    1    00000300    00000000     UNINITIALIZED

vectors    0    00000000    00000040     
                  00000000    00000040     CVECTORS.obj (vectors)

.data      1    00000300    00000000     UNINITIALIZED
                  00000300    00000000     actions.obj (.data)
                  00000300    00000000     rts2xx.lib : udiv.obj (.data)
                  00000300    00000000                : strncpy.obj (.data)
                  00000300    00000000                : strncmp.obj (.data)
                  00000300    00000000                : strcpy.obj (.data)
                  00000300    00000000                : saverest.obj (.data)
                  00000300    00000000                : lmpy.obj (.data)
                  00000300    00000000                : ldiv.obj (.data)
                  00000300    00000000                : idiv.obj (.data)
                  00000300    00000000                : f_utof.obj (.data)
                  00000300    00000000                : f_sub.obj (.data)
                  00000300    00000000                : f_mul.obj (.data)
                  00000300    00000000                : f_ltof.obj (.data)
                  00000300    00000000                : f_itof.obj (.data)
                  00000300    00000000                : f_ftou.obj (.data)
                  00000300    00000000                : f_ftol.obj (.data)
                  00000300    00000000                : f_ftoi.obj (.data)
                  00000300    00000000                : f_error.obj (.data)
                  00000300    00000000                : f_div.obj (.data)
                  00000300    00000000                : f_cmp.obj (.data)
                  00000300    00000000                : f_add.obj (.data)
                  00000300    00000000                : exit.obj (.data)
                  00000300    00000000                : boot.obj (.data)
                  00000300    00000000     YucoSupport.obj (.data)
                  00000300    00000000     yucojca.obj (.data)
                  00000300    00000000     RS232.obj (.data)
                  00000300    00000000     ISR.obj (.data)
                  00000300    00000000     CVECTORS.obj (.data)

table      0    00000044    00000000     UNINITIALIZED


GLOBAL SYMBOLS

address  name                             address  name
-------- ----                             -------- ----
00000800 .bss                             00000028 __STACK_SIZE
00000300 .data                            00000044 .text
00000044 .text                            00000044 _clearstring
00002ce5 C$$EXIT                          00000069 _shutterOff
00002ce8 F$$ADD                           00000082 _qswonAction
00002d9c F$$COMPARE                       000000a8 _alarmAction
00002df1 F$$DIV                           000000c2 _resetAction
00002ddf F$$EQ                            000000dc _pulseRateAction
00002e96 F$$FTOI                          00000117 _keyswOffAction
00002ed7 F$$FTOL                          0000016a _qswextAction
00002f2a F$$FTOU                          000001d6 _shtonAction
00002deb F$$GE                            00000213 _defaultAction
00002dee F$$GT                            00000300 .data
00002f6e F$$ITOF                          00000300 edata
00002de5 F$$LE                            00000660 _keyswFirstOnAction
00002f92 F$$LTOF                          0000076d _functionAction
00002de8 F$$LT                            00000800 _LOOP
00002fc3 F$$MUL                           00000800 .bss
00002de2 F$$NE                            00000801 _TPFLAG
0000303f F$$SUB                           00000802 _BEEPER
00002fba F$$ULTOF                         00000803 _OLD_KEYSW_ON
0000304c F$$UTOF                          00000804 _WriteFlag
00003065 I$$DIV                           00000805 _ADTIMER
000030a1 I$$MOD                           00000806 _REMLOC
00003200 I$$REST                          00000807 _FUNCTION
000031e8 I$$SAVE                          00000808 _PLACE
000032a5 I$$UDIV                          00000809 _RESET
000032cb I$$UMOD                          0000080a _clearWarning
000030f2 L$$DIVS                          0000080b _RF_OFF
00003164 L$$DIVU                          0000080c _QSWEXT
0000312d L$$MODS                          0000080d _QSWEN
00003184 L$$MODU                          0000080e _EXTDCUR
000031dc L$$MPY                           0000080f _QSWON
00000847 _ADJUST                          00000810 _SHTON
00000805 _ADTIMER                         00000811 _UPDRAT
00000802 _BEEPER                          00000812 _DIMAX
0000082a _BTIME                           00000813 _ENVSET
0000085c _D1_ACT                          00000814 _ZERO
00000856 _D1_DIF                          00000815 _EXRFP
00000898 _D1_ERROR                        00000816 _EMPTY
0000087c _D1_INT                          00000817 _OLD_ERROR_L
00000825 _D1_OUT                          00000818 _gate_pre
0000084b _D1_OUT_OLD                      00000819 _NEW_LINE
0000088c _D1_PROP                         0000081a _EQUAL
0000085e _D1_SET                          0000081b _D1_SUM
0000081b _D1_SUM                          0000081c _fps_index
00000872 _DATA                            0000081d _RES_LASER_TEMP
000008c0 _DCL                             0000081e _QUESTION
00000812 _DIMAX                           0000081f _EXTFREQ
00000821 _DIODECUR_ACT                    00000820 _XTL1ACT
00000852 _DIODECUR                        00000821 _DIODECUR_ACT
000008a8 _DIO                             00000822 _FCTR
00000860 _DUMMY                           00000823 _EXTD
0000084c _Diode_SetPt                     00000824 _FanLaser_OUT
0000084e _DspTmr                          00000825 _D1_OUT
00000816 _EMPTY                           00000826 _RF_GATE_ON
00000835 _ENIVR                           00000827 _FPS_ON
0000083a _ENVACT                          00000828 _fps_index_count
0000088a _ENVIR_TEMP                      00000829 _Iindex
00000845 _ENVIR                           0000082a _BTIME
00000813 _ENVSET                          0000082b _wrf
0000081a _EQUAL                           0000082c _FPS_LEVEL_SET
000008f4 _ERROR                           0000082d _gate
00000815 _EXRFP                           0000082e _XTL2ACT
0000080e _EXTDCUR                         0000082f _XTL2SET
00000823 _EXTD                            00000830 _T2
000008b4 _EXT                             00000831 _MODE_SEL
0000081f _EXTFREQ                         00000832 _T5
00000822 _FCTR                            00000833 _T6
000008e0 _FPL                             00000834 _T3
00000841 _FPS_LEVEL                       00000835 _ENIVR
000008bc _FPS                             00000836 _T4
0000082c _FPS_LEVEL_SET                   00000837 _smooth
00000848 _FPS_ON_SET                      00000838 _T1
00000827 _FPS_ON                          00000839 _Sctr
00000843 _FREQ                            0000083a _ENVACT
00000807 _FUNCTION                        0000083b _MODE_DONE
0000087a _FanLaser_DIF                    0000083c _Time
0000089e _FanLaser_ERROR                  0000083d _RES_ENVIR
0000086a _FanLaser_INT                    0000083e _index
0000088e _FanLaser_OLD_ERROR              0000083f _XTL1SET
00000824 _FanLaser_OUT                    00000840 _FanLaser_OUT_OLD
00000840 _FanLaser_OUT_OLD                00000841 _FPS_LEVEL
00000878 _FanLaser_PROP                   00000842 _KEY
0000232c _GETTEMP                         00000843 _FREQ
000008e8 _HOLD                            00000844 _LASER_SET
000008b0 _IDI                             00000845 _ENVIR
00000894 _INTEST                          00000846 _adTimerVar
00000874 _INTLIMIT                        00000847 _ADJUST
00000829 _Iindex                          00000848 _FPS_ON_SET
00001c08 _Initialize                      00000849 _chr
00000842 _KEY                             0000084a _TFLAG
00000870 _Kd                              0000084b _D1_OUT_OLD
00000862 _Ki                              0000084c _Diode_SetPt
00000888 _Kp                              0000084e _DspTmr
00000886 _LASACT                          00000850 _PULSERATE
00000844 _LASER_SET                       00000852 _DIODECUR
00000858 _LASER_TEMP                      00000854 _PWMTime
00000880 _LASSET                          00000856 _D1_DIF
00002a43 _LCDRefresh                      00000858 _LASER_TEMP
000029fa _LCDSetup                        0000085a _LHT_PG
0000086e _LHT_DG                          0000085c _D1_ACT
000008a2 _LHT_D                           0000085e _D1_SET
0000089c _LHT_I                           00000860 _DUMMY
00000884 _LHT_IG                          00000862 _Ki
00000890 _LHT_OLDI                        00000864 _OLD_FanLaser_INT
0000085a _LHT_PG                          00000866 _RDELTA
00000800 _LOOP                            00000868 _OF2TEM
0000083b _MODE_DONE                       0000086a _FanLaser_INT
00000831 _MODE_SEL                        0000086c _RES_D1
00000819 _NEW_LINE                        0000086e _LHT_DG
0000089a _OF1TEM                          00000870 _Kd
00000868 _OF2TEM                          00000872 _DATA
000008d8 _OKK                             00000874 _INTLIMIT
00000909 _OKOKOK                          00000876 _OLD_ERROR
00000882 _OLD_ACT                         00000878 _FanLaser_PROP
000008a0 _OLD_D1_INT                      0000087a _FanLaser_DIF
00000817 _OLD_ERROR_L                     0000087c _D1_INT
00000876 _OLD_ERROR                       0000087e _wt
00000864 _OLD_FanLaser_INT                00000880 _LASSET
00000803 _OLD_KEYSW_ON                    00000882 _OLD_ACT
00000808 _PLACE                           00000884 _LHT_IG
000008d0 _PRF                             00000886 _LASACT
00000850 _PULSERATE                       00000888 _Kp
00000854 _PWMTime                         0000088a _ENVIR_TEMP
000008e4 _PWM                             0000088c _D1_PROP
000008dc _QSW                             0000088e _FanLaser_OLD_ERROR
0000080d _QSWEN                           00000890 _LHT_OLDI
0000080c _QSWEXT                          00000892 _RDIF
0000080f _QSWON                           00000894 _INTEST
0000081e _QUESTION                        00000896 _TEMP
00000866 _RDELTA                          00000898 _D1_ERROR
00000892 _RDIF                            0000089a _OF1TEM
00000806 _REMLOC                          0000089c _LHT_I
00000809 _RESET                           0000089e _FanLaser_ERROR
0000086c _RES_D1                          000008a0 _OLD_D1_INT
0000083d _RES_ENVIR                       000008a2 _LHT_D
0000081d _RES_LASER_TEMP                  000008a4 _TK1
00000826 _RF_GATE_ON                      000008a8 _DIO
0000080b _RF_OFF                          000008ac _SHT
00000cbc _RS232_RX                        000008b0 _IDI
000008cc _RST                             000008b4 _EXT
000028e9 _ReadDallas2                     000008b8 _TLA
0000284f _ReadData                        000008bc _FPS
00000810 _SHTON                           000008c0 _DCL
000008ac _SHT                             000008c4 _TDI
00000839 _Sctr                            000008c8 _TK2
00000838 _T1                              000008cc _RST
00000830 _T2                              000008d0 _PRF
00000834 _T3                              000008d4 _TEV
00000836 _T4                              000008d8 _OKK
00000832 _T5                              000008dc _QSW
00000833 _T6                              000008e0 _FPL
000008c4 _TDI                             000008e4 _PWM
00000896 _TEMP                            000008e8 _HOLD
00000c67 _TEMPTBL1                        000008ee _msg_globe
000008d4 _TEV                             000008f4 _ERROR
0000084a _TFLAG                           000008fb _TURN_OFF
000008a4 _TK1                             00000902 _TURN_ON
000008c8 _TK2                             00000909 _OKOKOK
000008b8 _TLA                             00000910 _msg15
00000801 _TPFLAG                          00000918 _msg14
000008fb _TURN_OFF                        00000921 _fps
00000902 _TURN_ON                         0000092b _msg26
0000083c _Time                            0000093e _msg25
00000811 _UPDRAT                          00000952 _msg24
000027ea _WriteDallas2                    00000966 _msg16
0000292b _WriteData                       0000097a _msg19
0000272b _WriteDatax                      0000099a _msg22
00000804 _WriteFlag                       000009bd _msg23
00000820 _XTL1ACT                         000009e0 _msg20
0000083f _XTL1SET                         00000a03 _msg8
0000082e _XTL2ACT                         00000a27 _msg21
0000082f _XTL2SET                         00000a4b _msg12
00000814 _ZERO                            00000a6f _msg6
00000028 __STACK_SIZE                     00000a93 _msg7
00000c9b __cleanup_ptr                    00000ab7 _msg17
00002ce5 _abort                           00000adc _msg18
00000846 _adTimerVar                      00000b01 _msg13
000000a8 _alarmAction                     00000b27 _msg11
00002cc6 _atexit                          00000b4d _msg10
00000cd6 _buffer_index                    00000b75 _msg4
00002c71 _c_int0                          00000b9d _msg3
00000849 _chr                             00000bc5 _msg9
00000d25 _clearScreen                     00000bed _msg5
0000080a _clearWarning                    00000c15 _msg1
00000044 _clearstring                     00000c3e _msg2
00000213 _defaultAction                   00000c67 _TEMPTBL1
00000ca7 _diodeAction                     00000c9b __cleanup_ptr
00001e5d _dspfun                          00000ca7 _diodeAction
00000e58 _echo2                           00000cbc _RS232_RX
00000e44 _echo                            00000cc7 _echo_msg
00000cc7 _echo_msg                        00000ccd _setting_value
00002c98 _exit                            00000cd3 _parameter
00002e95 _f$$error                        00000cd6 _buffer_index
00000921 _fps                             00000cd7 end
0000081c _fps_index                       00000d25 _clearScreen
00000828 _fps_index_count                 00000d52 _timer1_isr
0000076d _functionAction                  00000d8c _xint1
0000082d _gate                            00000da0 _uarttr
00000818 _gate_pre                        00000dbd _sciPolling
0000083e _index                           00000e44 _echo
00000660 _keyswFirstOnAction              00000e58 _echo2
00000117 _keyswOffAction                  00000e9c _runQuery
000014ce _longToString                    000010f9 _runCommand
00001585 _main                            000014af _sciInit
00002025 _message                         000014ce _longToString
00000b4d _msg10                           0000151c _stringToLong
00000b27 _msg11                           00001585 _main
00000c15 _msg1                            00001c08 _Initialize
00000a4b _msg12                           00001e5d _dspfun
00000b01 _msg13                           0000200e _wait
00000918 _msg14                           00002025 _message
00000910 _msg15                           0000206d _num2ascii
00000966 _msg16                           000022ab _wrtstring
00000ab7 _msg17                           000022ed _wrtchrs
00000adc _msg18                           0000232c _GETTEMP
0000097a _msg19                           000023f8 _tempctl
000009e0 _msg20                           0000272b _WriteDatax
00000a27 _msg21                           000027ea _WriteDallas2
0000099a _msg22                           0000284f _ReadData
000009bd _msg23                           000028e9 _ReadDallas2
00000952 _msg24                           0000292b _WriteData
00000c3e _msg2                            000029fa _LCDSetup
0000093e _msg25                           00002a43 _LCDRefresh
0000092b _msg26                           00002c71 _c_int0
00000b9d _msg3                            00002c98 _exit
00000b75 _msg4                            00002cc6 _atexit
00000bed _msg5                            00002ce5 C$$EXIT
00000a6f _msg6                            00002ce5 _abort
00000a93 _msg7                            00002ce8 F$$ADD
00000a03 _msg8                            00002d9c F$$COMPARE
00000bc5 _msg9                            00002ddf F$$EQ
000008ee _msg_globe                       00002de2 F$$NE
0000206d _num2ascii                       00002de5 F$$LE
00000cd3 _parameter                       00002de8 F$$LT
000000dc _pulseRateAction                 00002deb F$$GE
0000016a _qswextAction                    00002dee F$$GT
00000082 _qswonAction                     00002df1 F$$DIV
000000c2 _resetAction                     00002e95 _f$$error
000010f9 _runCommand                      00002e96 F$$FTOI
00000e9c _runQuery                        00002ed7 F$$FTOL
000014af _sciInit                         00002f2a F$$FTOU
00000dbd _sciPolling                      00002f6e F$$ITOF
00000ccd _setting_value                   00002f92 F$$LTOF
000001d6 _shtonAction                     00002fba F$$ULTOF
00000069 _shutterOff                      00002fc3 F$$MUL
00000837 _smooth                          0000303f F$$SUB
00003216 _strcpy                          0000304c F$$UTOF
0000151c _stringToLong                    00003065 I$$DIV
00003230 _strncmp                         000030a1 I$$MOD
00003271 _strncpy                         000030f2 L$$DIVS
000023f8 _tempctl                         0000312d L$$MODS
00000d52 _timer1_isr                      00003164 L$$DIVU
00000da0 _uarttr                          00003184 L$$MODU
0000200e _wait                            000031dc L$$MPY
0000082b _wrf                             000031e8 I$$SAVE
000022ed _wrtchrs                         00003200 I$$REST
000022ab _wrtstring                       00003216 _strcpy
0000087e _wt                              00003230 _strncmp
00000d8c _xint1                           00003271 _strncpy
0000332d cinit                            000032a5 I$$UDIV
00000300 edata                            000032cb I$$UMOD
00000cd7 end                              0000332d cinit
0000332d etext                            0000332d etext
ffffffff pinit                            ffffffff pinit

[266 symbols]
