******************************************************************************
TMS320C24xx COFF Linker           Version 7.04                   
******************************************************************************
>> Linked Fri Jul 19 13:51:53 2013

OUTPUT FILE NAME:   <./Debug/laserdrvr.out>
ENTRY POINT SYMBOL: "_c_int0"  address: 000029ae


MEMORY CONFIGURATION

           name     origin    length      used    attributes    fill
         --------  --------  ---------  --------  ----------  --------
PAGE 0: VECS      00000000  000000040  00000040     RWIX      
         FLASH     00000044  000007fbc  000033d1     RWIX      

PAGE 1: B2        00000060  000000020  00000000     RWIX      
         B0        00000200  000000100  00000000     RWIX      
         B1        00000300  000000100  00000000     RWIX      
         SARAM     00000800  000000800  00000465     RWIX      


SECTION ALLOCATION MAP

 output                                  attributes/
section   page    origin      length       input sections
--------  ----  ----------  ----------   ----------------
.text      0    00000044    0000301a     
                  00000044    00000b68     actions.obj (.text)
                  00000bac    00000000     CVECTORS.obj (.text)
                  00000bac    0000006b     ISR.obj (.text)
                  00000c17    0000079e     RS232.obj (.text)
                  000013b5    00000603     yucojca.obj (.text)
                  000019b8    00000ff6     YucoSupport.obj (.text)
                  000029ae    00000027     rts2xx.lib : boot.obj (.text)
                  000029d5    00000050                : exit.obj (.text)
                  00002a25    000000b4                : f_add.obj (.text)
                  00002ad9    00000055                : f_cmp.obj (.text)
                  00002b2e    000000a4                : f_div.obj (.text)
                  00002bd2    00000001                : f_error.obj (.text)
                  00002bd3    00000041                : f_ftoi.obj (.text)
                  00002c14    00000053                : f_ftol.obj (.text)
                  00002c67    00000044                : f_ftou.obj (.text)
                  00002cab    00000024                : f_itof.obj (.text)
                  00002ccf    00000031                : f_ltof.obj (.text)
                  00002d00    0000007c                : f_mul.obj (.text)
                  00002d7c    0000000d                : f_sub.obj (.text)
                  00002d89    00000019                : f_utof.obj (.text)
                  00002da2    0000008d                : idiv.obj (.text)
                  00002e2f    000000ea                : ldiv.obj (.text)
                  00002f19    0000002e                : saverest.obj (.text)
                  00002f47    0000001a                : strcpy.obj (.text)
                  00002f61    00000041                : strncmp.obj (.text)
                  00002fa2    00000034                : strncpy.obj (.text)
                  00002fd6    00000088                : udiv.obj (.text)

.cinit     0    0000305e    000003b7     
                  0000305e    000003b0     yucojca.obj (.cinit)
                  0000340e    00000006     rts2xx.lib : exit.obj (.cinit)
                  00003414    00000001     --HOLE-- [fill = 0000]

.switch    0    00000044    00000000     UNINITIALIZED

.const     1    00000300    00000000     UNINITIALIZED

//.const   0    00000044    00000000     UNINITIALIZED

my_sect    1    00000200    00000000     UNINITIALIZED

.bss       1    00000800    0000043d     UNINITIALIZED
                  00000800    000003f3     yucojca.obj (.bss)
                  00000bf3    00000000     rts2xx.lib : f_error.obj (.bss)
                  00000bf3    00000000                : f_div.obj (.bss)
                  00000bf3    00000000                : f_cmp.obj (.bss)
                  00000bf3    00000000                : f_ftou.obj (.bss)
                  00000bf3    00000000                : f_ftol.obj (.bss)
                  00000bf3    00000000                : f_ftoi.obj (.bss)
                  00000bf3    00000000     ISR.obj (.bss)
                  00000bf3    00000000     CVECTORS.obj (.bss)
                  00000bf3    00000000     actions.obj (.bss)
                  00000bf3    00000000     rts2xx.lib : f_add.obj (.bss)
                  00000bf3    00000000                : boot.obj (.bss)
                  00000bf3    00000000     YucoSupport.obj (.bss)
                  00000bf3    00000000     rts2xx.lib : saverest.obj (.bss)
                  00000bf3    00000000                : udiv.obj (.bss)
                  00000bf3    00000000                : ldiv.obj (.bss)
                  00000bf3    00000000                : strncmp.obj (.bss)
                  00000bf3    00000000                : strncpy.obj (.bss)
                  00000bf3    00000000                : strcpy.obj (.bss)
                  00000bf3    00000000                : f_mul.obj (.bss)
                  00000bf3    00000000                : f_ltof.obj (.bss)
                  00000bf3    00000000                : f_itof.obj (.bss)
                  00000bf3    00000000                : idiv.obj (.bss)
                  00000bf3    00000000                : f_utof.obj (.bss)
                  00000bf3    00000000                : f_sub.obj (.bss)
                  00000c00    00000022                : exit.obj (.bss)
                  00000c22    0000001b     RS232.obj (.bss)

.stack     1    00000c3d    00000028     UNINITIALIZED
                  00000c3d    00000000     rts2xx.lib : boot.obj (.stack)

.sysmem    1    00000300    00000000     UNINITIALIZED

vectors    0    00000000    00000040     
                  00000000    00000040     CVECTORS.obj (vectors)

.data      1    00000300    00000000     UNINITIALIZED
                  00000300    00000000     actions.obj (.data)
                  00000300    00000000     rts2xx.lib : udiv.obj (.data)
                  00000300    00000000                : strncpy.obj (.data)
                  00000300    00000000                : strncmp.obj (.data)
                  00000300    00000000                : strcpy.obj (.data)
                  00000300    00000000                : saverest.obj (.data)
                  00000300    00000000                : ldiv.obj (.data)
                  00000300    00000000                : idiv.obj (.data)
                  00000300    00000000                : f_utof.obj (.data)
                  00000300    00000000                : f_sub.obj (.data)
                  00000300    00000000                : f_mul.obj (.data)
                  00000300    00000000                : f_ltof.obj (.data)
                  00000300    00000000                : f_itof.obj (.data)
                  00000300    00000000                : f_ftou.obj (.data)
                  00000300    00000000                : f_ftol.obj (.data)
                  00000300    00000000                : f_ftoi.obj (.data)
                  00000300    00000000                : f_error.obj (.data)
                  00000300    00000000                : f_div.obj (.data)
                  00000300    00000000                : f_cmp.obj (.data)
                  00000300    00000000                : f_add.obj (.data)
                  00000300    00000000                : exit.obj (.data)
                  00000300    00000000                : boot.obj (.data)
                  00000300    00000000     YucoSupport.obj (.data)
                  00000300    00000000     yucojca.obj (.data)
                  00000300    00000000     RS232.obj (.data)
                  00000300    00000000     ISR.obj (.data)
                  00000300    00000000     CVECTORS.obj (.data)

table      0    00000044    00000000     UNINITIALIZED


GLOBAL SYMBOLS

address  name                             address  name
-------- ----                             -------- ----
00000800 .bss                             00000028 __STACK_SIZE
00000300 .data                            00000044 _clearstring
00000044 .text                            00000044 .text
00002a22 C$$EXIT                          00000069 _shutterOff
00002a25 F$$ADD                           00000082 _qswonAction
00002ad9 F$$COMPARE                       000000a8 _alarmAction
00002b2e F$$DIV                           000000c2 _resetAction
00002b1c F$$EQ                            000000dc _pulseRateAction
00002bd3 F$$FTOI                          00000117 _keyswOffAction
00002c14 F$$FTOL                          0000016a _qswextAction
00002c67 F$$FTOU                          000001d6 _shtonAction
00002b28 F$$GE                            00000213 _defaultAction
00002b2b F$$GT                            00000300 .data
00002cab F$$ITOF                          00000300 edata
00002b22 F$$LE                            000004ea _keyswFirstOnAction
00002ccf F$$LTOF                          000005f7 _functionAction
00002b25 F$$LT                            00000800 _LOOP
00002d00 F$$MUL                           00000800 .bss
00002b1f F$$NE                            00000801 _TPFLAG
00002d7c F$$SUB                           00000802 _BEEPER
00002cf7 F$$ULTOF                         00000803 _OLD_KEYSW_ON
00002d89 F$$UTOF                          00000804 _WriteFlag
00002da2 I$$DIV                           00000805 _ADTIMER
00002dde I$$MOD                           00000806 _REMLOC
00002f31 I$$REST                          00000807 _FUNCTION
00002f19 I$$SAVE                          00000808 _PLACE
00002fd6 I$$UDIV                          00000809 _RESET
00002ffc I$$UMOD                          0000080a _clearWarning
00002e2f L$$DIVS                          0000080b _RF_OFF
00002ea1 L$$DIVU                          0000080c _QSWEXT
00002e6a L$$MODS                          0000080d _QSWEN
00002ec1 L$$MODU                          0000080e _EXTDCUR
00000840 _ADJUST                          0000080f _QSWON
00000805 _ADTIMER                         00000810 _SHTON
00000802 _BEEPER                          00000811 _UPDRAT
0000084a _BTIME                           00000812 _DIMAX
00000864 _D1_ACT                          00000813 _FPS_LEVEL_SET
00000888 _D1_DIF                          00000814 _ENVSET
0000089e _D1_ERROR                        00000815 _RES_LASER_TEMP
00000874 _D1_INT                          00000816 _QUESTION
00000822 _D1_OUT                          00000817 _EQUAL
00000845 _D1_OUT_OLD                      00000818 _ZERO
0000089a _D1_PROP                         00000819 _fps_index_count
0000085e _D1_SET                          0000081a _NEW_LINE
0000082b _D1_SUM                          0000081b _gate
0000086a _DATA                            0000081c _EXTFREQ
000008b4 _DCL                             0000081d _XTL1ACT
00000812 _DIMAX                           0000081e _XTL2SET
000008a8 _DIO                             0000081f _wrf
00000846 _DIODECUR_ACT                    00000820 _EXTD
00000852 _DIODECUR                        00000821 _FPS_ON
0000087c _DUMMY                           00000822 _D1_OUT
0000084c _Diode_SetPt                     00000823 _XTL1SET
0000084e _DspTmr                          00000824 _chr
0000083d _EMPTY                           00000825 _adTimerVar
00000844 _ENIVR                           00000826 _Iindex
0000083f _ENVACT                          00000827 _Time
00000882 _ENVIR_TEMP                      00000828 _FPS_LEVEL
0000083a _ENVIR                           00000829 _FanLaser_OUT_OLD
00000814 _ENVSET                          0000082a _KEY
00000817 _EQUAL                           0000082b _D1_SUM
000008f0 _ERROR                           0000082c _gate_pre
00000838 _EXRFP                           0000082d _T6
000008d4 _EXT                             0000082e _MODE_SEL
0000080e _EXTDCUR                         0000082f _T5
0000081c _EXTFREQ                         00000830 _T4
00000820 _EXTD                            00000831 _T3
00000836 _FCTR                            00000832 _MODE_DONE
000008b8 _FPL                             00000833 _Sctr
00000813 _FPS_LEVEL_SET                   00000834 _T2
00000828 _FPS_LEVEL                       00000835 _T1
00000821 _FPS_ON                          00000836 _FCTR
000008dc _FPS                             00000837 _XTL2ACT
00000849 _FPS_ON_SET                      00000838 _EXRFP
00000848 _FREQ                            00000839 _OLD_ERROR_L
00000807 _FUNCTION                        0000083a _ENVIR
00000866 _FanLaser_DIF                    0000083b _index
00000890 _FanLaser_ERROR                  0000083c _smooth
00000862 _FanLaser_INT                    0000083d _EMPTY
00000886 _FanLaser_OLD_ERROR              0000083e _fps_index
00000842 _FanLaser_OUT                    0000083f _ENVACT
00000829 _FanLaser_OUT_OLD                00000840 _ADJUST
00000870 _FanLaser_PROP                   00000841 _LASER_SET
000020b2 _GETTEMP                         00000842 _FanLaser_OUT
000008e4 _HOLD                            00000843 _RF_GATE_ON
000008d8 _IDI                             00000844 _ENIVR
00000894 _INTEST                          00000845 _D1_OUT_OLD
0000088a _INTLIMIT                        00000846 _DIODECUR_ACT
00000826 _Iindex                          00000847 _TFLAG
000019b8 _Initialize                      00000848 _FREQ
0000082a _KEY                             00000849 _FPS_ON_SET
00000868 _Kd                              0000084a _BTIME
00000856 _Ki                              0000084b _RES_ENVIR
00000880 _Kp                              0000084c _Diode_SetPt
00000858 _LASACT                          0000084e _DspTmr
00000841 _LASER_SET                       00000850 _PULSERATE
0000087e _LASER_TEMP                      00000852 _DIODECUR
00000872 _LASSET                          00000854 _PWMTime
00002783 _LCDRefresh                      00000856 _Ki
0000273a _LCDSetup                        00000858 _LASACT
00000860 _LHT_DG                          0000085a _OLD_ERROR
00000898 _LHT_D                           0000085c _LHT_IG
00000892 _LHT_I                           0000085e _D1_SET
0000085c _LHT_IG                          00000860 _LHT_DG
0000088e _LHT_OLDI                        00000862 _FanLaser_INT
00000876 _LHT_PG                          00000864 _D1_ACT
00000800 _LOOP                            00000866 _FanLaser_DIF
00000832 _MODE_DONE                       00000868 _Kd
0000082e _MODE_SEL                        0000086a _DATA
0000081a _NEW_LINE                        0000086c _RES_D1
000008c8 _OKK                             0000086e _RDELTA
00000905 _OKOKOK                          00000870 _FanLaser_PROP
0000087a _OLD_ACT                         00000872 _LASSET
00000896 _OLD_D1_INT                      00000874 _D1_INT
0000085a _OLD_ERROR                       00000876 _LHT_PG
00000839 _OLD_ERROR_L                     00000878 _OLD_FanLaser_INT
00000878 _OLD_FanLaser_INT                0000087a _OLD_ACT
00000803 _OLD_KEYSW_ON                    0000087c _DUMMY
00000808 _PLACE                           0000087e _LASER_TEMP
000008a4 _PRF                             00000880 _Kp
00000850 _PULSERATE                       00000882 _ENVIR_TEMP
000008ac _PWM                             00000884 _TEMP
00000854 _PWMTime                         00000886 _FanLaser_OLD_ERROR
0000080d _QSWEN                           00000888 _D1_DIF
000008cc _QSW                             0000088a _INTLIMIT
0000080c _QSWEXT                          0000088c _wt
0000080f _QSWON                           0000088e _LHT_OLDI
00000816 _QUESTION                        00000890 _FanLaser_ERROR
0000086e _RDELTA                          00000892 _LHT_I
0000089c _RDIF                            00000894 _INTEST
00000806 _REMLOC                          00000896 _OLD_D1_INT
00000809 _RESET                           00000898 _LHT_D
0000086c _RES_D1                          0000089a _D1_PROP
0000084b _RES_ENVIR                       0000089c _RDIF
00000815 _RES_LASER_TEMP                  0000089e _D1_ERROR
00000843 _RF_GATE_ON                      000008a0 _TK2
0000080b _RF_OFF                          000008a4 _PRF
00000c22 _RS232_RX                        000008a8 _DIO
000008c4 _RST                             000008ac _PWM
00002629 _ReadDallas2                     000008b0 _TEV
0000258f _ReadData                        000008b4 _DCL
00000810 _SHTON                           000008b8 _FPL
000008bc _SHT                             000008bc _SHT
00000833 _Sctr                            000008c0 _TDI
00000835 _T1                              000008c4 _RST
00000834 _T2                              000008c8 _OKK
00000831 _T3                              000008cc _QSW
00000830 _T4                              000008d0 _TLA
0000082f _T5                              000008d4 _EXT
0000082d _T6                              000008d8 _IDI
000008c0 _TDI                             000008dc _FPS
00000884 _TEMP                            000008e0 _TK1
00000bc0 _TEMPTBL1                        000008e4 _HOLD
000008b0 _TEV                             000008ea _msg_globe
00000847 _TFLAG                           000008f0 _ERROR
000008e0 _TK1                             000008f7 _TURN_OFF
000008a0 _TK2                             000008fe _TURN_ON
000008d0 _TLA                             00000905 _OKOKOK
00000801 _TPFLAG                          0000090c _msg15
000008f7 _TURN_OFF                        00000914 _msg14
000008fe _TURN_ON                         0000091d _fps
00000827 _Time                            00000927 _msg26
00000811 _UPDRAT                          0000093a _msg16
0000252a _WriteDallas2                    0000094e _msg25
0000246b _WriteDatax                      00000962 _msg19
0000266b _WriteData                       00000982 _msg7
00000804 _WriteFlag                       000009a6 _msg12
0000081d _XTL1ACT                         000009ca _msg6
00000823 _XTL1SET                         000009ee _msg8
00000837 _XTL2ACT                         00000a12 _msg18
0000081e _XTL2SET                         00000a37 _msg17
00000818 _ZERO                            00000a5c _msg13
00000028 __STACK_SIZE                     00000a81 _msg11
00000c01 __cleanup_ptr                    00000aa6 _msg10
00002a22 _abort                           00000ace _msg4
00000825 _adTimerVar                      00000af6 _msg3
000000a8 _alarmAction                     00000b17 _diodeAction
00002a03 _atexit                          00000b1e _msg9
00000c3c _buffer_index                    00000b46 _msg5
000029ae _c_int0                          00000b6e _msg1
00000824 _chr                             00000b7d _clearScreen
00000b7d _clearScreen                     00000b97 _msg2
0000080a _clearWarning                    00000bac _timer1_isr
00000044 _clearstring                     00000bc0 _TEMPTBL1
00000213 _defaultAction                   00000be6 _xint1
00000b17 _diodeAction                     00000bfa _uarttr
00001c0d _dspfun                          00000c01 __cleanup_ptr
00000c9e _echo                            00000c17 _sciPolling
00000cb2 _echo2                           00000c22 _RS232_RX
00000c2d _echo_msg                        00000c2d _echo_msg
000029d5 _exit                            00000c33 _setting_value
00002bd2 _f$$error                        00000c39 _parameter
0000091d _fps                             00000c3c _buffer_index
00000819 _fps_index_count                 00000c3d end
0000083e _fps_index                       00000c9e _echo
000005f7 _functionAction                  00000cb2 _echo2
0000081b _gate                            00000cf6 _runQuery
0000082c _gate_pre                        00000f53 _runCommand
0000083b _index                           000012df _sciInit
000004ea _keyswFirstOnAction              000012fe _longToString
00000117 _keyswOffAction                  0000134c _stringToLong
000012fe _longToString                    000013b5 _main
000013b5 _main                            000019b8 _Initialize
00001dab _message                         00001c0d _dspfun
00000aa6 _msg10                           00001d94 _wait
00000a81 _msg11                           00001dab _message
00000a37 _msg17                           00001df3 _num2ascii
00000a12 _msg18                           00002031 _wrtstring
00000962 _msg19                           00002073 _wrtchrs
00000b6e _msg1                            000020b2 _GETTEMP
000009a6 _msg12                           0000217e _tempctl
00000a5c _msg13                           0000246b _WriteDatax
00000914 _msg14                           0000252a _WriteDallas2
0000090c _msg15                           0000258f _ReadData
0000093a _msg16                           00002629 _ReadDallas2
0000094e _msg25                           0000266b _WriteData
00000b97 _msg2                            0000273a _LCDSetup
00000927 _msg26                           00002783 _LCDRefresh
00000af6 _msg3                            000029ae _c_int0
00000ace _msg4                            000029d5 _exit
00000b46 _msg5                            00002a03 _atexit
000009ca _msg6                            00002a22 C$$EXIT
00000982 _msg7                            00002a22 _abort
000009ee _msg8                            00002a25 F$$ADD
00000b1e _msg9                            00002ad9 F$$COMPARE
000008ea _msg_globe                       00002b1c F$$EQ
00001df3 _num2ascii                       00002b1f F$$NE
00000c39 _parameter                       00002b22 F$$LE
000000dc _pulseRateAction                 00002b25 F$$LT
0000016a _qswextAction                    00002b28 F$$GE
00000082 _qswonAction                     00002b2b F$$GT
000000c2 _resetAction                     00002b2e F$$DIV
00000f53 _runCommand                      00002bd2 _f$$error
00000cf6 _runQuery                        00002bd3 F$$FTOI
000012df _sciInit                         00002c14 F$$FTOL
00000c17 _sciPolling                      00002c67 F$$FTOU
00000c33 _setting_value                   00002cab F$$ITOF
000001d6 _shtonAction                     00002ccf F$$LTOF
00000069 _shutterOff                      00002cf7 F$$ULTOF
0000083c _smooth                          00002d00 F$$MUL
00002f47 _strcpy                          00002d7c F$$SUB
0000134c _stringToLong                    00002d89 F$$UTOF
00002f61 _strncmp                         00002da2 I$$DIV
00002fa2 _strncpy                         00002dde I$$MOD
0000217e _tempctl                         00002e2f L$$DIVS
00000bac _timer1_isr                      00002e6a L$$MODS
00000bfa _uarttr                          00002ea1 L$$DIVU
00001d94 _wait                            00002ec1 L$$MODU
0000081f _wrf                             00002f19 I$$SAVE
00002073 _wrtchrs                         00002f31 I$$REST
00002031 _wrtstring                       00002f47 _strcpy
0000088c _wt                              00002f61 _strncmp
00000be6 _xint1                           00002fa2 _strncpy
0000305e cinit                            00002fd6 I$$UDIV
00000300 edata                            00002ffc I$$UMOD
00000c3d end                              0000305e etext
0000305e etext                            0000305e cinit
ffffffff pinit                            ffffffff pinit

[258 symbols]
