******************************************************************************
TMS320C24xx COFF Linker           Version 7.04                   
******************************************************************************
>> Linked Mon Jul 08 15:26:38 2013

OUTPUT FILE NAME:   <./Debug/laserdrvr.out>
ENTRY POINT SYMBOL: "_c_int0"  address: 0000364c


MEMORY CONFIGURATION

           name     origin    length      used    attributes    fill
         --------  --------  ---------  --------  ----------  --------
PAGE 0: VECS      00000000  000000040  00000040     RWIX      
         FLASH     00000044  000007fbc  000041c3     RWIX      

PAGE 1: B2        00000060  000000020  00000000     RWIX      
         B0        00000200  000000100  00000000     RWIX      
         B1        00000300  000000100  00000000     RWIX      
         SARAM     00000800  000000800  000005c3     RWIX      


SECTION ALLOCATION MAP

 output                                  attributes/
section   page    origin      length       input sections
--------  ----  ----------  ----------   ----------------
.text      0    00000044    00003cb8     
                  00000044    000011b0     actions.obj (.text)
                  000011f4    00000000     CVECTORS.obj (.text)
                  000011f4    0000006b     ISR.obj (.text)
                  0000125f    0000079e     RS232.obj (.text)
                  000019fd    0000071b     yucojca.obj (.text)
                  00002118    00001534     YucoSupport.obj (.text)
                  0000364c    00000027     rts2xx.lib : boot.obj (.text)
                  00003673    00000050                : exit.obj (.text)
                  000036c3    000000b4                : f_add.obj (.text)
                  00003777    00000055                : f_cmp.obj (.text)
                  000037cc    000000a4                : f_div.obj (.text)
                  00003870    00000001                : f_error.obj (.text)
                  00003871    00000041                : f_ftoi.obj (.text)
                  000038b2    00000053                : f_ftol.obj (.text)
                  00003905    00000044                : f_ftou.obj (.text)
                  00003949    00000024                : f_itof.obj (.text)
                  0000396d    00000031                : f_ltof.obj (.text)
                  0000399e    0000007c                : f_mul.obj (.text)
                  00003a1a    0000000d                : f_sub.obj (.text)
                  00003a27    00000019                : f_utof.obj (.text)
                  00003a40    0000008d                : idiv.obj (.text)
                  00003acd    000000ea                : ldiv.obj (.text)
                  00003bb7    0000002e                : saverest.obj (.text)
                  00003be5    0000001a                : strcpy.obj (.text)
                  00003bff    00000041                : strncmp.obj (.text)
                  00003c40    00000034                : strncpy.obj (.text)
                  00003c74    00000088                : udiv.obj (.text)

.cinit     0    00003cfc    0000050b     
                  00003cfc    00000504     yucojca.obj (.cinit)
                  00004200    00000006     rts2xx.lib : exit.obj (.cinit)
                  00004206    00000001     --HOLE-- [fill = 0000]

.switch    0    00000044    00000000     UNINITIALIZED

.const     1    00000300    00000000     UNINITIALIZED

//.const   0    00000044    00000000     UNINITIALIZED

my_sect    1    00000200    00000000     UNINITIALIZED

.bss       1    00000800    0000059b     UNINITIALIZED
                  00000800    0000055d     yucojca.obj (.bss)
                  00000d5d    00000000     rts2xx.lib : f_error.obj (.bss)
                  00000d5d    00000000                : f_div.obj (.bss)
                  00000d5d    00000000                : f_cmp.obj (.bss)
                  00000d5d    00000000                : f_ftou.obj (.bss)
                  00000d5d    00000000                : f_ftol.obj (.bss)
                  00000d5d    00000000                : f_ftoi.obj (.bss)
                  00000d5d    00000000     ISR.obj (.bss)
                  00000d5d    00000000     CVECTORS.obj (.bss)
                  00000d5d    00000000     actions.obj (.bss)
                  00000d5d    00000000     rts2xx.lib : f_add.obj (.bss)
                  00000d5d    00000000                : boot.obj (.bss)
                  00000d5d    00000000     YucoSupport.obj (.bss)
                  00000d5d    00000000     rts2xx.lib : saverest.obj (.bss)
                  00000d5d    00000000                : udiv.obj (.bss)
                  00000d5d    00000000                : ldiv.obj (.bss)
                  00000d5d    00000000                : strncmp.obj (.bss)
                  00000d5d    00000000                : strncpy.obj (.bss)
                  00000d5d    00000000                : strcpy.obj (.bss)
                  00000d5d    00000000                : f_mul.obj (.bss)
                  00000d5d    00000000                : f_ltof.obj (.bss)
                  00000d5d    00000000                : f_itof.obj (.bss)
                  00000d5d    00000000                : idiv.obj (.bss)
                  00000d5d    00000000                : f_utof.obj (.bss)
                  00000d5d    00000000                : f_sub.obj (.bss)
                  00000d5d    00000022                : exit.obj (.bss)
                  00000d80    0000001b     RS232.obj (.bss)

.stack     1    00000d9b    00000028     UNINITIALIZED
                  00000d9b    00000000     rts2xx.lib : boot.obj (.stack)

.sysmem    1    00000300    00000000     UNINITIALIZED

vectors    0    00000000    00000040     
                  00000000    00000040     CVECTORS.obj (vectors)

.data      1    00000300    00000000     UNINITIALIZED
                  00000300    00000000     actions.obj (.data)
                  00000300    00000000     rts2xx.lib : udiv.obj (.data)
                  00000300    00000000                : strncpy.obj (.data)
                  00000300    00000000                : strncmp.obj (.data)
                  00000300    00000000                : strcpy.obj (.data)
                  00000300    00000000                : saverest.obj (.data)
                  00000300    00000000                : ldiv.obj (.data)
                  00000300    00000000                : idiv.obj (.data)
                  00000300    00000000                : f_utof.obj (.data)
                  00000300    00000000                : f_sub.obj (.data)
                  00000300    00000000                : f_mul.obj (.data)
                  00000300    00000000                : f_ltof.obj (.data)
                  00000300    00000000                : f_itof.obj (.data)
                  00000300    00000000                : f_ftou.obj (.data)
                  00000300    00000000                : f_ftol.obj (.data)
                  00000300    00000000                : f_ftoi.obj (.data)
                  00000300    00000000                : f_error.obj (.data)
                  00000300    00000000                : f_div.obj (.data)
                  00000300    00000000                : f_cmp.obj (.data)
                  00000300    00000000                : f_add.obj (.data)
                  00000300    00000000                : exit.obj (.data)
                  00000300    00000000                : boot.obj (.data)
                  00000300    00000000     YucoSupport.obj (.data)
                  00000300    00000000     yucojca.obj (.data)
                  00000300    00000000     RS232.obj (.data)
                  00000300    00000000     ISR.obj (.data)
                  00000300    00000000     CVECTORS.obj (.data)

table      0    00000044    00000000     UNINITIALIZED


GLOBAL SYMBOLS

address  name                             address  name
-------- ----                             -------- ----
00000800 .bss                             00000028 __STACK_SIZE
00000300 .data                            00000044 _clearstring
00000044 .text                            00000044 .text
000036c0 C$$EXIT                          00000076 _shutterOff
000036c3 F$$ADD                           0000008f _qswonAction
00003777 F$$COMPARE                       000000b5 _alarmAction
000037cc F$$DIV                           000000cf _resetAction
000037ba F$$EQ                            000000e9 _pulseRateAction
00003871 F$$FTOI                          0000012c _keyswOffAction
000038b2 F$$FTOL                          00000186 _qswextAction
00003905 F$$FTOU                          000001f2 _shtonAction
000037c6 F$$GE                            0000022f _defaultAction
000037c9 F$$GT                            00000300 .data
00003949 F$$ITOF                          00000300 edata
000037c0 F$$LE                            00000614 _keyswFirstOnAction
000037c3 F$$LT                            00000800 _LOOP
0000396d F$$LTOF                          00000800 .bss
0000399e F$$MUL                           00000801 _TPFLAG
000037bd F$$NE                            00000802 _BEEPER
00003a1a F$$SUB                           00000803 _OLD_KEYSW_ON
00003995 F$$ULTOF                         00000804 _WriteFlag
00003a27 F$$UTOF                          00000804 _functionAction
00003a40 I$$DIV                           00000805 _InitingError
00003a7c I$$MOD                           00000806 _SecurityIniting
00003bcf I$$REST                          00000807 _ADTIMER
00003bb7 I$$SAVE                          00000808 _TimeC_Sec
00003c74 I$$UDIV                          00000809 _TimeC_Min
00003c9a I$$UMOD                          0000080a _TimeC_2Min
00003acd L$$DIVS                          0000080b _TimeC_8Min
00003b3f L$$DIVU                          0000080c _Sign_2Min
00003b08 L$$MODS                          0000080d _Sign_8Min
00003b5f L$$MODU                          0000080e _REMLOC
0000084b _ADJUST                          0000080f _FUNCTION
00000807 _ADTIMER                         00000810 _QSWON
00000802 _BEEPER                          00000811 _QSWEXT
0000083e _BTIME                           00000812 _RF_OFF
00000878 _D1_ACT                          00000813 _FirstStemp
0000087c _D1_DIF                          00000814 _PLACE
000008b4 _D1_ERROR                        00000815 _RESET
0000089a _D1_INT                          00000816 _clearWarning
00000829 _D1_OUT                          00000817 _DIODESELECT
00000821 _D1_OUT_OLD                      00000818 _QSWEN
000008b8 _D1_PROP                         00000819 _EXTDCUR
000008a0 _D1_SET                          0000081a _EXTDCUR2
0000082e _D1_SUM                          0000081b _SHTON
00000886 _D2_ACT                          0000081c _UPDRAT
000008bc _D2_SET                          0000081d _DIMAX
0000088c _DATA                            0000081e _FPS_LEVEL_SET
000008d4 _DCL                             0000081f _EXRFP
0000081d _DIMAX                           00000820 _RES_ENVIR
00000908 _DIO                             00000821 _D1_OUT_OLD
00000833 _DIODECUR_ACT                    00000822 _FanLaser_OUT
0000086e _DIODECUR                        00000823 _EXTFREQ
00000817 _DIODESELECT                     00000824 _XTL1ACT
00000894 _DIODECUR2                       00000825 _smooth
0000082a _DIODECUR_ACT2                   00000826 _MODE_DONE
00000872 _DUMMY                           00000827 _EXTD
00000862 _Diode_SetPt                     00000828 _ENVIR
00000864 _Diode_SetPt2                    00000829 _D1_OUT
00000866 _DspTmr                          0000082a _DIODECUR_ACT2
0000085b _EMPTY                           0000082b _FCTR
00000859 _ENIVR                           0000082c _OLD_ERROR_L
0000084d _ENVACT                          0000082d _Iindex
00000828 _ENVIR                           0000082e _D1_SUM
000008ac _ENVIR_TEMP                      0000082f _ZERO
0000084c _ENVSET                          00000830 _EQUAL
00000830 _EQUAL                           00000831 _FPS_LEVEL
00000918 _ERROR                           00000832 _FPS_ON
0000081f _EXRFP                           00000833 _DIODECUR_ACT
00000819 _EXTDCUR                         00000834 _Time
000008e4 _EXT                             00000835 _JumpInit
0000081a _EXTDCUR2                        00000836 _T6
00000827 _EXTD                            00000837 _T9
00000823 _EXTFREQ                         00000838 _T5
0000082b _FCTR                            00000839 _T4
00000900 _FPL                             0000083a _MODE_SEL
0000081e _FPS_LEVEL_SET                   0000083b _Sctr
0000085f _FPS_ON_SET                      0000083c _T2
000008cc _FPS                             0000083d _NEW_LINE
00000831 _FPS_LEVEL                       0000083e _BTIME
00000832 _FPS_ON                          0000083f _fps_index_count
0000085d _FREQ                            00000840 _T1
0000080f _FUNCTION                        00000841 _gate_pre
0000088e _FanLaser_DIF                    00000842 _FanLaser_OUT_OLD
000008c0 _FanLaser_ERROR                  00000843 _KEY
000008ae _FanLaser_INT                    00000844 _RF_GATE_ON
000008b0 _FanLaser_OLD_ERROR              00000845 _index
00000842 _FanLaser_OUT_OLD                00000846 _XTL1SET
00000822 _FanLaser_OUT                    00000847 _wrf
0000089c _FanLaser_PROP                   00000848 _QUESTION
000023e4 _First                           00000849 _adTimerVar
00000813 _FirstStemp                      0000084a _RES_LASER_TEMP
00002a15 _GETTEMP                         0000084b _ADJUST
0000090c _HOLD                            0000084c _ENVSET
000008f4 _IDI                             0000084d _ENVACT
00000868 _INITCUR                         0000084e _XTL2SET
0000086a _INITCUR2                        0000084f _chr
000008c6 _INTEST                          00000850 _LASER_SET
00000880 _INTLIMIT                        00000851 _gate
0000082d _Iindex                          00000852 _SIGN_FUN8SET
00002118 _Initialize                      00000853 _fps_index
00000805 _InitingError                    00000854 _XTL2ACT
00000835 _JumpInit                        00000855 _T14
00000843 _KEY                             00000856 _T10
00000896 _Kd                              00000857 _TFLAG
000008a2 _Ki                              00000858 _Laserpi
00000888 _Kp                              00000859 _ENIVR
00000876 _LASACT                          0000085a _T15
000008ba _LASERPOWER                      0000085b _EMPTY
00000850 _LASER_SET                       0000085c _T13
000008aa _LASER_TEMP                      0000085d _FREQ
00000898 _LASSET                          0000085e _T12
00003202 _LCDRefresh                      0000085f _FPS_ON_SET
000031b9 _LCDSetup                        00000860 _securityenable
00000882 _LHT_DG                          00000861 _T11
000008c4 _LHT_D                           00000862 _Diode_SetPt
00000892 _LHT_IG                          00000864 _Diode_SetPt2
000008be _LHT_I                           00000866 _DspTmr
0000087e _LHT_OLDI                        00000868 _INITCUR
00000874 _LHT_PG                          0000086a _INITCUR2
00000800 _LOOP                            0000086c _PULSERATE
00000858 _Laserpi                         0000086e _DIODECUR
0000087a _Laserptemp                      00000870 _PWMTime
0000088a _Laserptemp2                     00000872 _DUMMY
00000826 _MODE_DONE                       00000874 _LHT_PG
0000083a _MODE_SEL                        00000876 _LASACT
0000083d _NEW_LINE                        00000878 _D1_ACT
000008d8 _OKK                             0000087a _Laserptemp
00000926 _OKOKOK                          0000087c _D1_DIF
000008a8 _OLD_ACT                         0000087e _LHT_OLDI
000008c2 _OLD_D1_INT                      00000880 _INTLIMIT
0000082c _OLD_ERROR_L                     00000882 _LHT_DG
00000884 _OLD_ERROR                       00000884 _OLD_ERROR
000008a6 _OLD_FanLaser_INT                00000886 _D2_ACT
00000803 _OLD_KEYSW_ON                    00000888 _Kp
00000814 _PLACE                           0000088a _Laserptemp2
000008e8 _PRF                             0000088c _DATA
0000086c _PULSERATE                       0000088e _FanLaser_DIF
00000870 _PWMTime                         00000890 _RES_D1
000008ec _PWM                             00000892 _LHT_IG
000008dc _QSW                             00000894 _DIODECUR2
00000818 _QSWEN                           00000896 _Kd
00000811 _QSWEXT                          00000898 _LASSET
00000810 _QSWON                           0000089a _D1_INT
00000848 _QUESTION                        0000089c _FanLaser_PROP
0000089e _RDELTA                          0000089e _RDELTA
000008b6 _RDIF                            000008a0 _D1_SET
0000080e _REMLOC                          000008a2 _Ki
00000815 _RESET                           000008a4 _wt
00000890 _RES_D1                          000008a6 _OLD_FanLaser_INT
00000820 _RES_ENVIR                       000008a8 _OLD_ACT
0000084a _RES_LASER_TEMP                  000008aa _LASER_TEMP
00000844 _RF_GATE_ON                      000008ac _ENVIR_TEMP
00000812 _RF_OFF                          000008ae _FanLaser_INT
00000d80 _RS232_RX                        000008b0 _FanLaser_OLD_ERROR
00000904 _RST                             000008b2 _TEMP
00002fee _ReadDallas2                     000008b4 _D1_ERROR
00003030 _ReadData                        000008b6 _RDIF
00002f3b _ReadDatax                       000008b8 _D1_PROP
0000081b _SHTON                           000008ba _LASERPOWER
000008e0 _SHT                             000008bc _D2_SET
00000852 _SIGN_FUN8SET                    000008be _LHT_I
0000083b _Sctr                            000008c0 _FanLaser_ERROR
00000806 _SecurityIniting                 000008c2 _OLD_D1_INT
0000080c _Sign_2Min                       000008c4 _LHT_D
0000080d _Sign_8Min                       000008c6 _INTEST
00000856 _T10                             000008c8 _TK1
00000861 _T11                             000008cc _FPS
0000085e _T12                             000008d0 _TLA
0000085c _T13                             000008d4 _DCL
00000840 _T1                              000008d8 _OKK
00000855 _T14                             000008dc _QSW
0000085a _T15                             000008e0 _SHT
0000083c _T2                              000008e4 _EXT
00000839 _T4                              000008e8 _PRF
00000838 _T5                              000008ec _PWM
00000836 _T6                              000008f0 _TEV
00000837 _T9                              000008f4 _IDI
000008fc _TDI                             000008f8 _TK2
00000d2a _TEMPTBL1                        000008fc _TDI
000008b2 _TEMP                            00000900 _FPL
000008f0 _TEV                             00000904 _RST
00000857 _TFLAG                           00000908 _DIO
000008c8 _TK1                             0000090c _HOLD
000008f8 _TK2                             00000912 _msg_globe
000008d0 _TLA                             00000918 _ERROR
00000801 _TPFLAG                          0000091f _TURN_ON
0000092d _TURN_OFF                        00000926 _OKOKOK
0000091f _TURN_ON                         0000092d _TURN_OFF
0000080a _TimeC_2Min                      00000934 _msg15
0000080b _TimeC_8Min                      0000093c _msg14
00000809 _TimeC_Min                       00000945 _fps
00000808 _TimeC_Sec                       0000094f _msg31
00000834 _Time                            00000962 _msg25
0000081c _UPDRAT                          00000975 _msg24
00002ed6 _WriteDallas2                    00000989 _msg16
000030c4 _WriteData                       0000099d _msg23
00002dfd _WriteDatax                      000009c0 _msg20
00000804 _WriteFlag                       000009e3 _msg7
00000824 _XTL1ACT                         00000a07 _msg6
00000846 _XTL1SET                         00000a2b _msg8
00000854 _XTL2ACT                         00000a4f _msg12
0000084e _XTL2SET                         00000a73 _msg21
0000082f _ZERO                            00000a97 _msg29
00000028 __STACK_SIZE                     00000abb _msg28
00000d5e __cleanup_ptr                    00000adf _msg11
000036c0 _abort                           00000b04 _msg17
00000849 _adTimerVar                      00000b29 _msg18
000000b5 _alarmAction                     00000b4e _msg19
000036a1 _atexit                          00000b73 _msg30
00000d9a _buffer_index                    00000b99 _msg13
0000364c _c_int0                          00000bbf _msg3
0000084f _chr                             00000be7 _msg10
000011c7 _clearScreen                     00000c0f _msg27
00000816 _clearWarning                    00000c37 _msg4
00000044 _clearstring                     00000c5f _msg5
0000022f _defaultAction                   00000c87 _msg9
0000110b _diodeAction_1                   00000caf _msg1
00001070 _diodeAction                     00000cd8 _msg2
0000241c _dspfun                          00000d01 _msg26
000012e6 _echo                            00000d2a _TEMPTBL1
00000d8b _echo_msg                        00000d5e __cleanup_ptr
000012fa _echo2                           00000d80 _RS232_RX
00003673 _exit                            00000d8b _echo_msg
00003870 _f$$error                        00000d91 _setting_value
0000083f _fps_index_count                 00000d97 _parameter
00000853 _fps_index                       00000d9a _buffer_index
00000945 _fps                             00000d9b end
00000804 _functionAction                  00001070 _diodeAction
00000851 _gate                            0000110b _diodeAction_1
00000841 _gate_pre                        000011c7 _clearScreen
00000845 _index                           000011f4 _timer1_isr
00000614 _keyswFirstOnAction              0000122e _xint1
0000012c _keyswOffAction                  00001242 _uarttr
00001946 _longToString                    0000125f _sciPolling
000019fd _main                            000012e6 _echo
00002683 _message                         000012fa _echo2
00000b99 _msg13                           0000133e _runQuery
0000093c _msg14                           0000159b _runCommand
00000934 _msg15                           00001927 _sciInit
00000be7 _msg10                           00001946 _longToString
00000adf _msg11                           00001994 _stringToLong
00000a4f _msg12                           000019fd _main
00000caf _msg1                            00002118 _Initialize
00000989 _msg16                           000023e4 _First
00000b04 _msg17                           0000241c _dspfun
00000b29 _msg18                           0000266c _wait
00000b4e _msg19                           00002683 _message
00000cd8 _msg2                            000026cb _num2ascii
000009c0 _msg20                           00002994 _wrtstring
00000a73 _msg21                           000029d6 _wrtchrs
0000099d _msg23                           00002a15 _GETTEMP
00000975 _msg24                           00002ae1 _tempctl
00000962 _msg25                           00002dfd _WriteDatax
00000d01 _msg26                           00002ed6 _WriteDallas2
00000c0f _msg27                           00002f3b _ReadDatax
00000abb _msg28                           00002fee _ReadDallas2
00000a97 _msg29                           00003030 _ReadData
00000b73 _msg30                           000030c4 _WriteData
00000bbf _msg3                            000031b9 _LCDSetup
0000094f _msg31                           00003202 _LCDRefresh
00000c37 _msg4                            0000364c _c_int0
00000c5f _msg5                            00003673 _exit
00000a07 _msg6                            000036a1 _atexit
000009e3 _msg7                            000036c0 C$$EXIT
00000a2b _msg8                            000036c0 _abort
00000c87 _msg9                            000036c3 F$$ADD
00000912 _msg_globe                       00003777 F$$COMPARE
000026cb _num2ascii                       000037ba F$$EQ
00000d97 _parameter                       000037bd F$$NE
000000e9 _pulseRateAction                 000037c0 F$$LE
00000186 _qswextAction                    000037c3 F$$LT
0000008f _qswonAction                     000037c6 F$$GE
000000cf _resetAction                     000037c9 F$$GT
0000159b _runCommand                      000037cc F$$DIV
0000133e _runQuery                        00003870 _f$$error
00001927 _sciInit                         00003871 F$$FTOI
0000125f _sciPolling                      000038b2 F$$FTOL
00000860 _securityenable                  00003905 F$$FTOU
00000d91 _setting_value                   00003949 F$$ITOF
000001f2 _shtonAction                     0000396d F$$LTOF
00000076 _shutterOff                      00003995 F$$ULTOF
00000825 _smooth                          0000399e F$$MUL
00003be5 _strcpy                          00003a1a F$$SUB
00001994 _stringToLong                    00003a27 F$$UTOF
00003bff _strncmp                         00003a40 I$$DIV
00003c40 _strncpy                         00003a7c I$$MOD
00002ae1 _tempctl                         00003acd L$$DIVS
000011f4 _timer1_isr                      00003b08 L$$MODS
00001242 _uarttr                          00003b3f L$$DIVU
0000266c _wait                            00003b5f L$$MODU
00000847 _wrf                             00003bb7 I$$SAVE
000029d6 _wrtchrs                         00003bcf I$$REST
00002994 _wrtstring                       00003be5 _strcpy
000008a4 _wt                              00003bff _strncmp
0000122e _xint1                           00003c40 _strncpy
00003cfc cinit                            00003c74 I$$UDIV
00000300 edata                            00003c9a I$$UMOD
00000d9b end                              00003cfc etext
00003cfc etext                            00003cfc cinit
ffffffff pinit                            ffffffff pinit

[301 symbols]
