******************************************************************************
TMS320C24xx COFF Linker           Version 7.04                   
******************************************************************************
>> Linked Mon Aug 05 13:57:15 2013

OUTPUT FILE NAME:   <./Debug/laserdrvr.out>
ENTRY POINT SYMBOL: "_c_int0"  address: 00003705


MEMORY CONFIGURATION

           name     origin    length      used    attributes    fill
         --------  --------  ---------  --------  ----------  --------
PAGE 0: VECS      00000000  000000040  00000040     RWIX      
         FLASH     00000044  000007fbc  000042a2     RWIX      

PAGE 1: B2        00000060  000000020  00000000     RWIX      
         B0        00000200  000000100  00000000     RWIX      
         B1        00000300  000000100  00000000     RWIX      
         SARAM     00000800  000000800  000005ea     RWIX      


SECTION ALLOCATION MAP

 output                                  attributes/
section   page    origin      length       input sections
--------  ----  ----------  ----------   ----------------
.text      0    00000044    00003d71     
                  00000044    0000127c     actions.obj (.text)
                  000012c0    00000000     CVECTORS.obj (.text)
                  000012c0    0000006b     ISR.obj (.text)
                  0000132b    0000079e     RS232.obj (.text)
                  00001ac9    0000071b     yucojca.obj (.text)
                  000021e4    00001521     YucoSupport.obj (.text)
                  00003705    00000027     rts2xx.lib : boot.obj (.text)
                  0000372c    00000050                : exit.obj (.text)
                  0000377c    000000b4                : f_add.obj (.text)
                  00003830    00000055                : f_cmp.obj (.text)
                  00003885    000000a4                : f_div.obj (.text)
                  00003929    00000001                : f_error.obj (.text)
                  0000392a    00000041                : f_ftoi.obj (.text)
                  0000396b    00000053                : f_ftol.obj (.text)
                  000039be    00000044                : f_ftou.obj (.text)
                  00003a02    00000024                : f_itof.obj (.text)
                  00003a26    00000031                : f_ltof.obj (.text)
                  00003a57    0000007c                : f_mul.obj (.text)
                  00003ad3    0000000d                : f_sub.obj (.text)
                  00003ae0    00000019                : f_utof.obj (.text)
                  00003af9    0000008d                : idiv.obj (.text)
                  00003b86    000000ea                : ldiv.obj (.text)
                  00003c70    0000002e                : saverest.obj (.text)
                  00003c9e    0000001a                : strcpy.obj (.text)
                  00003cb8    00000041                : strncmp.obj (.text)
                  00003cf9    00000034                : strncpy.obj (.text)
                  00003d2d    00000088                : udiv.obj (.text)

.cinit     0    00003db5    00000531     
                  00003db5    0000052a     yucojca.obj (.cinit)
                  000042df    00000006     rts2xx.lib : exit.obj (.cinit)
                  000042e5    00000001     --HOLE-- [fill = 0000]

.switch    0    00000044    00000000     UNINITIALIZED

.const     1    00000300    00000000     UNINITIALIZED

//.const   0    00000044    00000000     UNINITIALIZED

my_sect    1    00000200    00000000     UNINITIALIZED

.bss       1    00000800    000005c2     UNINITIALIZED
                  00000800    00000585     yucojca.obj (.bss)
                  00000d85    00000000     rts2xx.lib : f_error.obj (.bss)
                  00000d85    00000000                : f_div.obj (.bss)
                  00000d85    00000000                : f_cmp.obj (.bss)
                  00000d85    00000000                : f_ftou.obj (.bss)
                  00000d85    00000000                : f_ftol.obj (.bss)
                  00000d85    00000000                : f_ftoi.obj (.bss)
                  00000d85    00000000     ISR.obj (.bss)
                  00000d85    00000000     CVECTORS.obj (.bss)
                  00000d85    00000000     actions.obj (.bss)
                  00000d85    00000000     rts2xx.lib : f_add.obj (.bss)
                  00000d85    00000000                : boot.obj (.bss)
                  00000d85    00000000     YucoSupport.obj (.bss)
                  00000d85    00000000     rts2xx.lib : saverest.obj (.bss)
                  00000d85    00000000                : udiv.obj (.bss)
                  00000d85    00000000                : ldiv.obj (.bss)
                  00000d85    00000000                : strncmp.obj (.bss)
                  00000d85    00000000                : strncpy.obj (.bss)
                  00000d85    00000000                : strcpy.obj (.bss)
                  00000d85    00000000                : f_mul.obj (.bss)
                  00000d85    00000000                : f_ltof.obj (.bss)
                  00000d85    00000000                : f_itof.obj (.bss)
                  00000d85    00000000                : idiv.obj (.bss)
                  00000d85    00000000                : f_utof.obj (.bss)
                  00000d85    00000000                : f_sub.obj (.bss)
                  00000d85    00000022                : exit.obj (.bss)
                  00000da7    0000001b     RS232.obj (.bss)

.stack     1    00000dc2    00000028     UNINITIALIZED
                  00000dc2    00000000     rts2xx.lib : boot.obj (.stack)

.sysmem    1    00000300    00000000     UNINITIALIZED

vectors    0    00000000    00000040     
                  00000000    00000040     CVECTORS.obj (vectors)

.data      1    00000300    00000000     UNINITIALIZED
                  00000300    00000000     actions.obj (.data)
                  00000300    00000000     rts2xx.lib : udiv.obj (.data)
                  00000300    00000000                : strncpy.obj (.data)
                  00000300    00000000                : strncmp.obj (.data)
                  00000300    00000000                : strcpy.obj (.data)
                  00000300    00000000                : saverest.obj (.data)
                  00000300    00000000                : ldiv.obj (.data)
                  00000300    00000000                : idiv.obj (.data)
                  00000300    00000000                : f_utof.obj (.data)
                  00000300    00000000                : f_sub.obj (.data)
                  00000300    00000000                : f_mul.obj (.data)
                  00000300    00000000                : f_ltof.obj (.data)
                  00000300    00000000                : f_itof.obj (.data)
                  00000300    00000000                : f_ftou.obj (.data)
                  00000300    00000000                : f_ftol.obj (.data)
                  00000300    00000000                : f_ftoi.obj (.data)
                  00000300    00000000                : f_error.obj (.data)
                  00000300    00000000                : f_div.obj (.data)
                  00000300    00000000                : f_cmp.obj (.data)
                  00000300    00000000                : f_add.obj (.data)
                  00000300    00000000                : exit.obj (.data)
                  00000300    00000000                : boot.obj (.data)
                  00000300    00000000     YucoSupport.obj (.data)
                  00000300    00000000     yucojca.obj (.data)
                  00000300    00000000     RS232.obj (.data)
                  00000300    00000000     ISR.obj (.data)
                  00000300    00000000     CVECTORS.obj (.data)

table      0    00000044    00000000     UNINITIALIZED


GLOBAL SYMBOLS

address  name                             address  name
-------- ----                             -------- ----
00000800 .bss                             00000028 __STACK_SIZE
00000300 .data                            00000044 .text
00000044 .text                            00000044 _clearstring
00003779 C$$EXIT                          00000076 _shutterOff
0000377c F$$ADD                           0000008f _qswonAction
00003830 F$$COMPARE                       000000b5 _alarmAction
00003885 F$$DIV                           000000cf _resetAction
00003873 F$$EQ                            000000e9 _pulseRateAction
0000392a F$$FTOI                          0000012c _keyswOffAction
0000396b F$$FTOL                          00000186 _qswextAction
000039be F$$FTOU                          000001f2 _shtonAction
0000387f F$$GE                            0000022f _defaultAction
00003882 F$$GT                            00000300 .data
00003a02 F$$ITOF                          00000300 edata
00003879 F$$LE                            00000613 _keyswFirstOnAction
00003a26 F$$LTOF                          00000800 _LOOP
0000387c F$$LT                            00000800 .bss
00003a57 F$$MUL                           00000801 _TPFLAG
00003876 F$$NE                            00000802 _BEEPER
00003ad3 F$$SUB                           00000803 _OLD_KEYSW_ON
00003a4e F$$ULTOF                         00000803 _functionAction
00003ae0 F$$UTOF                          00000804 _WriteFlag
00003af9 I$$DIV                           00000805 _InitingError
00003b35 I$$MOD                           00000806 _SecurityIniting
00003c88 I$$REST                          00000807 _ADTIMER
00003c70 I$$SAVE                          00000808 _TimeC_Sec
00003d2d I$$UDIV                          00000809 _TimeC_Min
00003d53 I$$UMOD                          0000080a _TimeC_2Min
00003b86 L$$DIVS                          0000080b _TimeC_8Min
00003bf8 L$$DIVU                          0000080c _Sign_2Min
00003bc1 L$$MODS                          0000080d _Sign_8Min
00003c18 L$$MODU                          0000080e _REMLOC
0000084c _ADJUST                          0000080f _FUNCTION
00000807 _ADTIMER                         00000810 _QSWON
00000802 _BEEPER                          00000811 _QSWEXT
0000082f _BTIME                           00000812 _RF_OFF
0000087d _D1_ACT                          00000813 _FirstStemp
00000880 _D1_DIF                          00000814 _PLACE
000008c2 _D1_ERROR                        00000815 _RESET
000008a4 _D1_INT                          00000816 _clearWarning
0000082b _D1_OUT_OLD                      00000817 _DIODESELECT
0000082a _D1_OUT                          00000818 _QSWEN
000008a2 _D1_PROP                         00000819 _EXTDCUR
00000877 _D1_SET                          0000081a _EXTDCUR2
0000081f _D1_SUM                          0000081b _SHTON
00000892 _D2_ACT                          0000081c _UPDRAT
000008c4 _D2_SET                          0000081d _DIMAX
00000890 _DATA                            0000081e _FCTR
000008dc _DCL                             0000081f _D1_SUM
0000081d _DIMAX                           00000820 _ZERO
0000082c _DIODECUR_ACT2                   00000821 _EQUAL
00000875 _DIODECUR2                       00000822 _QUESTION
00000854 _DIODECUR_ACT                    00000823 _gate
0000090c _DIO                             00000824 _EXTFREQ
0000086f _DIODECUR                        00000825 _XTL1ACT
00000817 _DIODESELECT                     00000826 _smooth
0000087b _DUMMY                           00000827 _XTL2ACT
00000863 _Diode_SetPt                     00000828 _EXTD
00000865 _Diode_SetPt2                    00000829 _LASER_SET
00000867 _DspTmr                          0000082a _D1_OUT
00000858 _EMPTY                           0000082b _D1_OUT_OLD
0000085b _ENIVR                           0000082c _DIODECUR_ACT2
0000084e _ENVACT                          0000082d _FPS_LEVEL_SET
00000830 _ENVIR                           0000082e _Iindex
000008b6 _ENVIR_TEMP                      0000082f _BTIME
00000844 _ENVSET                          00000830 _ENVIR
00000821 _EQUAL                           00000831 _FanLaser_OUT
0000092a _ERROR                           00000832 _EXRFP
00000832 _EXRFP                           00000833 _FanLaser_OUT_OLD
0000081a _EXTDCUR2                        00000834 _Laserpi
00000819 _EXTDCUR                         00000835 _FPS_LEVEL
00000824 _EXTFREQ                         00000836 _wrf
000008e8 _EXT                             00000837 _T6
00000828 _EXTD                            00000838 _T9
0000081e _FCTR                            00000839 _T5
000008f8 _FPL                             0000083a _T4
0000082d _FPS_LEVEL_SET                   0000083b _MODE_SEL
00000835 _FPS_LEVEL                       0000083c _Sctr
0000084d _FPS_ON                          0000083d _T2
000008f4 _FPS                             0000083e _KEY
0000085a _FPS_ON_SET                      0000083f _fps_index
0000085d _FREQ                            00000840 _XTL2SET
0000080f _FUNCTION                        00000841 _T1
0000088e _FanLaser_DIF                    00000842 _RF_GATE_ON
000008b2 _FanLaser_ERROR                  00000843 _adTimerVar
00000888 _FanLaser_INT                    00000844 _ENVSET
000008b4 _FanLaser_OLD_ERROR              00000845 _fps_index_count
00000831 _FanLaser_OUT                    00000846 _index
00000833 _FanLaser_OUT_OLD                00000847 _XTL1SET
0000089a _FanLaser_PROP                   00000848 _RES_LASER_TEMP
00000813 _FirstStemp                      00000849 _MODE_DONE
000024b0 _First                           0000084a _securityenable
00002ae1 _GETTEMP                         0000084b _OLD_ERROR_L
00000910 _HOLD                            0000084c _ADJUST
00000904 _IDI                             0000084d _FPS_ON
0000086b _INITCUR2                        0000084e _ENVACT
00000869 _INITCUR                         0000084f _gate_pre
000008bc _INTEST                          00000850 _chr
00000882 _INTLIMIT                        00000851 _RES_ENVIR
0000082e _Iindex                          00000852 _NEW_LINE
000021e4 _Initialize                      00000853 _SIGN_FUN8SET
00000805 _InitingError                    00000854 _DIODECUR_ACT
00000856 _JumpInit                        00000855 _SIGN_POWERSET
0000083e _KEY                             00000856 _JumpInit
00000898 _Kd                              00000857 _Time
00000879 _Ki                              00000858 _EMPTY
000008ac _Kp                              00000859 _T10
000008aa _LASACT                          0000085a _FPS_ON_SET
000008ca _LASERPOWER                      0000085b _ENIVR
00000829 _LASER_SET                       0000085c _TFLAG
000008a0 _LASER_TEMP                      0000085d _FREQ
0000089c _LASSET                          0000085e _T14
000032cc _LCDRefresh                      0000085f _T15
00003283 _LCDSetup                        00000860 _T11
0000088c _LHT_DG                          00000861 _T12
000008c0 _LHT_D                           00000862 _T13
000008c8 _LHT_I                           00000863 _Diode_SetPt
000008b0 _LHT_IG                          00000865 _Diode_SetPt2
0000088a _LHT_OLDI                        00000867 _DspTmr
000008ae _LHT_PG                          00000869 _INITCUR
00000800 _LOOP                            0000086b _INITCUR2
00000834 _Laserpi                         0000086d _PULSERATE
00000873 _Laserptemp                      0000086f _DIODECUR
000008a8 _Laserptemp2                     00000871 _PWMTime
00000849 _MODE_DONE                       00000873 _Laserptemp
0000083b _MODE_SEL                        00000875 _DIODECUR2
00000852 _NEW_LINE                        00000877 _D1_SET
000008cc _OKK                             00000879 _Ki
00000931 _OKOKOK                          0000087b _DUMMY
000008a6 _OLD_ACT                         0000087d _D1_ACT
000008c6 _OLD_D1_INT                      00000880 _D1_DIF
0000084b _OLD_ERROR_L                     00000882 _INTLIMIT
00000884 _OLD_ERROR                       00000884 _OLD_ERROR
0000089e _OLD_FanLaser_INT                00000886 _wt
00000803 _OLD_KEYSW_ON                    00000888 _FanLaser_INT
00000814 _PLACE                           0000088a _LHT_OLDI
000008ba _POWERSET                        0000088c _LHT_DG
000008ec _PRF                             0000088e _FanLaser_DIF
0000086d _PULSERATE                       00000890 _DATA
000008f0 _PWM                             00000892 _D2_ACT
00000871 _PWMTime                         00000894 _RES_D1
00000818 _QSWEN                           00000896 _RDELTA
00000811 _QSWEXT                          00000898 _Kd
000008e0 _QSW                             0000089a _FanLaser_PROP
00000810 _QSWON                           0000089c _LASSET
00000822 _QUESTION                        0000089e _OLD_FanLaser_INT
00000896 _RDELTA                          000008a0 _LASER_TEMP
000008b8 _RDIF                            000008a2 _D1_PROP
0000080e _REMLOC                          000008a4 _D1_INT
00000815 _RESET                           000008a6 _OLD_ACT
00000894 _RES_D1                          000008a8 _Laserptemp2
00000851 _RES_ENVIR                       000008aa _LASACT
00000848 _RES_LASER_TEMP                  000008ac _Kp
00000842 _RF_GATE_ON                      000008ae _LHT_PG
00000812 _RF_OFF                          000008b0 _LHT_IG
00000da7 _RS232_RX                        000008b2 _FanLaser_ERROR
00000908 _RST                             000008b4 _FanLaser_OLD_ERROR
000030b8 _ReadDallas2                     000008b6 _ENVIR_TEMP
000030fa _ReadData                        000008b8 _RDIF
00003005 _ReadDatax                       000008ba _POWERSET
0000081b _SHTON                           000008bc _INTEST
000008e4 _SHT                             000008be _TEMP
00000853 _SIGN_FUN8SET                    000008c0 _LHT_D
00000855 _SIGN_POWERSET                   000008c2 _D1_ERROR
0000083c _Sctr                            000008c4 _D2_SET
00000806 _SecurityIniting                 000008c6 _OLD_D1_INT
0000080c _Sign_2Min                       000008c8 _LHT_I
0000080d _Sign_8Min                       000008ca _LASERPOWER
00000859 _T10                             000008cc _OKK
00000860 _T11                             000008d0 _TLA
00000861 _T12                             000008d4 _TK1
00000862 _T13                             000008d8 _TEV
0000085e _T14                             000008dc _DCL
0000085f _T15                             000008e0 _QSW
00000841 _T1                              000008e4 _SHT
0000083d _T2                              000008e8 _EXT
0000083a _T4                              000008ec _PRF
00000839 _T5                              000008f0 _PWM
00000837 _T6                              000008f4 _FPS
00000838 _T9                              000008f8 _FPL
00000900 _TDI                             000008fc _TK2
00000d52 _TEMPTBL1                        00000900 _TDI
000008be _TEMP                            00000904 _IDI
000008d8 _TEV                             00000908 _RST
0000085c _TFLAG                           0000090c _DIO
000008d4 _TK1                             00000910 _HOLD
000008fc _TK2                             00000916 _msg_globe
000008d0 _TLA                             0000091c _TURN_ON
00000801 _TPFLAG                          00000923 _TURN_OFF
00000923 _TURN_OFF                        0000092a _ERROR
0000091c _TURN_ON                         00000931 _OKOKOK
0000080b _TimeC_8Min                      00000938 _msg15
00000857 _Time                            00000940 _msg14
0000080a _TimeC_2Min                      00000949 _fps
00000809 _TimeC_Min                       00000953 _msg25
00000808 _TimeC_Sec                       00000966 _msg31
0000081c _UPDRAT                          00000979 _msg24
00002fa0 _WriteDallas2                    0000098d _msg16
00002ec7 _WriteDatax                      000009a1 _msg23
0000318e _WriteData                       000009c4 _msg20
00000804 _WriteFlag                       000009e7 _msg21
00000825 _XTL1ACT                         00000a0b _msg6
00000847 _XTL1SET                         00000a2f _msg7
00000827 _XTL2ACT                         00000a53 _msg12
00000840 _XTL2SET                         00000a77 _msg28
00000820 _ZERO                            00000a9b _msg8
00000028 __STACK_SIZE                     00000abf _msg32
00000d86 __cleanup_ptr                    00000ae3 _msg29
00003779 _abort                           00000b07 _msg11
00000843 _adTimerVar                      00000b2c _msg17
000000b5 _alarmAction                     00000b51 _msg19
0000375a _atexit                          00000b76 _msg18
00000dc1 _buffer_index                    00000b9b _msg30
00003705 _c_int0                          00000bc1 _msg13
00000850 _chr                             00000be7 _msg4
00001293 _clearScreen                     00000c0f _msg10
00000816 _clearWarning                    00000c37 _msg27
00000044 _clearstring                     00000c5f _msg5
0000022f _defaultAction                   00000c87 _msg9
00001134 _diodeAction                     00000caf _msg3
000011d3 _diodeAction_1                   00000cd7 _msg1
000024e8 _dspfun                          00000d00 _msg2
000013c6 _echo2                           00000d29 _msg26
000013b2 _echo                            00000d52 _TEMPTBL1
00000db2 _echo_msg                        00000d86 __cleanup_ptr
0000372c _exit                            00000da7 _RS232_RX
00003929 _f$$error                        00000db2 _echo_msg
00000845 _fps_index_count                 00000db8 _setting_value
0000083f _fps_index                       00000dbe _parameter
00000949 _fps                             00000dc1 _buffer_index
00000803 _functionAction                  00000dc2 end
00000823 _gate                            00001134 _diodeAction
0000084f _gate_pre                        000011d3 _diodeAction_1
00000846 _index                           00001293 _clearScreen
00000613 _keyswFirstOnAction              000012c0 _timer1_isr
0000012c _keyswOffAction                  000012fa _xint1
00001a12 _longToString                    0000130e _uarttr
00001ac9 _main                            0000132b _sciPolling
0000274f _message                         000013b2 _echo
00000c0f _msg10                           000013c6 _echo2
00000b07 _msg11                           0000140a _runQuery
00000a53 _msg12                           00001667 _runCommand
00000bc1 _msg13                           000019f3 _sciInit
00000940 _msg14                           00001a12 _longToString
00000938 _msg15                           00001a60 _stringToLong
0000098d _msg16                           00001ac9 _main
00000b2c _msg17                           000021e4 _Initialize
00000b76 _msg18                           000024b0 _First
00000b51 _msg19                           000024e8 _dspfun
00000cd7 _msg1                            00002738 _wait
000009c4 _msg20                           0000274f _message
000009e7 _msg21                           00002797 _num2ascii
000009a1 _msg23                           00002a60 _wrtstring
00000979 _msg24                           00002aa2 _wrtchrs
00000953 _msg25                           00002ae1 _GETTEMP
00000d29 _msg26                           00002bad _tempctl
00000c37 _msg27                           00002ec7 _WriteDatax
00000a77 _msg28                           00002fa0 _WriteDallas2
00000d00 _msg2                            00003005 _ReadDatax
00000ae3 _msg29                           000030b8 _ReadDallas2
00000b9b _msg30                           000030fa _ReadData
00000caf _msg3                            0000318e _WriteData
00000966 _msg31                           00003283 _LCDSetup
00000abf _msg32                           000032cc _LCDRefresh
00000be7 _msg4                            00003705 _c_int0
00000c5f _msg5                            0000372c _exit
00000a0b _msg6                            0000375a _atexit
00000a2f _msg7                            00003779 C$$EXIT
00000a9b _msg8                            00003779 _abort
00000c87 _msg9                            0000377c F$$ADD
00000916 _msg_globe                       00003830 F$$COMPARE
00002797 _num2ascii                       00003873 F$$EQ
00000dbe _parameter                       00003876 F$$NE
000000e9 _pulseRateAction                 00003879 F$$LE
00000186 _qswextAction                    0000387c F$$LT
0000008f _qswonAction                     0000387f F$$GE
000000cf _resetAction                     00003882 F$$GT
00001667 _runCommand                      00003885 F$$DIV
0000140a _runQuery                        00003929 _f$$error
000019f3 _sciInit                         0000392a F$$FTOI
0000132b _sciPolling                      0000396b F$$FTOL
0000084a _securityenable                  000039be F$$FTOU
00000db8 _setting_value                   00003a02 F$$ITOF
000001f2 _shtonAction                     00003a26 F$$LTOF
00000076 _shutterOff                      00003a4e F$$ULTOF
00000826 _smooth                          00003a57 F$$MUL
00003c9e _strcpy                          00003ad3 F$$SUB
00001a60 _stringToLong                    00003ae0 F$$UTOF
00003cb8 _strncmp                         00003af9 I$$DIV
00003cf9 _strncpy                         00003b35 I$$MOD
00002bad _tempctl                         00003b86 L$$DIVS
000012c0 _timer1_isr                      00003bc1 L$$MODS
0000130e _uarttr                          00003bf8 L$$DIVU
00002738 _wait                            00003c18 L$$MODU
00000836 _wrf                             00003c70 I$$SAVE
00002aa2 _wrtchrs                         00003c88 I$$REST
00002a60 _wrtstring                       00003c9e _strcpy
00000886 _wt                              00003cb8 _strncmp
000012fa _xint1                           00003cf9 _strncpy
00003db5 cinit                            00003d2d I$$UDIV
00000300 edata                            00003d53 I$$UMOD
00000dc2 end                              00003db5 cinit
00003db5 etext                            00003db5 etext
ffffffff pinit                            ffffffff pinit

[304 symbols]
